Archive member included to satisfy reference by file (symbol)

../../libDaisy//build/libdaisy.a(daisy_patch_sm.o)
                              build/ShyTest.o (daisy::patch_sm::DaisyPatchSM::Init())
../../libDaisy//build/libdaisy.a(codec_pcm3060.o)
                              ../../libDaisy//build/libdaisy.a(daisy_patch_sm.o) (daisy::Pcm3060::Init(daisy::I2CHandle))
../../libDaisy//build/libdaisy.a(sdram.o)
                              ../../libDaisy//build/libdaisy.a(daisy_patch_sm.o) (SdramHandle::Init())
../../libDaisy//build/libdaisy.a(audio.o)
                              ../../libDaisy//build/libdaisy.a(daisy_patch_sm.o) (daisy::AudioHandle::Init(daisy::AudioHandle::Config const&, daisy::SaiHandle))
../../libDaisy//build/libdaisy.a(ctrl.o)
                              ../../libDaisy//build/libdaisy.a(daisy_patch_sm.o) (daisy::AnalogControl::Init(unsigned short*, float, bool, bool, float))
../../libDaisy//build/libdaisy.a(encoder.o)
                              build/patch_bay.o (daisy::Encoder::Init(dsy_gpio_pin, dsy_gpio_pin, dsy_gpio_pin, float))
../../libDaisy//build/libdaisy.a(gatein.o)
                              ../../libDaisy//build/libdaisy.a(daisy_patch_sm.o) (daisy::GateIn::Init(dsy_gpio_pin*, bool))
../../libDaisy//build/libdaisy.a(led.o)
                              build/patch_bay.o (daisy::Led::Init(dsy_gpio_pin, bool, float))
../../libDaisy//build/libdaisy.a(switch.o)
                              build/patch_bay.o (daisy::Switch::Init(dsy_gpio_pin, float))
../../libDaisy//build/libdaisy.a(adc.o)
                              ../../libDaisy//build/libdaisy.a(daisy_patch_sm.o) (daisy::AdcChannelConfig::InitSingle(dsy_gpio_pin))
../../libDaisy//build/libdaisy.a(dac.o)
                              ../../libDaisy//build/libdaisy.a(daisy_patch_sm.o) (daisy::DacHandle::Init(daisy::DacHandle::Config const&))
../../libDaisy//build/libdaisy.a(gpio.o)
                              ../../libDaisy//build/libdaisy.a(daisy_patch_sm.o) (dsy_gpio_init)
../../libDaisy//build/libdaisy.a(i2c.o)
                              build/patch_bay.o (daisy::I2CHandle::Init(daisy::I2CHandle::Config const&))
../../libDaisy//build/libdaisy.a(qspi.o)
                              ../../libDaisy//build/libdaisy.a(daisy_patch_sm.o) (daisy::QSPIHandle::Init(daisy::QSPIHandle::Config const&))
../../libDaisy//build/libdaisy.a(sai.o)
                              ../../libDaisy//build/libdaisy.a(daisy_patch_sm.o) (daisy::SaiHandle::Init(daisy::SaiHandle::Config const&))
../../libDaisy//build/libdaisy.a(sdmmc.o)
                              build/patch_bay.o (daisy::SdmmcHandler::Init(daisy::SdmmcHandler::Config const&))
../../libDaisy//build/libdaisy.a(system.o)
                              ../../libDaisy//build/libdaisy.a(encoder.o) (daisy::System::GetNow())
../../libDaisy//build/libdaisy.a(system_stm32h7xx.o)
                              build/startup_stm32h750xx.o (SystemInit)
../../libDaisy//build/libdaisy.a(usbd_conf.o)
                              ../../libDaisy//build/libdaisy.a(system.o) (hpcd_USB_OTG_HS)
../../libDaisy//build/libdaisy.a(usbh_conf.o)
                              ../../libDaisy//build/libdaisy.a(system.o) (hhcd_USB_OTG_HS)
../../libDaisy//build/libdaisy.a(hal_map.o)
                              ../../libDaisy//build/libdaisy.a(gpio.o) (dsy_hal_map_get_port)
../../libDaisy//build/libdaisy.a(stm32h7xx_hal.o)
                              ../../libDaisy//build/libdaisy.a(system.o) (HAL_Init)
../../libDaisy//build/libdaisy.a(stm32h7xx_hal_adc.o)
                              ../../libDaisy//build/libdaisy.a(adc.o) (HAL_ADC_ConfigChannel)
../../libDaisy//build/libdaisy.a(stm32h7xx_hal_adc_ex.o)
                              ../../libDaisy//build/libdaisy.a(adc.o) (HAL_ADCEx_Calibration_Start)
../../libDaisy//build/libdaisy.a(stm32h7xx_hal_cortex.o)
                              ../../libDaisy//build/libdaisy.a(stm32h7xx_hal.o) (HAL_NVIC_SetPriorityGrouping)
../../libDaisy//build/libdaisy.a(stm32h7xx_hal_dac.o)
                              ../../libDaisy//build/libdaisy.a(dac.o) (HAL_DAC_Init)
../../libDaisy//build/libdaisy.a(stm32h7xx_hal_dac_ex.o)
                              ../../libDaisy//build/libdaisy.a(stm32h7xx_hal_dac.o) (HAL_DACEx_DMAUnderrunCallbackCh2)
../../libDaisy//build/libdaisy.a(stm32h7xx_hal_dma.o)
                              ../../libDaisy//build/libdaisy.a(adc.o) (HAL_DMA_Init)
../../libDaisy//build/libdaisy.a(stm32h7xx_hal_gpio.o)
                              ../../libDaisy//build/libdaisy.a(sdram.o) (HAL_GPIO_Init)
../../libDaisy//build/libdaisy.a(stm32h7xx_hal_hcd.o)
                              ../../libDaisy//build/libdaisy.a(usbh_conf.o) (HAL_HCD_HC_Init)
../../libDaisy//build/libdaisy.a(stm32h7xx_hal_i2c.o)
                              ../../libDaisy//build/libdaisy.a(i2c.o) (HAL_I2C_Init)
../../libDaisy//build/libdaisy.a(stm32h7xx_hal_i2c_ex.o)
                              ../../libDaisy//build/libdaisy.a(i2c.o) (HAL_I2CEx_ConfigAnalogFilter)
[...]
Memory Configuration

Name             Origin             Length             Attributes
FLASH            0x0000000008000000 0x0000000000020000 xr
DTCMRAM          0x0000000020000000 0x0000000000020000 xrw
SRAM             0x0000000024000000 0x0000000000080000 xrw
RAM_D2           0x0000000030000000 0x0000000000048000 xrw
RAM_D3           0x0000000038000000 0x0000000000010000 xrw
ITCMRAM          0x0000000000000000 0x0000000000010000 xrw
SDRAM            0x00000000c0000000 0x0000000004000000 xrw
QSPIFLASH        0x0000000090000000 0x0000000000800000 xr
*default*        0x0000000000000000 0xffffffffffffffff

Linker script and memory map

LOAD /opt/homebrew/Cellar/arm-none-eabi-gcc/10.3-2021.07/gcc/bin/../lib/gcc/arm-none-eabi/10.3.1/thumb/v7e-m+dp/hard/crti.o
LOAD /opt/homebrew/Cellar/arm-none-eabi-gcc/10.3-2021.07/gcc/bin/../lib/gcc/arm-none-eabi/10.3.1/thumb/v7e-m+dp/hard/crtbegin.o
LOAD /opt/homebrew/Cellar/arm-none-eabi-gcc/10.3-2021.07/gcc/bin/../lib/gcc/arm-none-eabi/10.3.1/../../../../arm-none-eabi/lib/thumb/v7e-m+dp/hard/crt0.o
LOAD build/startup_stm32h750xx.o
LOAD build/ShyTest.o
LOAD build/patch_bay.o
LOAD build/resources.o
LOAD build/fft_handler.o
LOAD ../../libDaisy//build/libdaisy.a
LOAD /opt/homebrew/Cellar/arm-none-eabi-gcc/10.3-2021.07/gcc/bin/../lib/gcc/arm-none-eabi/10.3.1/../../../../arm-none-eabi/lib/thumb/v7e-m+dp/hard/libnosys.a
LOAD ../../DaisySP//build/libdaisysp.a
LOAD /opt/homebrew/Cellar/arm-none-eabi-gcc/10.3-2021.07/gcc/bin/../lib/gcc/arm-none-eabi/10.3.1/../../../../arm-none-eabi/lib/thumb/v7e-m+dp/hard/libstdc++_nano.a
LOAD /opt/homebrew/Cellar/arm-none-eabi-gcc/10.3-2021.07/gcc/bin/../lib/gcc/arm-none-eabi/10.3.1/../../../../arm-none-eabi/lib/thumb/v7e-m+dp/hard/libm.a
LOAD /opt/homebrew/Cellar/arm-none-eabi-gcc/10.3-2021.07/gcc/bin/../lib/gcc/arm-none-eabi/10.3.1/../../../../arm-none-eabi/lib/thumb/v7e-m+dp/hard/libc_nano.a
START GROUP
LOAD /opt/homebrew/Cellar/arm-none-eabi-gcc/10.3-2021.07/gcc/bin/../lib/gcc/arm-none-eabi/10.3.1/thumb/v7e-m+dp/hard/libgcc.a
LOAD /opt/homebrew/Cellar/arm-none-eabi-gcc/10.3-2021.07/gcc/bin/../lib/gcc/arm-none-eabi/10.3.1/../../../../arm-none-eabi/lib/thumb/v7e-m+dp/hard/libc_nano.a
END GROUP
START GROUP
LOAD /opt/homebrew/Cellar/arm-none-eabi-gcc/10.3-2021.07/gcc/bin/../lib/gcc/arm-none-eabi/10.3.1/thumb/v7e-m+dp/hard/libgcc.a
LOAD /opt/homebrew/Cellar/arm-none-eabi-gcc/10.3-2021.07/gcc/bin/../lib/gcc/arm-none-eabi/10.3.1/../../../../arm-none-eabi/lib/thumb/v7e-m+dp/hard/libc_nano.a
LOAD /opt/homebrew/Cellar/arm-none-eabi-gcc/10.3-2021.07/gcc/bin/../lib/gcc/arm-none-eabi/10.3.1/../../../../arm-none-eabi/lib/thumb/v7e-m+dp/hard/libnosys.a
END GROUP
START GROUP
LOAD /opt/homebrew/Cellar/arm-none-eabi-gcc/10.3-2021.07/gcc/bin/../lib/gcc/arm-none-eabi/10.3.1/thumb/v7e-m+dp/hard/libgcc.a
LOAD /opt/homebrew/Cellar/arm-none-eabi-gcc/10.3-2021.07/gcc/bin/../lib/gcc/arm-none-eabi/10.3.1/../../../../arm-none-eabi/lib/thumb/v7e-m+dp/hard/libc_nano.a
LOAD /opt/homebrew/Cellar/arm-none-eabi-gcc/10.3-2021.07/gcc/bin/../lib/gcc/arm-none-eabi/10.3.1/../../../../arm-none-eabi/lib/thumb/v7e-m+dp/hard/libnosys.a
END GROUP
LOAD /opt/homebrew/Cellar/arm-none-eabi-gcc/10.3-2021.07/gcc/bin/../lib/gcc/arm-none-eabi/10.3.1/thumb/v7e-m+dp/hard/crtend.o
LOAD /opt/homebrew/Cellar/arm-none-eabi-gcc/10.3-2021.07/gcc/bin/../lib/gcc/arm-none-eabi/10.3.1/thumb/v7e-m+dp/hard/crtn.o
                0x0000000020020000                _estack = 0x20020000

.isr_vector     0x0000000008000000      0x298
                0x0000000008000000                . = ALIGN (0x4)
 *(.isr_vector)
 .isr_vector    0x0000000008000000      0x298 build/startup_stm32h750xx.o
                0x0000000008000000                g_pfnVectors
                0x0000000008000298                . = ALIGN (0x4)

.text           0x0000000008000298    0x14458
                0x0000000008000298                . = ALIGN (0x4)
                0x0000000008000298                _stext = .
 *(.text)
 .text          0x0000000008000298       0x40 /opt/homebrew/Cellar/arm-none-eabi-gcc/10.3-2021.07/gcc/bin/../lib/gcc/arm-none-eabi/10.3.1/thumb/v7e-m+dp/hard/crtbegin.o
 .text          0x00000000080002d8      0x378 /opt/homebrew/Cellar/arm-none-eabi-gcc/10.3-2021.07/gcc/bin/../lib/gcc/arm-none-eabi/10.3.1/thumb/v7e-m+dp/hard/libgcc.a(_arm_addsubdf3.o)
                0x00000000080002d8                __aeabi_drsub
                0x00000000080002e0                __subdf3
                0x00000000080002e0                __aeabi_dsub
                0x00000000080002e4                __aeabi_dadd
                0x00000000080002e4                __adddf3
                0x000000000800055c                __aeabi_ui2d
                0x000000000800055c                __floatunsidf
                0x000000000800057c                __floatsidf
                0x000000000800057c                __aeabi_i2d
                0x00000000080005a0                __extendsfdf2
                0x00000000080005a0                __aeabi_f2d
                0x00000000080005e4                __aeabi_ul2d
                0x00000000080005e4                __floatundidf
                0x00000000080005f4                __aeabi_l2d
                0x00000000080005f4                __floatdidf
 .text          0x0000000008000650       0x30 /opt/homebrew/Cellar/arm-none-eabi-gcc/10.3-2021.07/gcc/bin/../lib/gcc/arm-none-eabi/10.3.1/thumb/v7e-m+dp/hard/libgcc.a(_aeabi_uldivmod.o)
                0x0000000008000650                __aeabi_uldivmod
 .text          0x0000000008000680      0x2d0 /opt/homebrew/Cellar/arm-none-eabi-gcc/10.3-2021.07/gcc/bin/../lib/gcc/arm-none-eabi/10.3.1/thumb/v7e-m+dp/hard/libgcc.a(_udivmoddi4.o)
                0x0000000008000680                __udivmoddi4
 .text          0x0000000008000950        0x4 /opt/homebrew/Cellar/arm-none-eabi-gcc/10.3-2021.07/gcc/bin/../lib/gcc/arm-none-eabi/10.3.1/thumb/v7e-m+dp/hard/libgcc.a(_dvmd_tls.o)
                0x0000000008000950                __aeabi_ldiv0
                0x0000000008000950                __aeabi_idiv0
 *(.text*)
 .text.Default_Handler
                0x0000000008000954        0x4 build/startup_stm32h750xx.o
                0x0000000008000954                SAI1_IRQHandler
                0x0000000008000954                HASH_RNG_IRQHandler
                0x0000000008000954                EXTI2_IRQHandler
                0x0000000008000954                TIM8_CC_IRQHandler
                0x0000000008000954                HRTIM1_Master_IRQHandler
                0x0000000008000954                DebugMon_Handler
                0x0000000008000954                TIM1_CC_IRQHandler
                0x0000000008000954                BDMA_Channel6_IRQHandler
                0x0000000008000954                DMA2_Stream5_IRQHandler
                0x0000000008000954                HRTIM1_FLT_IRQHandler
                0x0000000008000954                JPEG_IRQHandler
                0x0000000008000954                BDMA_Channel1_IRQHandler
                0x0000000008000954                HRTIM1_TIMD_IRQHandler
                0x0000000008000954                TAMP_STAMP_IRQHandler
                0x0000000008000954                PendSV_Handler
                0x0000000008000954                NMI_Handler
                0x0000000008000954                EXTI3_IRQHandler
                0x0000000008000954                LPTIM4_IRQHandler
                0x0000000008000954                TIM8_TRG_COM_TIM14_IRQHandler
                0x0000000008000954                LPTIM2_IRQHandler
                0x0000000008000954                DFSDM1_FLT1_IRQHandler
                0x0000000008000954                DMAMUX2_OVR_IRQHandler
                0x0000000008000954                TIM8_UP_TIM13_IRQHandler
                0x0000000008000954                I2C3_ER_IRQHandler
                0x0000000008000954                DFSDM1_FLT2_IRQHandler
                0x0000000008000954                MDMA_IRQHandler
                0x0000000008000954                LPTIM3_IRQHandler
                0x0000000008000954                HSEM1_IRQHandler
                0x0000000008000954                EXTI0_IRQHandler
                0x0000000008000954                FPU_IRQHandler
                0x0000000008000954                OTG_HS_WKUP_IRQHandler
                0x0000000008000954                FDCAN1_IT1_IRQHandler
                0x0000000008000954                UsageFault_Handler
                0x0000000008000954                LTDC_ER_IRQHandler
                0x0000000008000954                HRTIM1_TIME_IRQHandler
                0x0000000008000954                DCMI_IRQHandler
                0x0000000008000954                HRTIM1_TIMC_IRQHandler
                0x0000000008000954                SAI2_IRQHandler
                0x0000000008000954                DFSDM1_FLT3_IRQHandler
                0x0000000008000954                TIM17_IRQHandler
                0x0000000008000954                CRYP_IRQHandler
                0x0000000008000954                BDMA_Channel7_IRQHandler
                0x0000000008000954                LPTIM5_IRQHandler
                0x0000000008000954                ADC3_IRQHandler
                0x0000000008000954                BDMA_Channel2_IRQHandler
                0x0000000008000954                DMAMUX1_OVR_IRQHandler
                0x0000000008000954                TIM16_IRQHandler
                0x0000000008000954                BDMA_Channel5_IRQHandler
                0x0000000008000954                RCC_IRQHandler
                0x0000000008000954                TIM8_BRK_TIM12_IRQHandler
                0x0000000008000954                TIM1_TRG_COM_IRQHandler
                0x0000000008000954                Default_Handler
                0x0000000008000954                ECC_IRQHandler
                0x0000000008000954                CEC_IRQHandler
                0x0000000008000954                EXTI15_10_IRQHandler
                0x0000000008000954                BDMA_Channel0_IRQHandler
                0x0000000008000954                ADC_IRQHandler
                0x0000000008000954                DMA1_Stream7_IRQHandler
                0x0000000008000954                HRTIM1_TIMA_IRQHandler
                0x0000000008000954                TIM7_IRQHandler
                0x0000000008000954                DMA2_Stream7_IRQHandler
                0x0000000008000954                TIM15_IRQHandler
                0x0000000008000954                PVD_AVD_IRQHandler
                0x0000000008000954                EXTI9_5_IRQHandler
                0x0000000008000954                RTC_WKUP_IRQHandler
                0x0000000008000954                LTDC_IRQHandler
                0x0000000008000954                SAI3_IRQHandler
                0x0000000008000954                ETH_WKUP_IRQHandler
                0x0000000008000954                SPDIF_RX_IRQHandler
                0x0000000008000954                MemManage_Handler
                0x0000000008000954                SVC_Handler
                0x0000000008000954                CRS_IRQHandler
                0x0000000008000954                EXTI4_IRQHandler
                0x0000000008000954                HRTIM1_TIMB_IRQHandler
                0x0000000008000954                FDCAN2_IT1_IRQHandler
                0x0000000008000954                ETH_IRQHandler
                0x0000000008000954                TIM1_UP_IRQHandler
                0x0000000008000954                BDMA_Channel4_IRQHandler
                0x0000000008000954                WWDG_IRQHandler
                0x0000000008000954                SPI6_IRQHandler
                0x0000000008000954                I2C4_EV_IRQHandler
                0x0000000008000954                MDIOS_IRQHandler
                0x0000000008000954                FDCAN2_IT0_IRQHandler
                0x0000000008000954                FDCAN1_IT0_IRQHandler
                0x0000000008000954                OTG_FS_WKUP_IRQHandler
                0x0000000008000954                DMA2D_IRQHandler
                0x0000000008000954                TIM1_BRK_IRQHandler
                0x0000000008000954                EXTI1_IRQHandler
                0x0000000008000954                SDMMC2_IRQHandler
                0x0000000008000954                OTG_FS_EP1_OUT_IRQHandler
                0x0000000008000954                BDMA_Channel3_IRQHandler
                0x0000000008000954                MDIOS_WKUP_IRQHandler
                0x0000000008000954                DFSDM1_FLT0_IRQHandler
                0x0000000008000954                SAI4_IRQHandler
                0x0000000008000954                I2C2_ER_IRQHandler
                0x0000000008000954                FLASH_IRQHandler
                0x0000000008000954                BusFault_Handler
                0x0000000008000954                OTG_FS_IRQHandler
                0x0000000008000954                WAKEUP_PIN_IRQHandler
                0x0000000008000954                OTG_FS_EP1_IN_IRQHandler
                0x0000000008000954                I2C1_ER_IRQHandler
                0x0000000008000954                FMC_IRQHandler
                0x0000000008000954                FDCAN_CAL_IRQHandler
                0x0000000008000954                SWPMI1_IRQHandler
                0x0000000008000954                COMP1_IRQHandler
                0x0000000008000954                LPTIM1_IRQHandler
                0x0000000008000954                I2C4_ER_IRQHandler
                0x0000000008000954                DMA2_Stream6_IRQHandler
                0x0000000008000954                RTC_Alarm_IRQHandler
 .text.Reset_Handler
                0x0000000008000958       0x44 build/startup_stm32h750xx.o
                0x0000000008000958                Reset_Handler
 .text._ZN5daisy8patch_sm12DaisyPatchSMD2Ev
                0x000000000800099c        0x4 build/ShyTest.o
                0x000000000800099c                daisy::patch_sm::DaisyPatchSM::~DaisyPatchSM()
                0x000000000800099c                daisy::patch_sm::DaisyPatchSM::~DaisyPatchSM()
 .text._ZN5daisy11OledDisplayINS_13SSD130xDriverILj128ELj64ENS_19SSD130xI2CTransportEEEED2Ev
                0x00000000080009a0        0x4 build/ShyTest.o
                0x00000000080009a0                daisy::OledDisplay<daisy::SSD130xDriver<128u, 64u, daisy::SSD130xI2CTransport> >::~OledDisplay()
                0x00000000080009a0                daisy::OledDisplay<daisy::SSD130xDriver<128u, 64u, daisy::SSD130xI2CTransport> >::~OledDisplay()
 .text._ZN5daisy9Patch_BayD2Ev
                0x00000000080009a4        0x4 build/ShyTest.o
                0x00000000080009a4                daisy::Patch_Bay::~Patch_Bay()
                0x00000000080009a4                daisy::Patch_Bay::~Patch_Bay()
 .text._ZNK5daisy11OledDisplayINS_13SSD130xDriverILj128ELj64ENS_19SSD130xI2CTransportEEEE6HeightEv
                0x00000000080009a8        0x4 build/ShyTest.o
                0x00000000080009a8                daisy::OledDisplay<daisy::SSD130xDriver<128u, 64u, daisy::SSD130xI2CTransport> >::Height() const
 .text._ZNK5daisy11OledDisplayINS_13SSD130xDriverILj128ELj64ENS_19SSD130xI2CTransportEEEE5WidthEv
                0x00000000080009ac        0x4 build/ShyTest.o
                0x00000000080009ac                daisy::OledDisplay<daisy::SSD130xDriver<128u, 64u, daisy::SSD130xI2CTransport> >::Width() const
 .text._ZN5daisy11OledDisplayINS_13SSD130xDriverILj128ELj64ENS_19SSD130xI2CTransportEEEE4FillEb
                0x00000000080009b0       0x10 build/ShyTest.o
                0x00000000080009b0                daisy::OledDisplay<daisy::SSD130xDriver<128u, 64u, daisy::SSD130xI2CTransport> >::Fill(bool)
 .text._ZN6ShyFFTIfLj1024E14RotationPhasorED2Ev
                0x00000000080009c0        0x4 build/ShyTest.o
                0x00000000080009c0                ShyFFT<float, 1024u, RotationPhasor>::~ShyFFT()
                0x00000000080009c0                ShyFFT<float, 1024u, RotationPhasor>::~ShyFFT()
 .text._ZN5daisy11OledDisplayINS_13SSD130xDriverILj128ELj64ENS_19SSD130xI2CTransportEEEED0Ev
                0x00000000080009c4       0x10 build/ShyTest.o
                0x00000000080009c4                daisy::OledDisplay<daisy::SSD130xDriver<128u, 64u, daisy::SSD130xI2CTransport> >::~OledDisplay()
 .text._ZN16InverseTransformIfLj10E14RotationPhasorIfLj10EEEclEPfS3_PKhPS1_.isra.0
                0x00000000080009d4      0x2f0 build/ShyTest.o
 .text._ZN5daisy11OledDisplayINS_13SSD130xDriverILj128ELj64ENS_19SSD130xI2CTransportEEEE6UpdateEv
                0x0000000008000cc4       0xac build/ShyTest.o
                0x0000000008000cc4                daisy::OledDisplay<daisy::SSD130xDriver<128u, 64u, daisy::SSD130xI2CTransport> >::Update()
 .text._ZN15DirectTransformIfLj10E14RotationPhasorIfLj10EEEclEPfS3_PKhPS1_.isra.0
                0x0000000008000d70      0x2e4 build/ShyTest.o
 .text._Z13AudioCallbackPKPKfPPfj
                0x0000000008001054       0xf8 build/ShyTest.o
                0x0000000008001054                AudioCallback(float const* const*, float**, unsigned int)
 .text._ZN5daisy25OneBitGraphicsDisplayImplINS_11OledDisplayINS_13SSD130xDriverILj128ELj64ENS_19SSD130xI2CTransportEEEEEE11WriteStringEPKc7FontDefb
                0x000000000800114c      0x1c0 build/ShyTest.o
                0x000000000800114c                daisy::OneBitGraphicsDisplayImpl<daisy::OledDisplay<daisy::SSD130xDriver<128u, 64u, daisy::SSD130xI2CTransport> > >::WriteString(char const*, FontDef, bool)
 .text._ZN5daisy25OneBitGraphicsDisplayImplINS_11OledDisplayINS_13SSD130xDriverILj128ELj64ENS_19SSD130xI2CTransportEEEEEE9WriteCharEc7FontDefb
                0x000000000800130c      0x1a0 build/ShyTest.o
                0x000000000800130c                daisy::OneBitGraphicsDisplayImpl<daisy::OledDisplay<daisy::SSD130xDriver<128u, 64u, daisy::SSD130xI2CTransport> > >::WriteChar(char, FontDef, bool)
 .text._ZN5daisy25OneBitGraphicsDisplayImplINS_11OledDisplayINS_13SSD130xDriverILj128ELj64ENS_19SSD130xI2CTransportEEEEEE18WriteStringAlignedEPKcRK7FontDefNS_9RectangleENS_9AlignmentEb
                0x00000000080014ac      0x3ec build/ShyTest.o
                0x00000000080014ac                daisy::OneBitGraphicsDisplayImpl<daisy::OledDisplay<daisy::SSD130xDriver<128u, 64u, daisy::SSD130xI2CTransport> > >::WriteStringAligned(char const*, FontDef const&, daisy::Rectangle, daisy::Alignment, bool)
 .text._ZN5daisy11OledDisplayINS_13SSD130xDriverILj128ELj64ENS_19SSD130xI2CTransportEEEE9DrawPixelEjjb
                0x0000000008001898       0x44 build/ShyTest.o
                0x0000000008001898                daisy::OledDisplay<daisy::SSD130xDriver<128u, 64u, daisy::SSD130xI2CTransport> >::DrawPixel(unsigned int, unsigned int, bool)
 .text._ZN5daisy25OneBitGraphicsDisplayImplINS_11OledDisplayINS_13SSD130xDriverILj128ELj64ENS_19SSD130xI2CTransportEEEEEE8DrawLineEjjjjb
                0x00000000080018dc       0xfc build/ShyTest.o
                0x00000000080018dc                daisy::OneBitGraphicsDisplayImpl<daisy::OledDisplay<daisy::SSD130xDriver<128u, 64u, daisy::SSD130xI2CTransport> > >::DrawLine(unsigned int, unsigned int, unsigned int, unsigned int, bool)
 .text._ZN5daisy25OneBitGraphicsDisplayImplINS_11OledDisplayINS_13SSD130xDriverILj128ELj64ENS_19SSD130xI2CTransportEEEEEE7DrawArcEjjjiib
                0x00000000080019d8      0x478 build/ShyTest.o
                0x00000000080019d8                daisy::OneBitGraphicsDisplayImpl<daisy::OledDisplay<daisy::SSD130xDriver<128u, 64u, daisy::SSD130xI2CTransport> > >::DrawArc(unsigned int, unsigned int, unsigned int, int, int, bool)
 .text._ZN5daisy25OneBitGraphicsDisplayImplINS_11OledDisplayINS_13SSD130xDriverILj128ELj64ENS_19SSD130xI2CTransportEEEEEE8DrawRectEjjjjbb
                0x0000000008001e50      0x418 build/ShyTest.o
                0x0000000008001e50                daisy::OneBitGraphicsDisplayImpl<daisy::OledDisplay<daisy::SSD130xDriver<128u, 64u, daisy::SSD130xI2CTransport> > >::DrawRect(unsigned int, unsigned int, unsigned int, unsigned int, bool, bool)
 .text.startup.main
                0x0000000008002268       0xe8 build/ShyTest.o
                0x0000000008002268                main
 .text.startup._GLOBAL__sub_I_hw
                0x0000000008002350       0x54 build/ShyTest.o
 .text._ZN5daisy9Patch_Bay11InitDisplayEv
                0x00000000080023a4      0x3ac build/patch_bay.o
                0x00000000080023a4                daisy::Patch_Bay::InitDisplay()
 .text._ZN5daisy9Patch_Bay4InitEv
                0x0000000008002750       0x7c build/patch_bay.o
                0x0000000008002750                daisy::Patch_Bay::Init()
 .text._ZN5daisy8patch_sm12DaisyPatchSM4Impl19InternalDacCallbackEPPtj
                0x00000000080027cc       0xa8 ../../libDaisy//build/libdaisy.a(daisy_patch_sm.o)
                0x00000000080027cc                daisy::patch_sm::DaisyPatchSM::Impl::InternalDacCallback(unsigned short**, unsigned int)
 .text._ZN5daisy8patch_sm12DaisyPatchSM4InitEv
                0x0000000008002874      0x27c ../../libDaisy//build/libdaisy.a(daisy_patch_sm.o)
                0x0000000008002874                daisy::patch_sm::DaisyPatchSM::Init()
 .text._ZN5daisy8patch_sm12DaisyPatchSM10StartAudioEPFvPKPKfPPfjE
                0x0000000008002af0        0x8 ../../libDaisy//build/libdaisy.a(daisy_patch_sm.o)
                0x0000000008002af0                daisy::patch_sm::DaisyPatchSM::StartAudio(void (*)(float const* const*, float**, unsigned int))
 .text._ZN5daisy8patch_sm12DaisyPatchSM17SetAudioBlockSizeEj
                0x0000000008002af8       0x54 ../../libDaisy//build/libdaisy.a(daisy_patch_sm.o)
                0x0000000008002af8                daisy::patch_sm::DaisyPatchSM::SetAudioBlockSize(unsigned int)
 .text._ZN5daisy8patch_sm12DaisyPatchSM18SetAudioSampleRateENS_9SaiHandle6Config10SampleRateE
                0x0000000008002b4c       0x54 ../../libDaisy//build/libdaisy.a(daisy_patch_sm.o)
                0x0000000008002b4c                daisy::patch_sm::DaisyPatchSM::SetAudioSampleRate(daisy::SaiHandle::Config::SampleRate)
 .text._ZN5daisy8patch_sm12DaisyPatchSM21ProcessAnalogControlsEv
                0x0000000008002ba0       0x18 ../../libDaisy//build/libdaisy.a(daisy_patch_sm.o)
                0x0000000008002ba0                daisy::patch_sm::DaisyPatchSM::ProcessAnalogControls()
 .text._ZN5daisy8patch_sm12DaisyPatchSM22ProcessDigitalControlsEv
                0x0000000008002bb8        0x4 ../../libDaisy//build/libdaisy.a(daisy_patch_sm.o)
                0x0000000008002bb8                daisy::patch_sm::DaisyPatchSM::ProcessDigitalControls()
 .text._ZN5daisy8patch_sm12DaisyPatchSM11GetAdcValueEi
                0x0000000008002bbc        0xc ../../libDaisy//build/libdaisy.a(daisy_patch_sm.o)
                0x0000000008002bbc                daisy::patch_sm::DaisyPatchSM::GetAdcValue(int)
 .text.startup._GLOBAL__sub_I__ZN5daisy8patch_sm12DaisyPatchSM2A1E
                0x0000000008002bc8       0x28 ../../libDaisy//build/libdaisy.a(daisy_patch_sm.o)
 .text._ZN5daisy7Pcm30604InitENS_9I2CHandleE
                0x0000000008002bf0      0x16c ../../libDaisy//build/libdaisy.a(codec_pcm3060.o)
                0x0000000008002bf0                daisy::Pcm3060::Init(daisy::I2CHandle)
 .text._ZN11SdramHandle10DeviceInitEv
                0x0000000008002d5c       0x98 ../../libDaisy//build/libdaisy.a(sdram.o)
                0x0000000008002d5c                SdramHandle::DeviceInit()
 .text._ZN11SdramHandle4InitEv
                0x0000000008002df4       0x7c ../../libDaisy//build/libdaisy.a(sdram.o)
                0x0000000008002df4                SdramHandle::Init()
 .text.HAL_SDRAM_MspInit
                0x0000000008002e70      0x1a8 ../../libDaisy//build/libdaisy.a(sdram.o)
                0x0000000008002e70                HAL_SDRAM_MspInit
 .text._ZN5daisy11AudioHandle4Impl16InternalCallbackEPlS2_j
                0x0000000008003018      0xbbc ../../libDaisy//build/libdaisy.a(audio.o)
                0x0000000008003018                daisy::AudioHandle::Impl::InternalCallback(long*, long*, unsigned int)
 .text._ZN5daisy11AudioHandle4InitERKNS0_6ConfigENS_9SaiHandleE
                0x0000000008003bd4       0x70 ../../libDaisy//build/libdaisy.a(audio.o)
                0x0000000008003bd4                daisy::AudioHandle::Init(daisy::AudioHandle::Config const&, daisy::SaiHandle)
 .text._ZNK5daisy11AudioHandle9GetConfigEv
                0x0000000008003c44        0x8 ../../libDaisy//build/libdaisy.a(audio.o)
                0x0000000008003c44                daisy::AudioHandle::GetConfig() const
 .text._ZN5daisy11AudioHandle12SetBlockSizeEj
                0x0000000008003c4c       0x1c ../../libDaisy//build/libdaisy.a(audio.o)
                0x0000000008003c4c                daisy::AudioHandle::SetBlockSize(unsigned int)
 .text._ZN5daisy11AudioHandle13GetSampleRateEv
                0x0000000008003c68        0x8 ../../libDaisy//build/libdaisy.a(audio.o)
                0x0000000008003c68                daisy::AudioHandle::GetSampleRate()
 .text._ZN5daisy11AudioHandle13SetSampleRateENS_9SaiHandle6Config10SampleRateE
                0x0000000008003c70       0x88 ../../libDaisy//build/libdaisy.a(audio.o)
                0x0000000008003c70                daisy::AudioHandle::SetSampleRate(daisy::SaiHandle::Config::SampleRate)
 .text._ZN5daisy11AudioHandle5StartEPFvPKPKfPPfjE
                0x0000000008003cf8       0x44 ../../libDaisy//build/libdaisy.a(audio.o)
                0x0000000008003cf8                daisy::AudioHandle::Start(void (*)(float const* const*, float**, unsigned int))
 .text.startup._GLOBAL__sub_I__ZN5daisy11AudioHandle4Impl4InitENS0_6ConfigENS_9SaiHandleE
                0x0000000008003d3c       0x24 ../../libDaisy//build/libdaisy.a(audio.o)
 .text._ZN5daisy13AnalogControl4InitEPtfbbf
                0x0000000008003d60       0x64 ../../libDaisy//build/libdaisy.a(ctrl.o)
                0x0000000008003d60                daisy::AnalogControl::Init(unsigned short*, float, bool, bool, float)
 .text._ZN5daisy13AnalogControl13InitBipolarCvEPtf
                0x0000000008003dc4       0x6c ../../libDaisy//build/libdaisy.a(ctrl.o)
                0x0000000008003dc4                daisy::AnalogControl::InitBipolarCv(unsigned short*, float)
 .text._ZN5daisy13AnalogControl7ProcessEv
                0x0000000008003e30       0x48 ../../libDaisy//build/libdaisy.a(ctrl.o)
                0x0000000008003e30                daisy::AnalogControl::Process()
 .text._ZN5daisy13AnalogControl13SetSampleRateEf
                0x0000000008003e78       0x58 ../../libDaisy//build/libdaisy.a(ctrl.o)
                0x0000000008003e78                daisy::AnalogControl::SetSampleRate(float)
 .text._ZN5daisy7Encoder4InitE12dsy_gpio_pinS1_S1_f
                0x0000000008003ed0       0x60 ../../libDaisy//build/libdaisy.a(encoder.o)
                0x0000000008003ed0                daisy::Encoder::Init(dsy_gpio_pin, dsy_gpio_pin, dsy_gpio_pin, float)
 .text._ZN5daisy6GateIn4InitEP12dsy_gpio_pinb
                0x0000000008003f30       0x14 ../../libDaisy//build/libdaisy.a(gatein.o)
                0x0000000008003f30                daisy::GateIn::Init(dsy_gpio_pin*, bool)
 .text._ZN5daisy6Switch4InitE12dsy_gpio_pinf
                0x0000000008003f44       0x34 ../../libDaisy//build/libdaisy.a(switch.o)
                0x0000000008003f44                daisy::Switch::Init(dsy_gpio_pin, float)
 .text._ZN5daisy16AdcChannelConfig10InitSingleE12dsy_gpio_pin
                0x0000000008003f78       0x1c ../../libDaisy//build/libdaisy.a(adc.o)
                0x0000000008003f78                daisy::AdcChannelConfig::InitSingle(dsy_gpio_pin)
 .text._ZN5daisy9AdcHandle4InitEPNS_16AdcChannelConfigEjNS0_12OverSamplingE
                0x0000000008003f94      0x3c8 ../../libDaisy//build/libdaisy.a(adc.o)
                0x0000000008003f94                daisy::AdcHandle::Init(daisy::AdcChannelConfig*, unsigned int, daisy::AdcHandle::OverSampling)
 .text._ZN5daisy9AdcHandle5StartEv
                0x000000000800435c       0x2c ../../libDaisy//build/libdaisy.a(adc.o)
                0x000000000800435c                daisy::AdcHandle::Start()
 .text._ZNK5daisy9AdcHandle6GetPtrEh
                0x0000000008004388       0x14 ../../libDaisy//build/libdaisy.a(adc.o)
                0x0000000008004388                daisy::AdcHandle::GetPtr(unsigned char) const
 .text.HAL_ADC_MspInit
                0x000000000800439c       0x98 ../../libDaisy//build/libdaisy.a(adc.o)
                0x000000000800439c                HAL_ADC_MspInit
 .text.DMA1_Stream2_IRQHandler
                0x0000000008004434        0xc ../../libDaisy//build/libdaisy.a(adc.o)
                0x0000000008004434                DMA1_Stream2_IRQHandler
 .text.HAL_ADC_ConvCpltCallback
                0x0000000008004440      0x148 ../../libDaisy//build/libdaisy.a(adc.o)
                0x0000000008004440                HAL_ADC_ConvCpltCallback
 .text.HAL_ADC_ErrorCallback
                0x0000000008004588        0x4 ../../libDaisy//build/libdaisy.a(adc.o)
                0x0000000008004588                HAL_ADC_ErrorCallback
 .text.HAL_DAC_MspInit
                0x000000000800458c      0x15c ../../libDaisy//build/libdaisy.a(dac.o)
                0x000000000800458c                HAL_DAC_MspInit
 .text.DMA2_Stream0_IRQHandler
                0x00000000080046e8        0xc ../../libDaisy//build/libdaisy.a(dac.o)
                0x00000000080046e8                DMA2_Stream0_IRQHandler
 .text.DMA2_Stream1_IRQHandler
                0x00000000080046f4        0xc ../../libDaisy//build/libdaisy.a(dac.o)
                0x00000000080046f4                DMA2_Stream1_IRQHandler
 .text.TIM6_DAC_IRQHandler
                0x0000000008004700       0x1c ../../libDaisy//build/libdaisy.a(dac.o)
                0x0000000008004700                TIM6_DAC_IRQHandler
 .text.HAL_DAC_ConvCpltCallbackCh1
                0x000000000800471c       0x60 ../../libDaisy//build/libdaisy.a(dac.o)
                0x000000000800471c                HAL_DAC_ConvCpltCallbackCh1
 .text.HAL_DAC_ConvHalfCpltCallbackCh1
                0x000000000800477c       0x54 ../../libDaisy//build/libdaisy.a(dac.o)
                0x000000000800477c                HAL_DAC_ConvHalfCpltCallbackCh1
 .text.HAL_DACEx_ConvHalfCpltCallbackCh2
                0x00000000080047d0       0x2c ../../libDaisy//build/libdaisy.a(dac.o)
                0x00000000080047d0                HAL_DACEx_ConvHalfCpltCallbackCh2
 .text.HAL_DACEx_ConvCpltCallbackCh2
                0x00000000080047fc       0x34 ../../libDaisy//build/libdaisy.a(dac.o)
                0x00000000080047fc                HAL_DACEx_ConvCpltCallbackCh2
 .text._ZN5daisy9DacHandle4InitERKNS0_6ConfigE
                0x0000000008004830       0xfc ../../libDaisy//build/libdaisy.a(dac.o)
                0x0000000008004830                daisy::DacHandle::Init(daisy::DacHandle::Config const&)
 .text._ZN5daisy9DacHandle5StartEPtS1_jPFvPS1_jE
                0x000000000800492c       0x6c ../../libDaisy//build/libdaisy.a(dac.o)
                0x000000000800492c                daisy::DacHandle::Start(unsigned short*, unsigned short*, unsigned int, void (*)(unsigned short**, unsigned int))
 .text._ZN5daisy9DacHandle4StopEv
                0x0000000008004998       0x40 ../../libDaisy//build/libdaisy.a(dac.o)
                0x0000000008004998                daisy::DacHandle::Stop()
 .text.dsy_gpio_init
                0x00000000080049d8      0x1b8 ../../libDaisy//build/libdaisy.a(gpio.o)
                0x00000000080049d8                dsy_gpio_init
 .text.dsy_gpio_write
                0x0000000008004b90       0x24 ../../libDaisy//build/libdaisy.a(gpio.o)
                0x0000000008004b90                dsy_gpio_write
 .text._ZN5daisy9I2CHandle4Impl8InitPinsEv
                0x0000000008004bb4       0x58 ../../libDaisy//build/libdaisy.a(i2c.o)
                0x0000000008004bb4                daisy::I2CHandle::Impl::InitPins()
 .text.HAL_I2C_MspInit
                0x0000000008004c0c      0x1b4 ../../libDaisy//build/libdaisy.a(i2c.o)
                0x0000000008004c0c                HAL_I2C_MspInit
 .text.dsy_i2c_global_init
                0x0000000008004dc0       0x78 ../../libDaisy//build/libdaisy.a(i2c.o)
                0x0000000008004dc0                dsy_i2c_global_init
 .text.DMA1_Stream6_IRQHandler
                0x0000000008004e38       0x34 ../../libDaisy//build/libdaisy.a(i2c.o)
                0x0000000008004e38                DMA1_Stream6_IRQHandler
 .text.I2C1_EV_IRQHandler
                0x0000000008004e6c        0xc ../../libDaisy//build/libdaisy.a(i2c.o)
                0x0000000008004e6c                I2C1_EV_IRQHandler
 .text.I2C2_EV_IRQHandler
                0x0000000008004e78        0xc ../../libDaisy//build/libdaisy.a(i2c.o)
                0x0000000008004e78                I2C2_EV_IRQHandler
 .text.I2C3_EV_IRQHandler
                0x0000000008004e84        0xc ../../libDaisy//build/libdaisy.a(i2c.o)
                0x0000000008004e84                I2C3_EV_IRQHandler
 .text._ZN5daisy9I2CHandle4InitERKNS0_6ConfigE
                0x0000000008004e90      0x12c ../../libDaisy//build/libdaisy.a(i2c.o)
                0x0000000008004e90                daisy::I2CHandle::Init(daisy::I2CHandle::Config const&)
 .text._ZN5daisy9I2CHandle16TransmitBlockingEtPhtm
                0x0000000008004fbc       0x50 ../../libDaisy//build/libdaisy.a(i2c.o)
                0x0000000008004fbc                daisy::I2CHandle::TransmitBlocking(unsigned short, unsigned char*, unsigned short, unsigned long)
 .text._ZN5daisy9I2CHandle17ReadDataAtAddressEtttPhtm
                0x000000000800500c       0x4c ../../libDaisy//build/libdaisy.a(i2c.o)
                0x000000000800500c                daisy::I2CHandle::ReadDataAtAddress(unsigned short, unsigned short, unsigned short, unsigned char*, unsigned short, unsigned long)
 .text._ZN5daisy9I2CHandle18WriteDataAtAddressEtttPhtm
                0x0000000008005058       0x4c ../../libDaisy//build/libdaisy.a(i2c.o)
                0x0000000008005058                daisy::I2CHandle::WriteDataAtAddress(unsigned short, unsigned short, unsigned short, unsigned char*, unsigned short, unsigned long)
 .text.startup._GLOBAL__sub_I__ZN5daisy9I2CHandle4Impl10GlobalInitEv
                0x00000000080050a4       0x18 ../../libDaisy//build/libdaisy.a(i2c.o)
 .text._ZN5daisy10QSPIHandle4Impl11WriteEnableEv
                0x00000000080050bc       0x8c ../../libDaisy//build/libdaisy.a(qspi.o)
                0x00000000080050bc                daisy::QSPIHandle::Impl::WriteEnable()
 .text._ZN5daisy10QSPIHandle4Impl17DummyCyclesConfigENS0_6Config6DeviceE
                0x0000000008005148      0x118 ../../libDaisy//build/libdaisy.a(qspi.o)
                0x0000000008005148                daisy::QSPIHandle::Impl::DummyCyclesConfig(daisy::QSPIHandle::Config::Device)
 .text._ZN5daisy10QSPIHandle4Impl10QuadEnableEv
                0x0000000008005260      0x158 ../../libDaisy//build/libdaisy.a(qspi.o)
                0x0000000008005260                daisy::QSPIHandle::Impl::QuadEnable()
 .text._ZN5daisy10QSPIHandle4InitERKNS0_6ConfigE
                0x00000000080053b8      0x198 ../../libDaisy//build/libdaisy.a(qspi.o)
                0x00000000080053b8                daisy::QSPIHandle::Init(daisy::QSPIHandle::Config const&)
 .text.HAL_QSPI_MspInit
                0x0000000008005550      0x11c ../../libDaisy//build/libdaisy.a(qspi.o)
                0x0000000008005550                HAL_QSPI_MspInit
 .text.HAL_QSPI_MspDeInit
                0x000000000800566c       0x54 ../../libDaisy//build/libdaisy.a(qspi.o)
                0x000000000800566c                HAL_QSPI_MspDeInit
 .text.QUADSPI_IRQHandler
                0x00000000080056c0        0xc ../../libDaisy//build/libdaisy.a(qspi.o)
                0x00000000080056c0                QUADSPI_IRQHandler
 .text.startup._GLOBAL__sub_I__ZN5daisy10QSPIHandle4Impl4InitERKNS0_6ConfigE
                0x00000000080056cc       0x28 ../../libDaisy//build/libdaisy.a(qspi.o)
 .text._ZN5daisy9SaiHandle4Impl7InitDmaENS1_15PeripheralBlockE
                0x00000000080056f4       0xa0 ../../libDaisy//build/libdaisy.a(sai.o)
                0x00000000080056f4                daisy::SaiHandle::Impl::InitDma(daisy::SaiHandle::Impl::PeripheralBlock)
 .text._ZN5daisy9SaiHandle4Impl8InitPinsEv
                0x0000000008005794       0xa8 ../../libDaisy//build/libdaisy.a(sai.o)
                0x0000000008005794                daisy::SaiHandle::Impl::InitPins()
 .text.HAL_SAI_MspInit
                0x000000000800583c      0x164 ../../libDaisy//build/libdaisy.a(sai.o)
                0x000000000800583c                HAL_SAI_MspInit
 .text.DMA1_Stream0_IRQHandler
                0x00000000080059a0        0xc ../../libDaisy//build/libdaisy.a(sai.o)
                0x00000000080059a0                DMA1_Stream0_IRQHandler
 .text.DMA1_Stream1_IRQHandler
                0x00000000080059ac        0xc ../../libDaisy//build/libdaisy.a(sai.o)
                0x00000000080059ac                DMA1_Stream1_IRQHandler
 .text.DMA1_Stream3_IRQHandler
                0x00000000080059b8        0xc ../../libDaisy//build/libdaisy.a(sai.o)
                0x00000000080059b8                DMA1_Stream3_IRQHandler
 .text.DMA1_Stream4_IRQHandler
                0x00000000080059c4        0xc ../../libDaisy//build/libdaisy.a(sai.o)
                0x00000000080059c4                DMA1_Stream4_IRQHandler
 .text.HAL_SAI_RxHalfCpltCallback
                0x00000000080059d0       0x78 ../../libDaisy//build/libdaisy.a(sai.o)
                0x00000000080059d0                HAL_SAI_RxHalfCpltCallback
 .text.HAL_SAI_RxCpltCallback
                0x0000000008005a48       0x70 ../../libDaisy//build/libdaisy.a(sai.o)
                0x0000000008005a48                HAL_SAI_RxCpltCallback
 .text._ZN5daisy9SaiHandle4InitERKNS0_6ConfigE
                0x0000000008005ab8      0x1f0 ../../libDaisy//build/libdaisy.a(sai.o)
                0x0000000008005ab8                daisy::SaiHandle::Init(daisy::SaiHandle::Config const&)
 .text._ZNK5daisy9SaiHandle9GetConfigEv
                0x0000000008005ca8        0x4 ../../libDaisy//build/libdaisy.a(sai.o)
                0x0000000008005ca8                daisy::SaiHandle::GetConfig() const
 .text._ZN5daisy9SaiHandle8StartDmaEPlS1_jPFvS1_S1_jE
                0x0000000008005cac       0xbc ../../libDaisy//build/libdaisy.a(sai.o)
                0x0000000008005cac                daisy::SaiHandle::StartDma(long*, long*, unsigned int, void (*)(long*, long*, unsigned int))
 .text._ZN5daisy9SaiHandle13GetSampleRateEv
                0x0000000008005d68       0x24 ../../libDaisy//build/libdaisy.a(sai.o)
                0x0000000008005d68                daisy::SaiHandle::GetSampleRate()
 .text._ZNK5daisy9SaiHandle9GetOffsetEv
                0x0000000008005d8c        0x8 ../../libDaisy//build/libdaisy.a(sai.o)
                0x0000000008005d8c                daisy::SaiHandle::GetOffset() const
 .text._ZN5daisy12SdmmcHandler4InitERKNS0_6ConfigE
                0x0000000008005d94       0x80 ../../libDaisy//build/libdaisy.a(sdmmc.o)
                0x0000000008005d94                daisy::SdmmcHandler::Init(daisy::SdmmcHandler::Config const&)
 .text.SDMMC1_IRQHandler
                0x0000000008005e14        0xc ../../libDaisy//build/libdaisy.a(sdmmc.o)
                0x0000000008005e14                SDMMC1_IRQHandler
 .text._ZN5daisy11TimerHandleD2Ev
                0x0000000008005e20        0x4 ../../libDaisy//build/libdaisy.a(system.o)
                0x0000000008005e20                daisy::TimerHandle::~TimerHandle()
                0x0000000008005e20                daisy::TimerHandle::~TimerHandle()
 .text.SysTick_Handler
                0x0000000008005e24       0x10 ../../libDaisy//build/libdaisy.a(system.o)
                0x0000000008005e24                SysTick_Handler
 .text.OTG_HS_EP1_OUT_IRQHandler
                0x0000000008005e34       0x24 ../../libDaisy//build/libdaisy.a(system.o)
                0x0000000008005e34                OTG_HS_EP1_OUT_IRQHandler
 .text.OTG_HS_EP1_IN_IRQHandler
                0x0000000008005e58       0x24 ../../libDaisy//build/libdaisy.a(system.o)
                0x0000000008005e58                OTG_HS_EP1_IN_IRQHandler
 .text.OTG_HS_IRQHandler
                0x0000000008005e7c       0x24 ../../libDaisy//build/libdaisy.a(system.o)
                0x0000000008005e7c                OTG_HS_IRQHandler
 .text.HardFault_Handler
                0x0000000008005ea0       0xe0 ../../libDaisy//build/libdaisy.a(system.o)
                0x0000000008005ea0                HardFault_Handler
 .text._ZN5daisy6System6GetNowEv
                0x0000000008005f80        0x4 ../../libDaisy//build/libdaisy.a(system.o)
                0x0000000008005f80                daisy::System::GetNow()
 .text._ZN5daisy6System5DelayEm
                0x0000000008005f84        0x4 ../../libDaisy//build/libdaisy.a(system.o)
                0x0000000008005f84                daisy::System::Delay(unsigned long)
 .text._ZN5daisy6System15ConfigureClocksEv
                0x0000000008005f88      0x194 ../../libDaisy//build/libdaisy.a(system.o)
                0x0000000008005f88                daisy::System::ConfigureClocks()
 .text._ZN5daisy6System4InitERKNS0_6ConfigE
                0x000000000800611c      0x140 ../../libDaisy//build/libdaisy.a(system.o)
                0x000000000800611c                daisy::System::Init(daisy::System::Config const&)
 .text._ZN5daisy6System12GetPClk1FreqEv
                0x000000000800625c        0x4 ../../libDaisy//build/libdaisy.a(system.o)
                0x000000000800625c                daisy::System::GetPClk1Freq()
 .text._ZN5daisy6System12GetPClk2FreqEv
                0x0000000008006260        0x4 ../../libDaisy//build/libdaisy.a(system.o)
                0x0000000008006260                daisy::System::GetPClk2Freq()
 .text._ZN5daisy6System22GetProgramMemoryRegionEv
                0x0000000008006264       0x78 ../../libDaisy//build/libdaisy.a(system.o)
                0x0000000008006264                daisy::System::GetProgramMemoryRegion()
 .text.startup._GLOBAL__sub_I_SysTick_Handler
                0x00000000080062dc       0x1c ../../libDaisy//build/libdaisy.a(system.o)
 .text.SystemInit
                0x00000000080062f8       0x9c ../../libDaisy//build/libdaisy.a(system_stm32h7xx.o)
                0x00000000080062f8                SystemInit
 .text.HAL_PCD_SetupStageCallback
                0x0000000008006394        0xc ../../libDaisy//build/libdaisy.a(usbd_conf.o)
                0x0000000008006394                HAL_PCD_SetupStageCallback
 .text.HAL_PCD_DataOutStageCallback
                0x00000000080063a0       0x14 ../../libDaisy//build/libdaisy.a(usbd_conf.o)
                0x00000000080063a0                HAL_PCD_DataOutStageCallback
 .text.HAL_PCD_DataInStageCallback
                0x00000000080063b4       0x14 ../../libDaisy//build/libdaisy.a(usbd_conf.o)
                0x00000000080063b4                HAL_PCD_DataInStageCallback
 .text.HAL_PCD_SOFCallback
                0x00000000080063c8        0x8 ../../libDaisy//build/libdaisy.a(usbd_conf.o)
                0x00000000080063c8                HAL_PCD_SOFCallback
 .text.HAL_PCD_ResetCallback
                0x00000000080063d0       0x24 ../../libDaisy//build/libdaisy.a(usbd_conf.o)
                0x00000000080063d0                HAL_PCD_ResetCallback
 .text.HAL_PCD_SuspendCallback
                0x00000000080063f4       0x30 ../../libDaisy//build/libdaisy.a(usbd_conf.o)
                0x00000000080063f4                HAL_PCD_SuspendCallback
 .text.HAL_PCD_ResumeCallback
                0x0000000008006424        0x8 ../../libDaisy//build/libdaisy.a(usbd_conf.o)
                0x0000000008006424                HAL_PCD_ResumeCallback
 .text.HAL_PCD_ISOOUTIncompleteCallback
                0x000000000800642c        0x8 ../../libDaisy//build/libdaisy.a(usbd_conf.o)
                0x000000000800642c                HAL_PCD_ISOOUTIncompleteCallback
 .text.HAL_PCD_ISOINIncompleteCallback
                0x0000000008006434        0x8 ../../libDaisy//build/libdaisy.a(usbd_conf.o)
                0x0000000008006434                HAL_PCD_ISOINIncompleteCallback
 .text.HAL_PCD_ConnectCallback
                0x000000000800643c        0x8 ../../libDaisy//build/libdaisy.a(usbd_conf.o)
                0x000000000800643c                HAL_PCD_ConnectCallback
 .text.HAL_PCD_DisconnectCallback
                0x0000000008006444        0x8 ../../libDaisy//build/libdaisy.a(usbd_conf.o)
                0x0000000008006444                HAL_PCD_DisconnectCallback
 .text.USBD_LL_OpenEP
                0x000000000800644c       0x24 ../../libDaisy//build/libdaisy.a(usbd_conf.o)
                0x000000000800644c                USBD_LL_OpenEP
 .text.USBD_LL_StallEP
                0x0000000008006470       0x1c ../../libDaisy//build/libdaisy.a(usbd_conf.o)
                0x0000000008006470                USBD_LL_StallEP
 .text.USBD_LL_ClearStallEP
                0x000000000800648c       0x1c ../../libDaisy//build/libdaisy.a(usbd_conf.o)
                0x000000000800648c                USBD_LL_ClearStallEP
 .text.USBD_LL_IsStallEP
                0x00000000080064a8       0x28 ../../libDaisy//build/libdaisy.a(usbd_conf.o)
                0x00000000080064a8                USBD_LL_IsStallEP
 .text.USBD_LL_SetUSBAddress
                0x00000000080064d0       0x1c ../../libDaisy//build/libdaisy.a(usbd_conf.o)
                0x00000000080064d0                USBD_LL_SetUSBAddress
 .text.USBD_LL_Transmit
                0x00000000080064ec       0x1c ../../libDaisy//build/libdaisy.a(usbd_conf.o)
                0x00000000080064ec                USBD_LL_Transmit
 .text.USBD_LL_PrepareReceive
                0x0000000008006508       0x1c ../../libDaisy//build/libdaisy.a(usbd_conf.o)
                0x0000000008006508                USBD_LL_PrepareReceive
 .text.HAL_HCD_SOF_Callback
                0x0000000008006524        0x8 ../../libDaisy//build/libdaisy.a(usbh_conf.o)
                0x0000000008006524                HAL_HCD_SOF_Callback
 .text.HAL_HCD_Connect_Callback
                0x000000000800652c        0x8 ../../libDaisy//build/libdaisy.a(usbh_conf.o)
                0x000000000800652c                HAL_HCD_Connect_Callback
 .text.HAL_HCD_Disconnect_Callback
                0x0000000008006534        0x8 ../../libDaisy//build/libdaisy.a(usbh_conf.o)
                0x0000000008006534                HAL_HCD_Disconnect_Callback
 .text.HAL_HCD_HC_NotifyURBChange_Callback
                0x000000000800653c        0x4 ../../libDaisy//build/libdaisy.a(usbh_conf.o)
                0x000000000800653c                HAL_HCD_HC_NotifyURBChange_Callback
 .text.HAL_HCD_PortEnabled_Callback
                0x0000000008006540        0x8 ../../libDaisy//build/libdaisy.a(usbh_conf.o)
                0x0000000008006540                HAL_HCD_PortEnabled_Callback
 .text.HAL_HCD_PortDisabled_Callback
                0x0000000008006548        0x8 ../../libDaisy//build/libdaisy.a(usbh_conf.o)
                0x0000000008006548                HAL_HCD_PortDisabled_Callback
 .text.USBH_LL_Stop
                0x0000000008006550       0x1c ../../libDaisy//build/libdaisy.a(usbh_conf.o)
                0x0000000008006550                USBH_LL_Stop
 .text.dsy_hal_map_get_port
                0x000000000800656c       0x10 ../../libDaisy//build/libdaisy.a(hal_map.o)
                0x000000000800656c                dsy_hal_map_get_port
 .text.dsy_hal_map_get_pin
                0x000000000800657c       0x10 ../../libDaisy//build/libdaisy.a(hal_map.o)
                0x000000000800657c                dsy_hal_map_get_pin
 .text.dsy_hal_map_gpio_clk_enable
                0x000000000800658c      0x150 ../../libDaisy//build/libdaisy.a(hal_map.o)
                0x000000000800658c                dsy_hal_map_gpio_clk_enable
 .text.HAL_MspInit
                0x00000000080066dc        0x4 ../../libDaisy//build/libdaisy.a(stm32h7xx_hal.o)
                0x00000000080066dc                HAL_MspInit
 .text.HAL_InitTick
                0x00000000080066e0       0x4c ../../libDaisy//build/libdaisy.a(stm32h7xx_hal.o)
                0x00000000080066e0                HAL_InitTick
 .text.HAL_Init
                0x000000000800672c       0x60 ../../libDaisy//build/libdaisy.a(stm32h7xx_hal.o)
                0x000000000800672c                HAL_Init
 .text.HAL_IncTick
                0x000000000800678c       0x18 ../../libDaisy//build/libdaisy.a(stm32h7xx_hal.o)
                0x000000000800678c                HAL_IncTick
 .text.HAL_GetTick
                0x00000000080067a4        0xc ../../libDaisy//build/libdaisy.a(stm32h7xx_hal.o)
                0x00000000080067a4                HAL_GetTick
 .text.HAL_Delay
                0x00000000080067b0       0x24 ../../libDaisy//build/libdaisy.a(stm32h7xx_hal.o)
                0x00000000080067b0                HAL_Delay
 .text.HAL_GetREVID
                0x00000000080067d4        0xc ../../libDaisy//build/libdaisy.a(stm32h7xx_hal.o)
                0x00000000080067d4                HAL_GetREVID
 .text.HAL_ADC_ConvHalfCpltCallback
                0x00000000080067e0        0x4 ../../libDaisy//build/libdaisy.a(stm32h7xx_hal_adc.o)
                0x00000000080067e0                HAL_ADC_ConvHalfCpltCallback
 .text.ADC_DMAHalfConvCplt
                0x00000000080067e4        0xc ../../libDaisy//build/libdaisy.a(stm32h7xx_hal_adc.o)
                0x00000000080067e4                ADC_DMAHalfConvCplt
 .text.ADC_DMAConvCplt
                0x00000000080067f0       0x6c ../../libDaisy//build/libdaisy.a(stm32h7xx_hal_adc.o)
                0x00000000080067f0                ADC_DMAConvCplt
 .text.ADC_DMAError
                0x000000000800685c       0x1c ../../libDaisy//build/libdaisy.a(stm32h7xx_hal_adc.o)
                0x000000000800685c                ADC_DMAError
 .text.HAL_ADC_ConfigChannel
                0x0000000008006878      0x3fc ../../libDaisy//build/libdaisy.a(stm32h7xx_hal_adc.o)
                0x0000000008006878                HAL_ADC_ConfigChannel
 .text.ADC_Enable
                0x0000000008006c74       0xac ../../libDaisy//build/libdaisy.a(stm32h7xx_hal_adc.o)
                0x0000000008006c74                ADC_Enable
 .text.HAL_ADC_Start_DMA
                0x0000000008006d20      0x114 ../../libDaisy//build/libdaisy.a(stm32h7xx_hal_adc.o)
                0x0000000008006d20                HAL_ADC_Start_DMA
 .text.ADC_Disable
                0x0000000008006e34       0x68 ../../libDaisy//build/libdaisy.a(stm32h7xx_hal_adc.o)
                0x0000000008006e34                ADC_Disable
 .text.ADC_ConfigureBoostMode
                0x0000000008006e9c      0x184 ../../libDaisy//build/libdaisy.a(stm32h7xx_hal_adc.o)
                0x0000000008006e9c                ADC_ConfigureBoostMode
 .text.HAL_ADC_Init
                0x0000000008007020      0x218 ../../libDaisy//build/libdaisy.a(stm32h7xx_hal_adc.o)
                0x0000000008007020                HAL_ADC_Init
 .text.HAL_ADCEx_Calibration_Start
                0x0000000008007238       0xa4 ../../libDaisy//build/libdaisy.a(stm32h7xx_hal_adc_ex.o)
                0x0000000008007238                HAL_ADCEx_Calibration_Start
 .text.HAL_ADCEx_MultiModeConfigChannel
                0x00000000080072dc       0xc4 ../../libDaisy//build/libdaisy.a(stm32h7xx_hal_adc_ex.o)
                0x00000000080072dc                HAL_ADCEx_MultiModeConfigChannel
 .text.HAL_NVIC_SetPriorityGrouping
                0x00000000080073a0       0x24 ../../libDaisy//build/libdaisy.a(stm32h7xx_hal_cortex.o)
                0x00000000080073a0                HAL_NVIC_SetPriorityGrouping
 .text.HAL_NVIC_SetPriority
                0x00000000080073c4       0x7c ../../libDaisy//build/libdaisy.a(stm32h7xx_hal_cortex.o)
                0x00000000080073c4                HAL_NVIC_SetPriority
 .text.HAL_NVIC_EnableIRQ
                0x0000000008007440       0x1c ../../libDaisy//build/libdaisy.a(stm32h7xx_hal_cortex.o)
                0x0000000008007440                HAL_NVIC_EnableIRQ
 .text.HAL_NVIC_DisableIRQ
                0x000000000800745c       0x28 ../../libDaisy//build/libdaisy.a(stm32h7xx_hal_cortex.o)
                0x000000000800745c                HAL_NVIC_DisableIRQ
 .text.HAL_SYSTICK_Config
                0x0000000008007484       0x2c ../../libDaisy//build/libdaisy.a(stm32h7xx_hal_cortex.o)
                0x0000000008007484                HAL_SYSTICK_Config
 .text.HAL_MPU_Disable
                0x00000000080074b0       0x1c ../../libDaisy//build/libdaisy.a(stm32h7xx_hal_cortex.o)
                0x00000000080074b0                HAL_MPU_Disable
 .text.HAL_MPU_Enable
                0x00000000080074cc       0x20 ../../libDaisy//build/libdaisy.a(stm32h7xx_hal_cortex.o)
                0x00000000080074cc                HAL_MPU_Enable
 .text.HAL_MPU_ConfigRegion
                0x00000000080074ec       0x64 ../../libDaisy//build/libdaisy.a(stm32h7xx_hal_cortex.o)
                0x00000000080074ec                HAL_MPU_ConfigRegion
 .text.HAL_SYSTICK_Callback
                0x0000000008007550        0x4 ../../libDaisy//build/libdaisy.a(stm32h7xx_hal_cortex.o)
                0x0000000008007550                HAL_SYSTICK_Callback
 .text.HAL_SYSTICK_IRQHandler
                0x0000000008007554        0x8 ../../libDaisy//build/libdaisy.a(stm32h7xx_hal_cortex.o)
                0x0000000008007554                HAL_SYSTICK_IRQHandler
 .text.HAL_DAC_Init
                0x000000000800755c       0x2c ../../libDaisy//build/libdaisy.a(stm32h7xx_hal_dac.o)
                0x000000000800755c                HAL_DAC_Init
 .text.HAL_DAC_Start_DMA
                0x0000000008007588      0x118 ../../libDaisy//build/libdaisy.a(stm32h7xx_hal_dac.o)
                0x0000000008007588                HAL_DAC_Start_DMA
 .text.HAL_DAC_Stop_DMA
                0x00000000080076a0       0x5c ../../libDaisy//build/libdaisy.a(stm32h7xx_hal_dac.o)
                0x00000000080076a0                HAL_DAC_Stop_DMA
 .text.DAC_DMAConvCpltCh1
                0x00000000080076fc       0x10 ../../libDaisy//build/libdaisy.a(stm32h7xx_hal_dac.o)
 .text.DAC_DMAHalfConvCpltCh1
                0x000000000800770c        0xc ../../libDaisy//build/libdaisy.a(stm32h7xx_hal_dac.o)
 .text.HAL_DAC_ErrorCallbackCh1
                0x0000000008007718        0x4 ../../libDaisy//build/libdaisy.a(stm32h7xx_hal_dac.o)
                0x0000000008007718                HAL_DAC_ErrorCallbackCh1
 .text.DAC_DMAErrorCh1
                0x000000000800771c       0x18 ../../libDaisy//build/libdaisy.a(stm32h7xx_hal_dac.o)
 .text.HAL_DAC_DMAUnderrunCallbackCh1
                0x0000000008007734        0x4 ../../libDaisy//build/libdaisy.a(stm32h7xx_hal_dac.o)
                0x0000000008007734                HAL_DAC_DMAUnderrunCallbackCh1
 .text.HAL_DAC_IRQHandler
                0x0000000008007738       0x68 ../../libDaisy//build/libdaisy.a(stm32h7xx_hal_dac.o)
                0x0000000008007738                HAL_DAC_IRQHandler
 .text.HAL_DAC_ConfigChannel
                0x00000000080077a0      0x130 ../../libDaisy//build/libdaisy.a(stm32h7xx_hal_dac.o)
                0x00000000080077a0                HAL_DAC_ConfigChannel
 .text.HAL_DACEx_ErrorCallbackCh2
                0x00000000080078d0        0x4 ../../libDaisy//build/libdaisy.a(stm32h7xx_hal_dac_ex.o)
                0x00000000080078d0                HAL_DACEx_ErrorCallbackCh2
 .text.HAL_DACEx_DMAUnderrunCallbackCh2
                0x00000000080078d4        0x4 ../../libDaisy//build/libdaisy.a(stm32h7xx_hal_dac_ex.o)
                0x00000000080078d4                HAL_DACEx_DMAUnderrunCallbackCh2
 .text.DAC_DMAConvCpltCh2
                0x00000000080078d8       0x10 ../../libDaisy//build/libdaisy.a(stm32h7xx_hal_dac_ex.o)
                0x00000000080078d8                DAC_DMAConvCpltCh2
 .text.DAC_DMAHalfConvCpltCh2
                0x00000000080078e8        0xc ../../libDaisy//build/libdaisy.a(stm32h7xx_hal_dac_ex.o)
                0x00000000080078e8                DAC_DMAHalfConvCpltCh2
 .text.DAC_DMAErrorCh2
                0x00000000080078f4       0x18 ../../libDaisy//build/libdaisy.a(stm32h7xx_hal_dac_ex.o)
                0x00000000080078f4                DAC_DMAErrorCh2
 .text.DMA_CalcBaseAndBitshift
                0x000000000800790c       0xf4 ../../libDaisy//build/libdaisy.a(stm32h7xx_hal_dma.o)
 .text.DMA_CalcDMAMUXChannelBaseAndMask
                0x0000000008007a00       0xd8 ../../libDaisy//build/libdaisy.a(stm32h7xx_hal_dma.o)
 .text.HAL_DMA_Init
                0x0000000008007ad8      0x37c ../../libDaisy//build/libdaisy.a(stm32h7xx_hal_dma.o)
                0x0000000008007ad8                HAL_DMA_Init
 .text.HAL_DMA_Start_IT
                0x0000000008007e54      0x240 ../../libDaisy//build/libdaisy.a(stm32h7xx_hal_dma.o)
                0x0000000008007e54                HAL_DMA_Start_IT
 .text.HAL_DMA_Abort
                0x0000000008008094      0x21c ../../libDaisy//build/libdaisy.a(stm32h7xx_hal_dma.o)
                0x0000000008008094                HAL_DMA_Abort
 .text.HAL_DMA_Abort_IT
                0x00000000080082b0      0x134 ../../libDaisy//build/libdaisy.a(stm32h7xx_hal_dma.o)
                0x00000000080082b0                HAL_DMA_Abort_IT
 .text.HAL_DMA_IRQHandler
                0x00000000080083e4      0x6a0 ../../libDaisy//build/libdaisy.a(stm32h7xx_hal_dma.o)
                0x00000000080083e4                HAL_DMA_IRQHandler
 .text.HAL_DMA_GetError
                0x0000000008008a84        0x4 ../../libDaisy//build/libdaisy.a(stm32h7xx_hal_dma.o)
                0x0000000008008a84                HAL_DMA_GetError
 .text.HAL_GPIO_Init
                0x0000000008008a88      0x280 ../../libDaisy//build/libdaisy.a(stm32h7xx_hal_gpio.o)
                0x0000000008008a88                HAL_GPIO_Init
 .text.HAL_GPIO_DeInit
                0x0000000008008d08      0x190 ../../libDaisy//build/libdaisy.a(stm32h7xx_hal_gpio.o)
                0x0000000008008d08                HAL_GPIO_DeInit
 .text.HAL_GPIO_WritePin
                0x0000000008008e98        0x8 ../../libDaisy//build/libdaisy.a(stm32h7xx_hal_gpio.o)
                0x0000000008008e98                HAL_GPIO_WritePin
 .text.HAL_HCD_IRQHandler
                0x0000000008008ea0      0x780 ../../libDaisy//build/libdaisy.a(stm32h7xx_hal_hcd.o)
                0x0000000008008ea0                HAL_HCD_IRQHandler
 .text.HAL_HCD_Stop
                0x0000000008009620       0x28 ../../libDaisy//build/libdaisy.a(stm32h7xx_hal_hcd.o)
                0x0000000008009620                HAL_HCD_Stop
 .text.I2C_WaitOnTXISFlagUntilTimeout
                0x0000000008009648       0xb8 ../../libDaisy//build/libdaisy.a(stm32h7xx_hal_i2c.o)
 .text.I2C_WaitOnSTOPFlagUntilTimeout
                0x0000000008009700       0xac ../../libDaisy//build/libdaisy.a(stm32h7xx_hal_i2c.o)
 .text.HAL_I2C_Init
                0x00000000080097ac       0xac ../../libDaisy//build/libdaisy.a(stm32h7xx_hal_i2c.o)
                0x00000000080097ac                HAL_I2C_Init
 .text.HAL_I2C_Master_Transmit
                0x0000000008009858      0x1a8 ../../libDaisy//build/libdaisy.a(stm32h7xx_hal_i2c.o)
                0x0000000008009858                HAL_I2C_Master_Transmit
 .text.HAL_I2C_Slave_Transmit
                0x0000000008009a00      0x1c8 ../../libDaisy//build/libdaisy.a(stm32h7xx_hal_i2c.o)
                0x0000000008009a00                HAL_I2C_Slave_Transmit
 .text.HAL_I2C_Mem_Write
                0x0000000008009bc8      0x254 ../../libDaisy//build/libdaisy.a(stm32h7xx_hal_i2c.o)
                0x0000000008009bc8                HAL_I2C_Mem_Write
 .text.HAL_I2C_Mem_Read
                0x0000000008009e1c      0x29c ../../libDaisy//build/libdaisy.a(stm32h7xx_hal_i2c.o)
                0x0000000008009e1c                HAL_I2C_Mem_Read
 .text.HAL_I2C_EV_IRQHandler
                0x000000000800a0b8       0x10 ../../libDaisy//build/libdaisy.a(stm32h7xx_hal_i2c.o)
                0x000000000800a0b8                HAL_I2C_EV_IRQHandler
 .text.HAL_I2C_GetState
                0x000000000800a0c8        0x8 ../../libDaisy//build/libdaisy.a(stm32h7xx_hal_i2c.o)
                0x000000000800a0c8                HAL_I2C_GetState
 .text.HAL_I2CEx_ConfigAnalogFilter
                0x000000000800a0d0       0x54 ../../libDaisy//build/libdaisy.a(stm32h7xx_hal_i2c_ex.o)
                0x000000000800a0d0                HAL_I2CEx_ConfigAnalogFilter
 .text.HAL_I2CEx_ConfigDigitalFilter
                0x000000000800a124       0x58 ../../libDaisy//build/libdaisy.a(stm32h7xx_hal_i2c_ex.o)
                0x000000000800a124                HAL_I2CEx_ConfigDigitalFilter
 .text.HAL_PCD_IRQHandler
                0x000000000800a17c      0x69c ../../libDaisy//build/libdaisy.a(stm32h7xx_hal_pcd.o)
                0x000000000800a17c                HAL_PCD_IRQHandler
 .text.HAL_PCD_SetAddress
                0x000000000800a818       0x2c ../../libDaisy//build/libdaisy.a(stm32h7xx_hal_pcd.o)
                0x000000000800a818                HAL_PCD_SetAddress
 .text.HAL_PCD_EP_Open
                0x000000000800a844       0x7c ../../libDaisy//build/libdaisy.a(stm32h7xx_hal_pcd.o)
                0x000000000800a844                HAL_PCD_EP_Open
 .text.HAL_PCD_EP_Receive
                0x000000000800a8c0       0x50 ../../libDaisy//build/libdaisy.a(stm32h7xx_hal_pcd.o)
                0x000000000800a8c0                HAL_PCD_EP_Receive
 .text.HAL_PCD_EP_Transmit
                0x000000000800a910       0x50 ../../libDaisy//build/libdaisy.a(stm32h7xx_hal_pcd.o)
                0x000000000800a910                HAL_PCD_EP_Transmit
 .text.HAL_PCD_EP_SetStall
                0x000000000800a960       0x88 ../../libDaisy//build/libdaisy.a(stm32h7xx_hal_pcd.o)
                0x000000000800a960                HAL_PCD_EP_SetStall
 .text.HAL_PCD_EP_ClrStall
                0x000000000800a9e8       0x78 ../../libDaisy//build/libdaisy.a(stm32h7xx_hal_pcd.o)
                0x000000000800a9e8                HAL_PCD_EP_ClrStall
 .text.HAL_PCDEx_LPM_Callback
                0x000000000800aa60        0x4 ../../libDaisy//build/libdaisy.a(stm32h7xx_hal_pcd_ex.o)
                0x000000000800aa60                HAL_PCDEx_LPM_Callback
 .text.HAL_PWREx_ConfigSupply
                0x000000000800aa64       0x4c ../../libDaisy//build/libdaisy.a(stm32h7xx_hal_pwr_ex.o)
                0x000000000800aa64                HAL_PWREx_ConfigSupply
 .text.HAL_PWREx_EnableUSBVoltageDetector
                0x000000000800aab0       0x10 ../../libDaisy//build/libdaisy.a(stm32h7xx_hal_pwr_ex.o)
                0x000000000800aab0                HAL_PWREx_EnableUSBVoltageDetector
 .text.QSPI_Config
                0x000000000800aac0      0x174 ../../libDaisy//build/libdaisy.a(stm32h7xx_hal_qspi.o)
 .text.HAL_QSPI_Init
                0x000000000800ac34       0xd8 ../../libDaisy//build/libdaisy.a(stm32h7xx_hal_qspi.o)
                0x000000000800ac34                HAL_QSPI_Init
 .text.HAL_QSPI_DeInit
                0x000000000800ad0c       0x3c ../../libDaisy//build/libdaisy.a(stm32h7xx_hal_qspi.o)
                0x000000000800ad0c                HAL_QSPI_DeInit
 .text.HAL_QSPI_Command
                0x000000000800ad48       0xd4 ../../libDaisy//build/libdaisy.a(stm32h7xx_hal_qspi.o)
                0x000000000800ad48                HAL_QSPI_Command
 .text.HAL_QSPI_Transmit
                0x000000000800ae1c       0xfc ../../libDaisy//build/libdaisy.a(stm32h7xx_hal_qspi.o)
                0x000000000800ae1c                HAL_QSPI_Transmit
 .text.HAL_QSPI_Receive
                0x000000000800af18      0x108 ../../libDaisy//build/libdaisy.a(stm32h7xx_hal_qspi.o)
                0x000000000800af18                HAL_QSPI_Receive
 .text.HAL_QSPI_AutoPolling
                0x000000000800b020       0xf0 ../../libDaisy//build/libdaisy.a(stm32h7xx_hal_qspi.o)
                0x000000000800b020                HAL_QSPI_AutoPolling
 .text.HAL_QSPI_MemoryMapped
                0x000000000800b110       0xc0 ../../libDaisy//build/libdaisy.a(stm32h7xx_hal_qspi.o)
                0x000000000800b110                HAL_QSPI_MemoryMapped
 .text.HAL_QSPI_ErrorCallback
                0x000000000800b1d0        0x4 ../../libDaisy//build/libdaisy.a(stm32h7xx_hal_qspi.o)
                0x000000000800b1d0                HAL_QSPI_ErrorCallback
 .text.QSPI_DMAAbortCplt
                0x000000000800b1d4       0x38 ../../libDaisy//build/libdaisy.a(stm32h7xx_hal_qspi.o)
 .text.HAL_QSPI_AbortCpltCallback
                0x000000000800b20c        0x4 ../../libDaisy//build/libdaisy.a(stm32h7xx_hal_qspi.o)
                0x000000000800b20c                HAL_QSPI_AbortCpltCallback
 .text.HAL_QSPI_CmdCpltCallback
                0x000000000800b210        0x4 ../../libDaisy//build/libdaisy.a(stm32h7xx_hal_qspi.o)
                0x000000000800b210                HAL_QSPI_CmdCpltCallback
 .text.HAL_QSPI_RxCpltCallback
                0x000000000800b214        0x4 ../../libDaisy//build/libdaisy.a(stm32h7xx_hal_qspi.o)
                0x000000000800b214                HAL_QSPI_RxCpltCallback
 .text.HAL_QSPI_TxCpltCallback
                0x000000000800b218        0x4 ../../libDaisy//build/libdaisy.a(stm32h7xx_hal_qspi.o)
                0x000000000800b218                HAL_QSPI_TxCpltCallback
 .text.HAL_QSPI_FifoThresholdCallback
                0x000000000800b21c        0x4 ../../libDaisy//build/libdaisy.a(stm32h7xx_hal_qspi.o)
                0x000000000800b21c                HAL_QSPI_FifoThresholdCallback
 .text.HAL_QSPI_StatusMatchCallback
                0x000000000800b220        0x4 ../../libDaisy//build/libdaisy.a(stm32h7xx_hal_qspi.o)
                0x000000000800b220                HAL_QSPI_StatusMatchCallback
 .text.HAL_QSPI_TimeOutCallback
                0x000000000800b224        0x4 ../../libDaisy//build/libdaisy.a(stm32h7xx_hal_qspi.o)
                0x000000000800b224                HAL_QSPI_TimeOutCallback
 .text.HAL_QSPI_IRQHandler
                0x000000000800b228      0x210 ../../libDaisy//build/libdaisy.a(stm32h7xx_hal_qspi.o)
                0x000000000800b228                HAL_QSPI_IRQHandler
 .text.HAL_RCC_OscConfig
                0x000000000800b438      0x51c ../../libDaisy//build/libdaisy.a(stm32h7xx_hal_rcc.o)
                0x000000000800b438                HAL_RCC_OscConfig
 .text.HAL_RCC_GetSysClockFreq
                0x000000000800b954      0x140 ../../libDaisy//build/libdaisy.a(stm32h7xx_hal_rcc.o)
                0x000000000800b954                HAL_RCC_GetSysClockFreq
 .text.HAL_RCC_ClockConfig
                0x000000000800ba94      0x234 ../../libDaisy//build/libdaisy.a(stm32h7xx_hal_rcc.o)
                0x000000000800ba94                HAL_RCC_ClockConfig
 .text.HAL_RCC_GetHCLKFreq
                0x000000000800bcc8       0x2c ../../libDaisy//build/libdaisy.a(stm32h7xx_hal_rcc.o)
                0x000000000800bcc8                HAL_RCC_GetHCLKFreq
 .text.HAL_RCC_GetPCLK1Freq
                0x000000000800bcf4       0x38 ../../libDaisy//build/libdaisy.a(stm32h7xx_hal_rcc.o)
                0x000000000800bcf4                HAL_RCC_GetPCLK1Freq
 .text.HAL_RCC_GetPCLK2Freq
                0x000000000800bd2c       0x38 ../../libDaisy//build/libdaisy.a(stm32h7xx_hal_rcc.o)
                0x000000000800bd2c                HAL_RCC_GetPCLK2Freq
 .text.RCCEx_PLL2_Config
                0x000000000800bd64       0xf4 ../../libDaisy//build/libdaisy.a(stm32h7xx_hal_rcc_ex.o)
 .text.RCCEx_PLL3_Config
                0x000000000800be58       0xf4 ../../libDaisy//build/libdaisy.a(stm32h7xx_hal_rcc_ex.o)
 .text.HAL_RCCEx_PeriphCLKConfig
                0x000000000800bf4c      0xa7c ../../libDaisy//build/libdaisy.a(stm32h7xx_hal_rcc_ex.o)
                0x000000000800bf4c                HAL_RCCEx_PeriphCLKConfig
 .text.HAL_RCCEx_GetD3PCLK1Freq
                0x000000000800c9c8       0x24 ../../libDaisy//build/libdaisy.a(stm32h7xx_hal_rcc_ex.o)
                0x000000000800c9c8                HAL_RCCEx_GetD3PCLK1Freq
 .text.HAL_RCCEx_GetPLL2ClockFreq
                0x000000000800c9ec      0x17c ../../libDaisy//build/libdaisy.a(stm32h7xx_hal_rcc_ex.o)
                0x000000000800c9ec                HAL_RCCEx_GetPLL2ClockFreq
 .text.HAL_RCCEx_GetPLL3ClockFreq
                0x000000000800cb68      0x17c ../../libDaisy//build/libdaisy.a(stm32h7xx_hal_rcc_ex.o)
                0x000000000800cb68                HAL_RCCEx_GetPLL3ClockFreq
 .text.HAL_RCCEx_GetPLL1ClockFreq
                0x000000000800cce4      0x17c ../../libDaisy//build/libdaisy.a(stm32h7xx_hal_rcc_ex.o)
                0x000000000800cce4                HAL_RCCEx_GetPLL1ClockFreq
 .text.HAL_RCCEx_GetPeriphCLKFreq
                0x000000000800ce60      0x198 ../../libDaisy//build/libdaisy.a(stm32h7xx_hal_rcc_ex.o)
                0x000000000800ce60                HAL_RCCEx_GetPeriphCLKFreq
 .text.HAL_RCCEx_GetD1SysClockFreq
                0x000000000800cff8       0x2c ../../libDaisy//build/libdaisy.a(stm32h7xx_hal_rcc_ex.o)
                0x000000000800cff8                HAL_RCCEx_GetD1SysClockFreq
 .text.HAL_SAI_Init.part.0
                0x000000000800d024      0x348 ../../libDaisy//build/libdaisy.a(stm32h7xx_hal_sai.o)
 .text.HAL_SAI_InitProtocol
                0x000000000800d36c      0x178 ../../libDaisy//build/libdaisy.a(stm32h7xx_hal_sai.o)
                0x000000000800d36c                HAL_SAI_InitProtocol
 .text.HAL_SAI_Transmit_DMA
                0x000000000800d4e4      0x124 ../../libDaisy//build/libdaisy.a(stm32h7xx_hal_sai.o)
                0x000000000800d4e4                HAL_SAI_Transmit_DMA
 .text.HAL_SAI_Receive_DMA
                0x000000000800d608       0xd0 ../../libDaisy//build/libdaisy.a(stm32h7xx_hal_sai.o)
                0x000000000800d608                HAL_SAI_Receive_DMA
 .text.HAL_SAI_TxCpltCallback
                0x000000000800d6d8        0x4 ../../libDaisy//build/libdaisy.a(stm32h7xx_hal_sai.o)
                0x000000000800d6d8                HAL_SAI_TxCpltCallback
 .text.SAI_DMATxCplt
                0x000000000800d6dc       0x64 ../../libDaisy//build/libdaisy.a(stm32h7xx_hal_sai.o)
 .text.HAL_SAI_TxHalfCpltCallback
                0x000000000800d740        0x4 ../../libDaisy//build/libdaisy.a(stm32h7xx_hal_sai.o)
                0x000000000800d740                HAL_SAI_TxHalfCpltCallback
 .text.SAI_DMATxHalfCplt
                0x000000000800d744        0xc ../../libDaisy//build/libdaisy.a(stm32h7xx_hal_sai.o)
 .text.SAI_DMARxCplt
                0x000000000800d750       0x64 ../../libDaisy//build/libdaisy.a(stm32h7xx_hal_sai.o)
 .text.SAI_DMARxHalfCplt
                0x000000000800d7b4        0xc ../../libDaisy//build/libdaisy.a(stm32h7xx_hal_sai.o)
 .text.HAL_SAI_ErrorCallback
                0x000000000800d7c0        0x4 ../../libDaisy//build/libdaisy.a(stm32h7xx_hal_sai.o)
                0x000000000800d7c0                HAL_SAI_ErrorCallback
 .text.SAI_DMAError
                0x000000000800d7c4       0x6c ../../libDaisy//build/libdaisy.a(stm32h7xx_hal_sai.o)
 .text.HAL_SD_TxCpltCallback
                0x000000000800d830        0x4 ../../libDaisy//build/libdaisy.a(stm32h7xx_hal_sd.o)
                0x000000000800d830                HAL_SD_TxCpltCallback
 .text.HAL_SD_RxCpltCallback
                0x000000000800d834        0x4 ../../libDaisy//build/libdaisy.a(stm32h7xx_hal_sd.o)
                0x000000000800d834                HAL_SD_RxCpltCallback
 .text.HAL_SD_ErrorCallback
                0x000000000800d838        0x4 ../../libDaisy//build/libdaisy.a(stm32h7xx_hal_sd.o)
                0x000000000800d838                HAL_SD_ErrorCallback
 .text.HAL_SDEx_Read_DMADoubleBuf0CpltCallback
                0x000000000800d83c        0x4 ../../libDaisy//build/libdaisy.a(stm32h7xx_hal_sd.o)
                0x000000000800d83c                HAL_SDEx_Read_DMADoubleBuf0CpltCallback
 .text.HAL_SDEx_Read_DMADoubleBuf1CpltCallback
                0x000000000800d840        0x4 ../../libDaisy//build/libdaisy.a(stm32h7xx_hal_sd.o)
                0x000000000800d840                HAL_SDEx_Read_DMADoubleBuf1CpltCallback
 .text.HAL_SDEx_Write_DMADoubleBuf0CpltCallback
                0x000000000800d844        0x4 ../../libDaisy//build/libdaisy.a(stm32h7xx_hal_sd.o)
                0x000000000800d844                HAL_SDEx_Write_DMADoubleBuf0CpltCallback
 .text.HAL_SDEx_Write_DMADoubleBuf1CpltCallback
                0x000000000800d848        0x4 ../../libDaisy//build/libdaisy.a(stm32h7xx_hal_sd.o)
                0x000000000800d848                HAL_SDEx_Write_DMADoubleBuf1CpltCallback
 .text.HAL_SD_IRQHandler
                0x000000000800d84c      0x248 ../../libDaisy//build/libdaisy.a(stm32h7xx_hal_sd.o)
                0x000000000800d84c                HAL_SD_IRQHandler
 .text.HAL_SDRAM_Init
                0x000000000800da94       0x54 ../../libDaisy//build/libdaisy.a(stm32h7xx_hal_sdram.o)
                0x000000000800da94                HAL_SDRAM_Init
 .text.HAL_SDRAM_SendCommand
                0x000000000800dae8       0x40 ../../libDaisy//build/libdaisy.a(stm32h7xx_hal_sdram.o)
                0x000000000800dae8                HAL_SDRAM_SendCommand
 .text.HAL_SDRAM_ProgramRefreshRate
                0x000000000800db28       0x30 ../../libDaisy//build/libdaisy.a(stm32h7xx_hal_sdram.o)
                0x000000000800db28                HAL_SDRAM_ProgramRefreshRate
 .text.HAL_TIM_Base_Init
                0x000000000800db58      0x140 ../../libDaisy//build/libdaisy.a(stm32h7xx_hal_tim.o)
                0x000000000800db58                HAL_TIM_Base_Init
 .text.HAL_TIM_Base_Start
                0x000000000800dc98       0x34 ../../libDaisy//build/libdaisy.a(stm32h7xx_hal_tim.o)
                0x000000000800dc98                HAL_TIM_Base_Start
 .text.HAL_TIM_Base_Start_IT
                0x000000000800dccc       0x2c ../../libDaisy//build/libdaisy.a(stm32h7xx_hal_tim.o)
                0x000000000800dccc                HAL_TIM_Base_Start_IT
 .text.HAL_TIM_ConfigClockSource
                0x000000000800dcf8      0x17c ../../libDaisy//build/libdaisy.a(stm32h7xx_hal_tim.o)
                0x000000000800dcf8                HAL_TIM_ConfigClockSource
 .text.HAL_TIM_OC_DelayElapsedCallback
                0x000000000800de74        0x4 ../../libDaisy//build/libdaisy.a(stm32h7xx_hal_tim.o)
                0x000000000800de74                HAL_TIM_OC_DelayElapsedCallback
 .text.HAL_TIM_IC_CaptureCallback
                0x000000000800de78        0x4 ../../libDaisy//build/libdaisy.a(stm32h7xx_hal_tim.o)
                0x000000000800de78                HAL_TIM_IC_CaptureCallback
 .text.HAL_TIM_PWM_PulseFinishedCallback
                0x000000000800de7c        0x4 ../../libDaisy//build/libdaisy.a(stm32h7xx_hal_tim.o)
                0x000000000800de7c                HAL_TIM_PWM_PulseFinishedCallback
 .text.HAL_TIM_TriggerCallback
                0x000000000800de80        0x4 ../../libDaisy//build/libdaisy.a(stm32h7xx_hal_tim.o)
                0x000000000800de80                HAL_TIM_TriggerCallback
 .text.HAL_TIM_IRQHandler
                0x000000000800de84      0x170 ../../libDaisy//build/libdaisy.a(stm32h7xx_hal_tim.o)
                0x000000000800de84                HAL_TIM_IRQHandler
 .text.HAL_TIMEx_MasterConfigSynchronization
                0x000000000800dff4       0x64 ../../libDaisy//build/libdaisy.a(stm32h7xx_hal_tim_ex.o)
                0x000000000800dff4                HAL_TIMEx_MasterConfigSynchronization
 .text.HAL_TIMEx_CommutCallback
                0x000000000800e058        0x4 ../../libDaisy//build/libdaisy.a(stm32h7xx_hal_tim_ex.o)
                0x000000000800e058                HAL_TIMEx_CommutCallback
 .text.HAL_TIMEx_BreakCallback
                0x000000000800e05c        0x4 ../../libDaisy//build/libdaisy.a(stm32h7xx_hal_tim_ex.o)
                0x000000000800e05c                HAL_TIMEx_BreakCallback
 .text.HAL_TIMEx_Break2Callback
                0x000000000800e060        0x4 ../../libDaisy//build/libdaisy.a(stm32h7xx_hal_tim_ex.o)
                0x000000000800e060                HAL_TIMEx_Break2Callback
 .text.FMC_SDRAM_Init
                0x000000000800e064       0x7c ../../libDaisy//build/libdaisy.a(stm32h7xx_ll_fmc.o)
                0x000000000800e064                FMC_SDRAM_Init
 .text.FMC_SDRAM_Timing_Init
                0x000000000800e0e0       0x98 ../../libDaisy//build/libdaisy.a(stm32h7xx_ll_fmc.o)
                0x000000000800e0e0                FMC_SDRAM_Timing_Init
 .text.FMC_SDRAM_SendCommand
                0x000000000800e178       0x28 ../../libDaisy//build/libdaisy.a(stm32h7xx_ll_fmc.o)
                0x000000000800e178                FMC_SDRAM_SendCommand
 .text.FMC_SDRAM_ProgramRefreshRate
                0x000000000800e1a0       0x1c ../../libDaisy//build/libdaisy.a(stm32h7xx_ll_fmc.o)
                0x000000000800e1a0                FMC_SDRAM_ProgramRefreshRate
 .text.SDMMC_ReadFIFO
                0x000000000800e1bc        0x8 ../../libDaisy//build/libdaisy.a(stm32h7xx_ll_sdmmc.o)
                0x000000000800e1bc                SDMMC_ReadFIFO
 .text.SDMMC_WriteFIFO
                0x000000000800e1c4        0xc ../../libDaisy//build/libdaisy.a(stm32h7xx_ll_sdmmc.o)
                0x000000000800e1c4                SDMMC_WriteFIFO
 .text.SDMMC_CmdStopTransfer
                0x000000000800e1d0      0x168 ../../libDaisy//build/libdaisy.a(stm32h7xx_ll_sdmmc.o)
                0x000000000800e1d0                SDMMC_CmdStopTransfer
 .text.USB_SetTurnaroundTime
                0x000000000800e338      0x104 ../../libDaisy//build/libdaisy.a(stm32h7xx_ll_usb.o)
                0x000000000800e338                USB_SetTurnaroundTime
 .text.USB_FlushTxFifo
                0x000000000800e43c       0x34 ../../libDaisy//build/libdaisy.a(stm32h7xx_ll_usb.o)
                0x000000000800e43c                USB_FlushTxFifo
 .text.USB_GetDevSpeed
                0x000000000800e470       0x24 ../../libDaisy//build/libdaisy.a(stm32h7xx_ll_usb.o)
                0x000000000800e470                USB_GetDevSpeed
 .text.USB_ActivateEndpoint
                0x000000000800e494       0x90 ../../libDaisy//build/libdaisy.a(stm32h7xx_ll_usb.o)
                0x000000000800e494                USB_ActivateEndpoint
 .text.USB_EPStartXfer
                0x000000000800e524      0x230 ../../libDaisy//build/libdaisy.a(stm32h7xx_ll_usb.o)
                0x000000000800e524                USB_EPStartXfer
 .text.USB_EP0StartXfer
                0x000000000800e754      0x174 ../../libDaisy//build/libdaisy.a(stm32h7xx_ll_usb.o)
                0x000000000800e754                USB_EP0StartXfer
 .text.USB_WritePacket
                0x000000000800e8c8       0x2c ../../libDaisy//build/libdaisy.a(stm32h7xx_ll_usb.o)
                0x000000000800e8c8                USB_WritePacket
 .text.USB_ReadPacket
                0x000000000800e8f4       0x20 ../../libDaisy//build/libdaisy.a(stm32h7xx_ll_usb.o)
                0x000000000800e8f4                USB_ReadPacket
 .text.USB_EPSetStall
                0x000000000800e914       0x68 ../../libDaisy//build/libdaisy.a(stm32h7xx_ll_usb.o)
                0x000000000800e914                USB_EPSetStall
 .text.USB_EPClearStall
                0x000000000800e97c       0x58 ../../libDaisy//build/libdaisy.a(stm32h7xx_ll_usb.o)
                0x000000000800e97c                USB_EPClearStall
 .text.USB_SetDevAddress
                0x000000000800e9d4       0x24 ../../libDaisy//build/libdaisy.a(stm32h7xx_ll_usb.o)
                0x000000000800e9d4                USB_SetDevAddress
 .text.USB_ReadInterrupts
                0x000000000800e9f8       0x14 ../../libDaisy//build/libdaisy.a(stm32h7xx_ll_usb.o)
                0x000000000800e9f8                USB_ReadInterrupts
 .text.USB_ReadDevAllOutEpInterrupt
                0x000000000800ea0c       0x1c ../../libDaisy//build/libdaisy.a(stm32h7xx_ll_usb.o)
                0x000000000800ea0c                USB_ReadDevAllOutEpInterrupt
 .text.USB_ReadDevAllInEpInterrupt
                0x000000000800ea28       0x1c ../../libDaisy//build/libdaisy.a(stm32h7xx_ll_usb.o)
                0x000000000800ea28                USB_ReadDevAllInEpInterrupt
 .text.USB_ReadDevOutEPInterrupt
                0x000000000800ea44       0x1c ../../libDaisy//build/libdaisy.a(stm32h7xx_ll_usb.o)
                0x000000000800ea44                USB_ReadDevOutEPInterrupt
 .text.USB_ReadDevInEPInterrupt
                0x000000000800ea60       0x38 ../../libDaisy//build/libdaisy.a(stm32h7xx_ll_usb.o)
                0x000000000800ea60                USB_ReadDevInEPInterrupt
 .text.USB_GetMode
                0x000000000800ea98        0x8 ../../libDaisy//build/libdaisy.a(stm32h7xx_ll_usb.o)
                0x000000000800ea98                USB_GetMode
 .text.USB_ActivateSetup
                0x000000000800eaa0       0x38 ../../libDaisy//build/libdaisy.a(stm32h7xx_ll_usb.o)
                0x000000000800eaa0                USB_ActivateSetup
 .text.USB_EP0_OutStart
                0x000000000800ead8       0x58 ../../libDaisy//build/libdaisy.a(stm32h7xx_ll_usb.o)
                0x000000000800ead8                USB_EP0_OutStart
 .text.USB_InitFSLSPClkSel
                0x000000000800eb30       0x44 ../../libDaisy//build/libdaisy.a(stm32h7xx_ll_usb.o)
                0x000000000800eb30                USB_InitFSLSPClkSel
 .text.USB_HC_ReadInterrupt
                0x000000000800eb74        0x8 ../../libDaisy//build/libdaisy.a(stm32h7xx_ll_usb.o)
                0x000000000800eb74                USB_HC_ReadInterrupt
 .text.USB_HC_Halt
                0x000000000800eb7c       0xc0 ../../libDaisy//build/libdaisy.a(stm32h7xx_ll_usb.o)
                0x000000000800eb7c                USB_HC_Halt
 .text.USB_StopHost
                0x000000000800ec3c      0x2ec ../../libDaisy//build/libdaisy.a(stm32h7xx_ll_usb.o)
                0x000000000800ec3c                USB_StopHost
 .text.USBD_SetClassConfig
                0x000000000800ef28       0x14 ../../libDaisy//build/libdaisy.a(usbd_core.o)
                0x000000000800ef28                USBD_SetClassConfig
 .text.USBD_ClrClassConfig
                0x000000000800ef3c       0x10 ../../libDaisy//build/libdaisy.a(usbd_core.o)
                0x000000000800ef3c                USBD_ClrClassConfig
 .text.USBD_LL_SetupStage
                0x000000000800ef4c       0x5c ../../libDaisy//build/libdaisy.a(usbd_core.o)
                0x000000000800ef4c                USBD_LL_SetupStage
 .text.USBD_LL_DataOutStage
                0x000000000800efa8       0x7c ../../libDaisy//build/libdaisy.a(usbd_core.o)
                0x000000000800efa8                USBD_LL_DataOutStage
 .text.USBD_LL_DataInStage
                0x000000000800f024       0xcc ../../libDaisy//build/libdaisy.a(usbd_core.o)
                0x000000000800f024                USBD_LL_DataInStage
 .text.USBD_LL_Reset
                0x000000000800f0f0       0x50 ../../libDaisy//build/libdaisy.a(usbd_core.o)
                0x000000000800f0f0                USBD_LL_Reset
 .text.USBD_LL_SetSpeed
                0x000000000800f140        0x8 ../../libDaisy//build/libdaisy.a(usbd_core.o)
                0x000000000800f140                USBD_LL_SetSpeed
 .text.USBD_LL_Suspend
                0x000000000800f148       0x14 ../../libDaisy//build/libdaisy.a(usbd_core.o)
                0x000000000800f148                USBD_LL_Suspend
 .text.USBD_LL_Resume
                0x000000000800f15c       0x10 ../../libDaisy//build/libdaisy.a(usbd_core.o)
                0x000000000800f15c                USBD_LL_Resume
 .text.USBD_LL_SOF
                0x000000000800f16c       0x1c ../../libDaisy//build/libdaisy.a(usbd_core.o)
                0x000000000800f16c                USBD_LL_SOF
 .text.USBD_LL_IsoINIncomplete
                0x000000000800f188        0x4 ../../libDaisy//build/libdaisy.a(usbd_core.o)
                0x000000000800f188                USBD_LL_IsoINIncomplete
 .text.USBD_LL_IsoOUTIncomplete
                0x000000000800f18c        0x4 ../../libDaisy//build/libdaisy.a(usbd_core.o)
                0x000000000800f18c                USBD_LL_IsoOUTIncomplete
 .text.USBD_LL_DevConnected
                0x000000000800f190        0x4 ../../libDaisy//build/libdaisy.a(usbd_core.o)
                0x000000000800f190                USBD_LL_DevConnected
 .text.USBD_LL_DevDisconnected
                0x000000000800f194       0x18 ../../libDaisy//build/libdaisy.a(usbd_core.o)
                0x000000000800f194                USBD_LL_DevDisconnected
 .text.USBD_StdDevReq
                0x000000000800f1ac      0x304 ../../libDaisy//build/libdaisy.a(usbd_ctlreq.o)
                0x000000000800f1ac                USBD_StdDevReq
 .text.USBD_StdItfReq
                0x000000000800f4b0       0x68 ../../libDaisy//build/libdaisy.a(usbd_ctlreq.o)
                0x000000000800f4b0                USBD_StdItfReq
 .text.USBD_StdEPReq
                0x000000000800f518      0x13c ../../libDaisy//build/libdaisy.a(usbd_ctlreq.o)
                0x000000000800f518                USBD_StdEPReq
 .text.USBD_ParseSetupRequest
                0x000000000800f654       0x28 ../../libDaisy//build/libdaisy.a(usbd_ctlreq.o)
                0x000000000800f654                USBD_ParseSetupRequest
 .text.USBD_CtlSendData
                0x000000000800f67c       0x1c ../../libDaisy//build/libdaisy.a(usbd_ioreq.o)
                0x000000000800f67c                USBD_CtlSendData
 .text.USBD_CtlContinueSendData
                0x000000000800f698       0x14 ../../libDaisy//build/libdaisy.a(usbd_ioreq.o)
                0x000000000800f698                USBD_CtlContinueSendData
 .text.USBD_CtlContinueRx
                0x000000000800f6ac       0x14 ../../libDaisy//build/libdaisy.a(usbd_ioreq.o)
                0x000000000800f6ac                USBD_CtlContinueRx
 .text.USBD_CtlSendStatus
                0x000000000800f6c0       0x18 ../../libDaisy//build/libdaisy.a(usbd_ioreq.o)
                0x000000000800f6c0                USBD_CtlSendStatus
 .text.USBD_CtlReceiveStatus
                0x000000000800f6d8       0x18 ../../libDaisy//build/libdaisy.a(usbd_ioreq.o)
                0x000000000800f6d8                USBD_CtlReceiveStatus
 .text.USBH_LL_IncTimer
                0x000000000800f6f0       0x20 ../../libDaisy//build/libdaisy.a(usbh_core.o)
                0x000000000800f6f0                USBH_LL_IncTimer
 .text.USBH_LL_PortEnabled
                0x000000000800f710        0x8 ../../libDaisy//build/libdaisy.a(usbh_core.o)
                0x000000000800f710                USBH_LL_PortEnabled
 .text.USBH_LL_PortDisabled
                0x000000000800f718        0x8 ../../libDaisy//build/libdaisy.a(usbh_core.o)
                0x000000000800f718                USBH_LL_PortDisabled
 .text.USBH_LL_Connect
                0x000000000800f720       0x18 ../../libDaisy//build/libdaisy.a(usbh_core.o)
                0x000000000800f720                USBH_LL_Connect
 .text.USBH_LL_Disconnect
                0x000000000800f738       0x2c ../../libDaisy//build/libdaisy.a(usbh_core.o)
                0x000000000800f738                USBH_LL_Disconnect
 .text.USBH_FreePipe
                0x000000000800f764       0x18 ../../libDaisy//build/libdaisy.a(usbh_pipes.o)
                0x000000000800f764                USBH_FreePipe
 .text._ZN5daisy6Random4InitEv
                0x000000000800f77c       0x3c ../../libDaisy//build/libdaisy.a(rng.o)
                0x000000000800f77c                daisy::Random::Init()
 .text._ZN5daisy9SpiHandle4Impl7InitDmaEv
                0x000000000800f7b8       0xec ../../libDaisy//build/libdaisy.a(spi.o)
                0x000000000800f7b8                daisy::SpiHandle::Impl::InitDma()
 .text._ZN5daisy9SpiHandle4Impl10StartDmaTxEPhjPFvPvEPFvS3_NS0_6ResultEES3_
                0x000000000800f8a4       0xc8 ../../libDaisy//build/libdaisy.a(spi.o)
                0x000000000800f8a4                daisy::SpiHandle::Impl::StartDmaTx(unsigned char*, unsigned int, void (*)(void*), void (*)(void*, daisy::SpiHandle::Result), void*)
 .text._ZN5daisy9SpiHandle4Impl10StartDmaRxEPhjPFvPvEPFvS3_NS0_6ResultEES3_
                0x000000000800f96c       0xc8 ../../libDaisy//build/libdaisy.a(spi.o)
                0x000000000800f96c                daisy::SpiHandle::Impl::StartDmaRx(unsigned char*, unsigned int, void (*)(void*), void (*)(void*, daisy::SpiHandle::Result), void*)
 .text._ZN5daisy9SpiHandle4Impl12StartDmaRxTxEPhS2_jPFvPvEPFvS3_NS0_6ResultEES3_
                0x000000000800fa34       0xcc ../../libDaisy//build/libdaisy.a(spi.o)
                0x000000000800fa34                daisy::SpiHandle::Impl::StartDmaRxTx(unsigned char*, unsigned char*, unsigned int, void (*)(void*), void (*)(void*, daisy::SpiHandle::Result), void*)
 .text._ZN5daisy9SpiHandle4Impl8InitPinsEv
                0x000000000800fb00      0x274 ../../libDaisy//build/libdaisy.a(spi.o)
                0x000000000800fb00                daisy::SpiHandle::Impl::InitPins()
 .text.HAL_SPI_MspInit
                0x000000000800fd74      0x1a8 ../../libDaisy//build/libdaisy.a(spi.o)
                0x000000000800fd74                HAL_SPI_MspInit
 .text.dsy_spi_global_init
                0x000000000800ff1c       0x80 ../../libDaisy//build/libdaisy.a(spi.o)
                0x000000000800ff1c                dsy_spi_global_init
 .text.SPI1_IRQHandler
                0x000000000800ff9c        0xc ../../libDaisy//build/libdaisy.a(spi.o)
                0x000000000800ff9c                SPI1_IRQHandler
 .text.SPI2_IRQHandler
                0x000000000800ffa8        0xc ../../libDaisy//build/libdaisy.a(spi.o)
                0x000000000800ffa8                SPI2_IRQHandler
 .text.SPI3_IRQHandler
                0x000000000800ffb4        0xc ../../libDaisy//build/libdaisy.a(spi.o)
                0x000000000800ffb4                SPI3_IRQHandler
 .text.SPI4_IRQHandler
                0x000000000800ffc0        0xc ../../libDaisy//build/libdaisy.a(spi.o)
                0x000000000800ffc0                SPI4_IRQHandler
 .text.SPI5_IRQHandler
                0x000000000800ffcc        0xc ../../libDaisy//build/libdaisy.a(spi.o)
                0x000000000800ffcc                SPI5_IRQHandler
 .text.DMA2_Stream2_IRQHandler
                0x000000000800ffd8       0x34 ../../libDaisy//build/libdaisy.a(spi.o)
                0x000000000800ffd8                DMA2_Stream2_IRQHandler
 .text.DMA2_Stream3_IRQHandler
                0x000000000801000c       0x38 ../../libDaisy//build/libdaisy.a(spi.o)
                0x000000000801000c                DMA2_Stream3_IRQHandler
 .text.HAL_SPI_TxCpltCallback
                0x0000000008010044       0xc4 ../../libDaisy//build/libdaisy.a(spi.o)
                0x0000000008010044                HAL_SPI_TxCpltCallback
 .text.HAL_SPI_RxCpltCallback
                0x0000000008010108       0xc4 ../../libDaisy//build/libdaisy.a(spi.o)
                0x0000000008010108                HAL_SPI_RxCpltCallback
 .text.HAL_SPI_TxRxCpltCallback
                0x00000000080101cc       0xc4 ../../libDaisy//build/libdaisy.a(spi.o)
                0x00000000080101cc                HAL_SPI_TxRxCpltCallback
 .text.HAL_SPI_ErrorCallback
                0x0000000008010290       0xc8 ../../libDaisy//build/libdaisy.a(spi.o)
                0x0000000008010290                HAL_SPI_ErrorCallback
 .text.startup._GLOBAL__sub_I__Z19MapInstanceToHandleP11SPI_TypeDef
                0x0000000008010358      0x1b0 ../../libDaisy//build/libdaisy.a(spi.o)
 .text.HAL_TIM_Base_MspInit
                0x0000000008010508      0x1e0 ../../libDaisy//build/libdaisy.a(tim.o)
                0x0000000008010508                HAL_TIM_Base_MspInit
 .text.HAL_TIM_PeriodElapsedCallback
                0x00000000080106e8       0x44 ../../libDaisy//build/libdaisy.a(tim.o)
                0x00000000080106e8                HAL_TIM_PeriodElapsedCallback
 .text.TIM2_IRQHandler
                0x000000000801072c        0xc ../../libDaisy//build/libdaisy.a(tim.o)
                0x000000000801072c                TIM2_IRQHandler
 .text.TIM3_IRQHandler
                0x0000000008010738        0xc ../../libDaisy//build/libdaisy.a(tim.o)
                0x0000000008010738                TIM3_IRQHandler
 .text.TIM4_IRQHandler
                0x0000000008010744        0xc ../../libDaisy//build/libdaisy.a(tim.o)
                0x0000000008010744                TIM4_IRQHandler
 .text.TIM5_IRQHandler
                0x0000000008010750        0xc ../../libDaisy//build/libdaisy.a(tim.o)
                0x0000000008010750                TIM5_IRQHandler
 .text._ZN5daisy11TimerHandle4InitERKNS0_6ConfigE
                0x000000000801075c       0xd0 ../../libDaisy//build/libdaisy.a(tim.o)
                0x000000000801075c                daisy::TimerHandle::Init(daisy::TimerHandle::Config const&)
 .text._ZN5daisy11TimerHandle5StartEv
                0x000000000801082c       0x24 ../../libDaisy//build/libdaisy.a(tim.o)
                0x000000000801082c                daisy::TimerHandle::Start()
 .text.startup._GLOBAL__sub_I__ZN5daisy11TimerHandle4Impl4InitERKNS0_6ConfigE
                0x0000000008010850       0x38 ../../libDaisy//build/libdaisy.a(tim.o)
 .text._ZN5daisy11UartHandler4Impl7InitDmaEbb
                0x0000000008010888      0x164 ../../libDaisy//build/libdaisy.a(uart.o)
                0x0000000008010888                daisy::UartHandler::Impl::InitDma(bool, bool)
 .text._ZN5daisy11UartHandler4Impl10HandleFifoEv
                0x00000000080109ec       0xec ../../libDaisy//build/libdaisy.a(uart.o)
                0x00000000080109ec                daisy::UartHandler::Impl::HandleFifo()
 .text._ZN5daisy11UartHandler4Impl10StartDmaTxEPhjPFvPvEPFvS3_NS0_6ResultEES3_
                0x0000000008010ad8       0xcc ../../libDaisy//build/libdaisy.a(uart.o)
                0x0000000008010ad8                daisy::UartHandler::Impl::StartDmaTx(unsigned char*, unsigned int, void (*)(void*), void (*)(void*, daisy::UartHandler::Result), void*)
 .text._ZN5daisy11UartHandler4Impl10StartDmaRxEPhjPFvPvEPFvS3_NS0_6ResultEES3_
                0x0000000008010ba4       0xcc ../../libDaisy//build/libdaisy.a(uart.o)
                0x0000000008010ba4                daisy::UartHandler::Impl::StartDmaRx(unsigned char*, unsigned int, void (*)(void*), void (*)(void*, daisy::UartHandler::Result), void*)
 .text._ZN5daisy11UartHandler4Impl19DmaTransferFinishedEP20__UART_HandleTypeDefNS0_6ResultE