Archive member included to satisfy reference by file (symbol)

../../libDaisy//build/libdaisy.a(daisy_patch_sm.o)
                              build/ifft.o (daisy::patch_sm::DaisyPatchSM::Init())
../../libDaisy//build/libdaisy.a(codec_pcm3060.o)
                              ../../libDaisy//build/libdaisy.a(daisy_patch_sm.o) (daisy::Pcm3060::Init(daisy::I2CHandle))
../../libDaisy//build/libdaisy.a(sdram.o)
                              ../../libDaisy//build/libdaisy.a(daisy_patch_sm.o) (SdramHandle::Init())
../../libDaisy//build/libdaisy.a(audio.o)
                              ../../libDaisy//build/libdaisy.a(daisy_patch_sm.o) (daisy::AudioHandle::Init(daisy::AudioHandle::Config const&, daisy::SaiHandle))
../../libDaisy//build/libdaisy.a(ctrl.o)
                              ../../libDaisy//build/libdaisy.a(daisy_patch_sm.o) (daisy::AnalogControl::Init(unsigned short*, float, bool, bool, float))
../../libDaisy//build/libdaisy.a(encoder.o)
                              build/patch_bay.o (daisy::Encoder::Init(dsy_gpio_pin, dsy_gpio_pin, dsy_gpio_pin, float))
../../libDaisy//build/libdaisy.a(gatein.o)
                              ../../libDaisy//build/libdaisy.a(daisy_patch_sm.o) (daisy::GateIn::Init(dsy_gpio_pin*, bool))
../../libDaisy//build/libdaisy.a(led.o)
                              build/patch_bay.o (daisy::Led::Init(dsy_gpio_pin, bool, float))
../../libDaisy//build/libdaisy.a(switch.o)
                              build/patch_bay.o (daisy::Switch::Init(dsy_gpio_pin, float))
../../libDaisy//build/libdaisy.a(adc.o)
                              ../../libDaisy//build/libdaisy.a(daisy_patch_sm.o) (daisy::AdcChannelConfig::InitSingle(dsy_gpio_pin))
../../libDaisy//build/libdaisy.a(dac.o)
                              ../../libDaisy//build/libdaisy.a(daisy_patch_sm.o) (daisy::DacHandle::Init(daisy::DacHandle::Config const&))
../../libDaisy//build/libdaisy.a(gpio.o)
                              ../../libDaisy//build/libdaisy.a(daisy_patch_sm.o) (dsy_gpio_init)
../../libDaisy//build/libdaisy.a(i2c.o)
                              build/patch_bay.o (daisy::I2CHandle::Init(daisy::I2CHandle::Config const&))
../../libDaisy//build/libdaisy.a(qspi.o)
                              ../../libDaisy//build/libdaisy.a(daisy_patch_sm.o) (daisy::QSPIHandle::Init(daisy::QSPIHandle::Config const&))
../../libDaisy//build/libdaisy.a(sai.o)
                              ../../libDaisy//build/libdaisy.a(daisy_patch_sm.o) (daisy::SaiHandle::Init(daisy::SaiHandle::Config const&))
../../libDaisy//build/libdaisy.a(sdmmc.o)
                              build/patch_bay.o (daisy::SdmmcHandler::Init(daisy::SdmmcHandler::Config const&))
../../libDaisy//build/libdaisy.a(system.o)
                              ../../libDaisy//build/libdaisy.a(encoder.o) (daisy::System::GetNow())
../../libDaisy//build/libdaisy.a(system_stm32h7xx.o)
                              build/startup_stm32h750xx.o (SystemInit)
../../libDaisy//build/libdaisy.a(usbd_conf.o)
                              ../../libDaisy//build/libdaisy.a(system.o) (hpcd_USB_OTG_HS)
../../libDaisy//build/libdaisy.a(usbh_conf.o)
                              ../../libDaisy//build/libdaisy.a(system.o) (hhcd_USB_OTG_HS)
../../libDaisy//build/libdaisy.a(hal_map.o)
                              ../../libDaisy//build/libdaisy.a(gpio.o) (dsy_hal_map_get_port)
../../libDaisy//build/libdaisy.a(stm32h7xx_hal.o)
                              ../../libDaisy//build/libdaisy.a(system.o) (HAL_Init)
../../libDaisy//build/libdaisy.a(stm32h7xx_hal_adc.o)
                              ../../libDaisy//build/libdaisy.a(adc.o) (HAL_ADC_ConfigChannel)
../../libDaisy//build/libdaisy.a(stm32h7xx_hal_adc_ex.o)
                              ../../libDaisy//build/libdaisy.a(adc.o) (HAL_ADCEx_Calibration_Start)
../../libDaisy//build/libdaisy.a(stm32h7xx_hal_cortex.o)
                              ../../libDaisy//build/libdaisy.a(stm32h7xx_hal.o) (HAL_NVIC_SetPriorityGrouping)
../../libDaisy//build/libdaisy.a(stm32h7xx_hal_dac.o)
                              ../../libDaisy//build/libdaisy.a(dac.o) (HAL_DAC_Init)
../../libDaisy//build/libdaisy.a(stm32h7xx_hal_dac_ex.o)
                              ../../libDaisy//build/libdaisy.a(stm32h7xx_hal_dac.o) (HAL_DACEx_DMAUnderrunCallbackCh2)
../../libDaisy//build/libdaisy.a(stm32h7xx_hal_dma.o)
                              ../../libDaisy//build/libdaisy.a(adc.o) (HAL_DMA_Init)
../../libDaisy//build/libdaisy.a(stm32h7xx_hal_gpio.o)
                              ../../libDaisy//build/libdaisy.a(sdram.o) (HAL_GPIO_Init)
../../libDaisy//build/libdaisy.a(stm32h7xx_hal_hcd.o)
                              ../../libDaisy//build/libdaisy.a(usbh_conf.o) (HAL_HCD_HC_Init)
../../libDaisy//build/libdaisy.a(stm32h7xx_hal_i2c.o)
                              ../../libDaisy//build/libdaisy.a(i2c.o) (HAL_I2C_Init)
../../libDaisy//build/libdaisy.a(stm32h7xx_hal_i2c_ex.o)
                              ../../libDaisy//build/libdaisy.a(i2c.o) (HAL_I2CEx_ConfigAnalogFilter)
[...]
Memory Configuration

Name             Origin             Length             Attributes
FLASH            0x0000000008000000 0x0000000000020000 xr
DTCMRAM          0x0000000020000000 0x0000000000020000 xrw
SRAM             0x0000000024000000 0x0000000000080000 xrw
RAM_D2           0x0000000030000000 0x0000000000048000 xrw
RAM_D3           0x0000000038000000 0x0000000000010000 xrw
ITCMRAM          0x0000000000000000 0x0000000000010000 xrw
SDRAM            0x00000000c0000000 0x0000000004000000 xrw
QSPIFLASH        0x0000000090000000 0x0000000000800000 xr
*default*        0x0000000000000000 0xffffffffffffffff

Linker script and memory map

LOAD /opt/homebrew/Cellar/arm-none-eabi-gcc/10.3-2021.07/gcc/bin/../lib/gcc/arm-none-eabi/10.3.1/thumb/v7e-m+dp/hard/crti.o
LOAD /opt/homebrew/Cellar/arm-none-eabi-gcc/10.3-2021.07/gcc/bin/../lib/gcc/arm-none-eabi/10.3.1/thumb/v7e-m+dp/hard/crtbegin.o
LOAD /opt/homebrew/Cellar/arm-none-eabi-gcc/10.3-2021.07/gcc/bin/../lib/gcc/arm-none-eabi/10.3.1/../../../../arm-none-eabi/lib/thumb/v7e-m+dp/hard/crt0.o
LOAD build/arm_rfft_fast_f32.o
LOAD build/arm_cfft_f32.o
LOAD build/arm_rfft_fast_init_f32.o
LOAD build/arm_mult_f32.o
LOAD build/arm_cmplx_mag_f32.o
LOAD build/arm_max_f32.o
LOAD build/arm_mean_f32.o
LOAD build/arm_common_tables.o
LOAD build/arm_const_structs.o
LOAD build/arm_bitreversal.o
LOAD build/arm_cfft_radix8_f32.o
LOAD build/startup_stm32h750xx.o
LOAD build/ifft.o
LOAD build/patch_bay.o
LOAD build/arm_bitreversal2.o
LOAD ../../libDaisy//build/libdaisy.a
LOAD /opt/homebrew/Cellar/arm-none-eabi-gcc/10.3-2021.07/gcc/bin/../lib/gcc/arm-none-eabi/10.3.1/../../../../arm-none-eabi/lib/thumb/v7e-m+dp/hard/libnosys.a
LOAD ../../DaisySP//build/libdaisysp.a
LOAD /opt/homebrew/Cellar/arm-none-eabi-gcc/10.3-2021.07/gcc/bin/../lib/gcc/arm-none-eabi/10.3.1/../../../../arm-none-eabi/lib/thumb/v7e-m+dp/hard/libstdc++_nano.a
LOAD /opt/homebrew/Cellar/arm-none-eabi-gcc/10.3-2021.07/gcc/bin/../lib/gcc/arm-none-eabi/10.3.1/../../../../arm-none-eabi/lib/thumb/v7e-m+dp/hard/libm.a
LOAD /opt/homebrew/Cellar/arm-none-eabi-gcc/10.3-2021.07/gcc/bin/../lib/gcc/arm-none-eabi/10.3.1/../../../../arm-none-eabi/lib/thumb/v7e-m+dp/hard/libc_nano.a
START GROUP
LOAD /opt/homebrew/Cellar/arm-none-eabi-gcc/10.3-2021.07/gcc/bin/../lib/gcc/arm-none-eabi/10.3.1/thumb/v7e-m+dp/hard/libgcc.a
LOAD /opt/homebrew/Cellar/arm-none-eabi-gcc/10.3-2021.07/gcc/bin/../lib/gcc/arm-none-eabi/10.3.1/../../../../arm-none-eabi/lib/thumb/v7e-m+dp/hard/libc_nano.a
END GROUP
START GROUP
LOAD /opt/homebrew/Cellar/arm-none-eabi-gcc/10.3-2021.07/gcc/bin/../lib/gcc/arm-none-eabi/10.3.1/thumb/v7e-m+dp/hard/libgcc.a
LOAD /opt/homebrew/Cellar/arm-none-eabi-gcc/10.3-2021.07/gcc/bin/../lib/gcc/arm-none-eabi/10.3.1/../../../../arm-none-eabi/lib/thumb/v7e-m+dp/hard/libc_nano.a
LOAD /opt/homebrew/Cellar/arm-none-eabi-gcc/10.3-2021.07/gcc/bin/../lib/gcc/arm-none-eabi/10.3.1/../../../../arm-none-eabi/lib/thumb/v7e-m+dp/hard/libnosys.a
END GROUP
START GROUP
LOAD /opt/homebrew/Cellar/arm-none-eabi-gcc/10.3-2021.07/gcc/bin/../lib/gcc/arm-none-eabi/10.3.1/thumb/v7e-m+dp/hard/libgcc.a
LOAD /opt/homebrew/Cellar/arm-none-eabi-gcc/10.3-2021.07/gcc/bin/../lib/gcc/arm-none-eabi/10.3.1/../../../../arm-none-eabi/lib/thumb/v7e-m+dp/hard/libc_nano.a
LOAD /opt/homebrew/Cellar/arm-none-eabi-gcc/10.3-2021.07/gcc/bin/../lib/gcc/arm-none-eabi/10.3.1/../../../../arm-none-eabi/lib/thumb/v7e-m+dp/hard/libnosys.a
END GROUP
LOAD /opt/homebrew/Cellar/arm-none-eabi-gcc/10.3-2021.07/gcc/bin/../lib/gcc/arm-none-eabi/10.3.1/thumb/v7e-m+dp/hard/crtend.o
LOAD /opt/homebrew/Cellar/arm-none-eabi-gcc/10.3-2021.07/gcc/bin/../lib/gcc/arm-none-eabi/10.3.1/thumb/v7e-m+dp/hard/crtn.o
                0x0000000020020000                _estack = 0x20020000

.isr_vector     0x0000000008000000      0x298
                0x0000000008000000                . = ALIGN (0x4)
 *(.isr_vector)
 .isr_vector    0x0000000008000000      0x298 build/startup_stm32h750xx.o
                0x0000000008000000                g_pfnVectors
                0x0000000008000298                . = ALIGN (0x4)

.text           0x0000000008000298    0x16ee8
                0x0000000008000298                . = ALIGN (0x4)
                0x0000000008000298                _stext = .
 *(.text)
 .text          0x0000000008000298       0x40 /opt/homebrew/Cellar/arm-none-eabi-gcc/10.3-2021.07/gcc/bin/../lib/gcc/arm-none-eabi/10.3.1/thumb/v7e-m+dp/hard/crtbegin.o
 .text          0x00000000080002d8       0xc0 build/arm_bitreversal2.o
                0x00000000080002d8                arm_bitreversal_32
                0x0000000008000342                arm_bitreversal_16
 .text          0x0000000008000398      0x378 /opt/homebrew/Cellar/arm-none-eabi-gcc/10.3-2021.07/gcc/bin/../lib/gcc/arm-none-eabi/10.3.1/thumb/v7e-m+dp/hard/libgcc.a(_arm_addsubdf3.o)
                0x0000000008000398                __aeabi_drsub
                0x00000000080003a0                __subdf3
                0x00000000080003a0                __aeabi_dsub
                0x00000000080003a4                __aeabi_dadd
                0x00000000080003a4                __adddf3
                0x000000000800061c                __aeabi_ui2d
                0x000000000800061c                __floatunsidf
                0x000000000800063c                __floatsidf
                0x000000000800063c                __aeabi_i2d
                0x0000000008000660                __extendsfdf2
                0x0000000008000660                __aeabi_f2d
                0x00000000080006a4                __aeabi_ul2d
                0x00000000080006a4                __floatundidf
                0x00000000080006b4                __aeabi_l2d
                0x00000000080006b4                __floatdidf
 .text          0x0000000008000710       0x30 /opt/homebrew/Cellar/arm-none-eabi-gcc/10.3-2021.07/gcc/bin/../lib/gcc/arm-none-eabi/10.3.1/thumb/v7e-m+dp/hard/libgcc.a(_aeabi_uldivmod.o)
                0x0000000008000710                __aeabi_uldivmod
 .text          0x0000000008000740      0x2d0 /opt/homebrew/Cellar/arm-none-eabi-gcc/10.3-2021.07/gcc/bin/../lib/gcc/arm-none-eabi/10.3.1/thumb/v7e-m+dp/hard/libgcc.a(_udivmoddi4.o)
                0x0000000008000740                __udivmoddi4
 .text          0x0000000008000a10        0x4 /opt/homebrew/Cellar/arm-none-eabi-gcc/10.3-2021.07/gcc/bin/../lib/gcc/arm-none-eabi/10.3.1/thumb/v7e-m+dp/hard/libgcc.a(_dvmd_tls.o)
                0x0000000008000a10                __aeabi_ldiv0
                0x0000000008000a10                __aeabi_idiv0
 *(.text*)
 .text.stage_rfft_f32
                0x0000000008000a14       0xb0 build/arm_rfft_fast_f32.o
                0x0000000008000a14                stage_rfft_f32
 .text.merge_rfft_f32
                0x0000000008000ac4       0x9c build/arm_rfft_fast_f32.o
                0x0000000008000ac4                merge_rfft_f32
 .text.arm_rfft_fast_f32
                0x0000000008000b60       0x40 build/arm_rfft_fast_f32.o
                0x0000000008000b60                arm_rfft_fast_f32
 .text.arm_cfft_radix8by2_f32
                0x0000000008000ba0      0x198 build/arm_cfft_f32.o
                0x0000000008000ba0                arm_cfft_radix8by2_f32
 .text.arm_cfft_radix8by4_f32
                0x0000000008000d38      0x498 build/arm_cfft_f32.o
                0x0000000008000d38                arm_cfft_radix8by4_f32
 .text.arm_cfft_f32
                0x00000000080011d0       0xec build/arm_cfft_f32.o
                0x00000000080011d0                arm_cfft_f32
 .text.arm_radix8_butterfly_f32
                0x00000000080012bc      0x528 build/arm_cfft_radix8_f32.o
                0x00000000080012bc                arm_radix8_butterfly_f32
 .text.Default_Handler
                0x00000000080017e4        0x4 build/startup_stm32h750xx.o
                0x00000000080017e4                SAI1_IRQHandler
                0x00000000080017e4                HASH_RNG_IRQHandler
                0x00000000080017e4                EXTI2_IRQHandler
                0x00000000080017e4                TIM8_CC_IRQHandler
                0x00000000080017e4                HRTIM1_Master_IRQHandler
                0x00000000080017e4                DebugMon_Handler
                0x00000000080017e4                TIM1_CC_IRQHandler
                0x00000000080017e4                BDMA_Channel6_IRQHandler
                0x00000000080017e4                DMA2_Stream5_IRQHandler
                0x00000000080017e4                HRTIM1_FLT_IRQHandler
                0x00000000080017e4                JPEG_IRQHandler
                0x00000000080017e4                BDMA_Channel1_IRQHandler
                0x00000000080017e4                HRTIM1_TIMD_IRQHandler
                0x00000000080017e4                TAMP_STAMP_IRQHandler
                0x00000000080017e4                PendSV_Handler
                0x00000000080017e4                NMI_Handler
                0x00000000080017e4                EXTI3_IRQHandler
                0x00000000080017e4                LPTIM4_IRQHandler
                0x00000000080017e4                TIM8_TRG_COM_TIM14_IRQHandler
                0x00000000080017e4                LPTIM2_IRQHandler
                0x00000000080017e4                DFSDM1_FLT1_IRQHandler
                0x00000000080017e4                DMAMUX2_OVR_IRQHandler
                0x00000000080017e4                TIM8_UP_TIM13_IRQHandler
                0x00000000080017e4                I2C3_ER_IRQHandler
                0x00000000080017e4                DFSDM1_FLT2_IRQHandler
                0x00000000080017e4                MDMA_IRQHandler
                0x00000000080017e4                LPTIM3_IRQHandler
                0x00000000080017e4                HSEM1_IRQHandler
                0x00000000080017e4                EXTI0_IRQHandler
                0x00000000080017e4                FPU_IRQHandler
                0x00000000080017e4                OTG_HS_WKUP_IRQHandler
                0x00000000080017e4                FDCAN1_IT1_IRQHandler
                0x00000000080017e4                UsageFault_Handler
                0x00000000080017e4                LTDC_ER_IRQHandler
                0x00000000080017e4                HRTIM1_TIME_IRQHandler
                0x00000000080017e4                DCMI_IRQHandler
                0x00000000080017e4                HRTIM1_TIMC_IRQHandler
                0x00000000080017e4                SAI2_IRQHandler
                0x00000000080017e4                DFSDM1_FLT3_IRQHandler
                0x00000000080017e4                TIM17_IRQHandler
                0x00000000080017e4                CRYP_IRQHandler
                0x00000000080017e4                BDMA_Channel7_IRQHandler
                0x00000000080017e4                LPTIM5_IRQHandler
                0x00000000080017e4                ADC3_IRQHandler
                0x00000000080017e4                BDMA_Channel2_IRQHandler
                0x00000000080017e4                DMAMUX1_OVR_IRQHandler
                0x00000000080017e4                TIM16_IRQHandler
                0x00000000080017e4                BDMA_Channel5_IRQHandler
                0x00000000080017e4                RCC_IRQHandler
                0x00000000080017e4                TIM8_BRK_TIM12_IRQHandler
                0x00000000080017e4                TIM1_TRG_COM_IRQHandler
                0x00000000080017e4                Default_Handler
                0x00000000080017e4                ECC_IRQHandler
                0x00000000080017e4                CEC_IRQHandler
                0x00000000080017e4                EXTI15_10_IRQHandler
                0x00000000080017e4                BDMA_Channel0_IRQHandler
                0x00000000080017e4                ADC_IRQHandler
                0x00000000080017e4                DMA1_Stream7_IRQHandler
                0x00000000080017e4                HRTIM1_TIMA_IRQHandler
                0x00000000080017e4                TIM7_IRQHandler
                0x00000000080017e4                DMA2_Stream7_IRQHandler
                0x00000000080017e4                TIM15_IRQHandler
                0x00000000080017e4                PVD_AVD_IRQHandler
                0x00000000080017e4                EXTI9_5_IRQHandler
                0x00000000080017e4                RTC_WKUP_IRQHandler
                0x00000000080017e4                LTDC_IRQHandler
                0x00000000080017e4                SAI3_IRQHandler
                0x00000000080017e4                ETH_WKUP_IRQHandler
                0x00000000080017e4                SPDIF_RX_IRQHandler
                0x00000000080017e4                MemManage_Handler
                0x00000000080017e4                SVC_Handler
                0x00000000080017e4                CRS_IRQHandler
                0x00000000080017e4                EXTI4_IRQHandler
                0x00000000080017e4                HRTIM1_TIMB_IRQHandler
                0x00000000080017e4                FDCAN2_IT1_IRQHandler
                0x00000000080017e4                ETH_IRQHandler
                0x00000000080017e4                TIM1_UP_IRQHandler
                0x00000000080017e4                BDMA_Channel4_IRQHandler
                0x00000000080017e4                WWDG_IRQHandler
                0x00000000080017e4                SPI6_IRQHandler
                0x00000000080017e4                I2C4_EV_IRQHandler
                0x00000000080017e4                MDIOS_IRQHandler
                0x00000000080017e4                FDCAN2_IT0_IRQHandler
                0x00000000080017e4                FDCAN1_IT0_IRQHandler
                0x00000000080017e4                OTG_FS_WKUP_IRQHandler
                0x00000000080017e4                DMA2D_IRQHandler
                0x00000000080017e4                TIM1_BRK_IRQHandler
                0x00000000080017e4                EXTI1_IRQHandler
                0x00000000080017e4                SDMMC2_IRQHandler
                0x00000000080017e4                OTG_FS_EP1_OUT_IRQHandler
                0x00000000080017e4                BDMA_Channel3_IRQHandler
                0x00000000080017e4                MDIOS_WKUP_IRQHandler
                0x00000000080017e4                DFSDM1_FLT0_IRQHandler
                0x00000000080017e4                SAI4_IRQHandler
                0x00000000080017e4                I2C2_ER_IRQHandler
                0x00000000080017e4                FLASH_IRQHandler
                0x00000000080017e4                BusFault_Handler
                0x00000000080017e4                OTG_FS_IRQHandler
                0x00000000080017e4                WAKEUP_PIN_IRQHandler
                0x00000000080017e4                OTG_FS_EP1_IN_IRQHandler
                0x00000000080017e4                I2C1_ER_IRQHandler
                0x00000000080017e4                FMC_IRQHandler
                0x00000000080017e4                FDCAN_CAL_IRQHandler
                0x00000000080017e4                SWPMI1_IRQHandler
                0x00000000080017e4                COMP1_IRQHandler
                0x00000000080017e4                LPTIM1_IRQHandler
                0x00000000080017e4                I2C4_ER_IRQHandler
                0x00000000080017e4                DMA2_Stream6_IRQHandler
                0x00000000080017e4                RTC_Alarm_IRQHandler
 .text.Reset_Handler
                0x00000000080017e8       0x44 build/startup_stm32h750xx.o
                0x00000000080017e8                Reset_Handler
 .text._ZN5daisy8patch_sm12DaisyPatchSMD2Ev
                0x000000000800182c        0x4 build/ifft.o
                0x000000000800182c                daisy::patch_sm::DaisyPatchSM::~DaisyPatchSM()
                0x000000000800182c                daisy::patch_sm::DaisyPatchSM::~DaisyPatchSM()
 .text._ZN5daisy11OledDisplayINS_13SSD130xDriverILj128ELj64ENS_19SSD130xI2CTransportEEEED2Ev
                0x0000000008001830        0x4 build/ifft.o
                0x0000000008001830                daisy::OledDisplay<daisy::SSD130xDriver<128u, 64u, daisy::SSD130xI2CTransport> >::~OledDisplay()
                0x0000000008001830                daisy::OledDisplay<daisy::SSD130xDriver<128u, 64u, daisy::SSD130xI2CTransport> >::~OledDisplay()
 .text._ZN5daisy9Patch_BayD2Ev
                0x0000000008001834        0x4 build/ifft.o
                0x0000000008001834                daisy::Patch_Bay::~Patch_Bay()
                0x0000000008001834                daisy::Patch_Bay::~Patch_Bay()
 .text._ZNK5daisy11OledDisplayINS_13SSD130xDriverILj128ELj64ENS_19SSD130xI2CTransportEEEE6HeightEv
                0x0000000008001838        0x4 build/ifft.o
                0x0000000008001838                daisy::OledDisplay<daisy::SSD130xDriver<128u, 64u, daisy::SSD130xI2CTransport> >::Height() const
 .text._ZNK5daisy11OledDisplayINS_13SSD130xDriverILj128ELj64ENS_19SSD130xI2CTransportEEEE5WidthEv
                0x000000000800183c        0x4 build/ifft.o
                0x000000000800183c                daisy::OledDisplay<daisy::SSD130xDriver<128u, 64u, daisy::SSD130xI2CTransport> >::Width() const
 .text._ZN5daisy11OledDisplayINS_13SSD130xDriverILj128ELj64ENS_19SSD130xI2CTransportEEEE4FillEb
                0x0000000008001840       0x10 build/ifft.o
                0x0000000008001840                daisy::OledDisplay<daisy::SSD130xDriver<128u, 64u, daisy::SSD130xI2CTransport> >::Fill(bool)
 .text._ZN5daisy11OledDisplayINS_13SSD130xDriverILj128ELj64ENS_19SSD130xI2CTransportEEEED0Ev
                0x0000000008001850       0x10 build/ifft.o
                0x0000000008001850                daisy::OledDisplay<daisy::SSD130xDriver<128u, 64u, daisy::SSD130xI2CTransport> >::~OledDisplay()
 .text._ZN5daisy11OledDisplayINS_13SSD130xDriverILj128ELj64ENS_19SSD130xI2CTransportEEEE6UpdateEv
                0x0000000008001860       0xac build/ifft.o
                0x0000000008001860                daisy::OledDisplay<daisy::SSD130xDriver<128u, 64u, daisy::SSD130xI2CTransport> >::Update()
 .text._Z13AudioCallbackPKPKfPPfj
                0x000000000800190c       0xf0 build/ifft.o
                0x000000000800190c                AudioCallback(float const* const*, float**, unsigned int)
 .text._ZN5daisy25OneBitGraphicsDisplayImplINS_11OledDisplayINS_13SSD130xDriverILj128ELj64ENS_19SSD130xI2CTransportEEEEEE11WriteStringEPKc7FontDefb
                0x00000000080019fc      0x1c0 build/ifft.o
                0x00000000080019fc                daisy::OneBitGraphicsDisplayImpl<daisy::OledDisplay<daisy::SSD130xDriver<128u, 64u, daisy::SSD130xI2CTransport> > >::WriteString(char const*, FontDef, bool)
 .text._ZN5daisy25OneBitGraphicsDisplayImplINS_11OledDisplayINS_13SSD130xDriverILj128ELj64ENS_19SSD130xI2CTransportEEEEEE9WriteCharEc7FontDefb
                0x0000000008001bbc      0x1a0 build/ifft.o
                0x0000000008001bbc                daisy::OneBitGraphicsDisplayImpl<daisy::OledDisplay<daisy::SSD130xDriver<128u, 64u, daisy::SSD130xI2CTransport> > >::WriteChar(char, FontDef, bool)
 .text._ZN5daisy25OneBitGraphicsDisplayImplINS_11OledDisplayINS_13SSD130xDriverILj128ELj64ENS_19SSD130xI2CTransportEEEEEE18WriteStringAlignedEPKcRK7FontDefNS_9RectangleENS_9AlignmentEb
                0x0000000008001d5c      0x3ec build/ifft.o
                0x0000000008001d5c                daisy::OneBitGraphicsDisplayImpl<daisy::OledDisplay<daisy::SSD130xDriver<128u, 64u, daisy::SSD130xI2CTransport> > >::WriteStringAligned(char const*, FontDef const&, daisy::Rectangle, daisy::Alignment, bool)
 .text._ZN5daisy11OledDisplayINS_13SSD130xDriverILj128ELj64ENS_19SSD130xI2CTransportEEEE9DrawPixelEjjb
                0x0000000008002148       0x44 build/ifft.o
                0x0000000008002148                daisy::OledDisplay<daisy::SSD130xDriver<128u, 64u, daisy::SSD130xI2CTransport> >::DrawPixel(unsigned int, unsigned int, bool)
 .text._ZN5daisy25OneBitGraphicsDisplayImplINS_11OledDisplayINS_13SSD130xDriverILj128ELj64ENS_19SSD130xI2CTransportEEEEEE8DrawLineEjjjjb
                0x000000000800218c       0xfc build/ifft.o
                0x000000000800218c                daisy::OneBitGraphicsDisplayImpl<daisy::OledDisplay<daisy::SSD130xDriver<128u, 64u, daisy::SSD130xI2CTransport> > >::DrawLine(unsigned int, unsigned int, unsigned int, unsigned int, bool)
 .text._ZN5daisy25OneBitGraphicsDisplayImplINS_11OledDisplayINS_13SSD130xDriverILj128ELj64ENS_19SSD130xI2CTransportEEEEEE7DrawArcEjjjiib
                0x0000000008002288      0x478 build/ifft.o
                0x0000000008002288                daisy::OneBitGraphicsDisplayImpl<daisy::OledDisplay<daisy::SSD130xDriver<128u, 64u, daisy::SSD130xI2CTransport> > >::DrawArc(unsigned int, unsigned int, unsigned int, int, int, bool)
 .text._ZN5daisy25OneBitGraphicsDisplayImplINS_11OledDisplayINS_13SSD130xDriverILj128ELj64ENS_19SSD130xI2CTransportEEEEEE8DrawRectEjjjjbb
                0x0000000008002700      0x418 build/ifft.o
                0x0000000008002700                daisy::OneBitGraphicsDisplayImpl<daisy::OledDisplay<daisy::SSD130xDriver<128u, 64u, daisy::SSD130xI2CTransport> > >::DrawRect(unsigned int, unsigned int, unsigned int, unsigned int, bool, bool)
 .text.startup.main
                0x0000000008002b18       0x88 build/ifft.o
                0x0000000008002b18                main
 .text.startup._GLOBAL__sub_I_hw
                0x0000000008002ba0       0x44 build/ifft.o
 .text._ZN5daisy9Patch_Bay11InitDisplayEv
                0x0000000008002be4      0x3ac build/patch_bay.o
                0x0000000008002be4                daisy::Patch_Bay::InitDisplay()
 .text._ZN5daisy9Patch_Bay4InitEv
                0x0000000008002f90       0x7c build/patch_bay.o
                0x0000000008002f90                daisy::Patch_Bay::Init()
 .text._ZN5daisy8patch_sm12DaisyPatchSM4Impl19InternalDacCallbackEPPtj
                0x000000000800300c       0xa8 ../../libDaisy//build/libdaisy.a(daisy_patch_sm.o)
                0x000000000800300c                daisy::patch_sm::DaisyPatchSM::Impl::InternalDacCallback(unsigned short**, unsigned int)
 .text._ZN5daisy8patch_sm12DaisyPatchSM4InitEv
                0x00000000080030b4      0x27c ../../libDaisy//build/libdaisy.a(daisy_patch_sm.o)
                0x00000000080030b4                daisy::patch_sm::DaisyPatchSM::Init()
 .text._ZN5daisy8patch_sm12DaisyPatchSM10StartAudioEPFvPKPKfPPfjE
                0x0000000008003330        0x8 ../../libDaisy//build/libdaisy.a(daisy_patch_sm.o)
                0x0000000008003330                daisy::patch_sm::DaisyPatchSM::StartAudio(void (*)(float const* const*, float**, unsigned int))
 .text._ZN5daisy8patch_sm12DaisyPatchSM17SetAudioBlockSizeEj
                0x0000000008003338       0x54 ../../libDaisy//build/libdaisy.a(daisy_patch_sm.o)
                0x0000000008003338                daisy::patch_sm::DaisyPatchSM::SetAudioBlockSize(unsigned int)
 .text._ZN5daisy8patch_sm12DaisyPatchSM18SetAudioSampleRateENS_9SaiHandle6Config10SampleRateE
                0x000000000800338c       0x54 ../../libDaisy//build/libdaisy.a(daisy_patch_sm.o)
                0x000000000800338c                daisy::patch_sm::DaisyPatchSM::SetAudioSampleRate(daisy::SaiHandle::Config::SampleRate)
 .text._ZN5daisy8patch_sm12DaisyPatchSM21ProcessAnalogControlsEv
                0x00000000080033e0       0x18 ../../libDaisy//build/libdaisy.a(daisy_patch_sm.o)
                0x00000000080033e0                daisy::patch_sm::DaisyPatchSM::ProcessAnalogControls()
 .text._ZN5daisy8patch_sm12DaisyPatchSM22ProcessDigitalControlsEv
                0x00000000080033f8        0x4 ../../libDaisy//build/libdaisy.a(daisy_patch_sm.o)
                0x00000000080033f8                daisy::patch_sm::DaisyPatchSM::ProcessDigitalControls()
 .text._ZN5daisy8patch_sm12DaisyPatchSM11GetAdcValueEi
                0x00000000080033fc        0xc ../../libDaisy//build/libdaisy.a(daisy_patch_sm.o)
                0x00000000080033fc                daisy::patch_sm::DaisyPatchSM::GetAdcValue(int)
 .text.startup._GLOBAL__sub_I__ZN5daisy8patch_sm12DaisyPatchSM2A1E
                0x0000000008003408       0x28 ../../libDaisy//build/libdaisy.a(daisy_patch_sm.o)
 .text._ZN5daisy7Pcm30604InitENS_9I2CHandleE
                0x0000000008003430      0x16c ../../libDaisy//build/libdaisy.a(codec_pcm3060.o)
                0x0000000008003430                daisy::Pcm3060::Init(daisy::I2CHandle)
 .text._ZN11SdramHandle10DeviceInitEv
                0x000000000800359c       0x98 ../../libDaisy//build/libdaisy.a(sdram.o)
                0x000000000800359c                SdramHandle::DeviceInit()
 .text._ZN11SdramHandle4InitEv
                0x0000000008003634       0x7c ../../libDaisy//build/libdaisy.a(sdram.o)
                0x0000000008003634                SdramHandle::Init()
 .text.HAL_SDRAM_MspInit
                0x00000000080036b0      0x1a8 ../../libDaisy//build/libdaisy.a(sdram.o)
                0x00000000080036b0                HAL_SDRAM_MspInit
 .text._ZN5daisy11AudioHandle4Impl16InternalCallbackEPlS2_j
                0x0000000008003858      0xbbc ../../libDaisy//build/libdaisy.a(audio.o)
                0x0000000008003858                daisy::AudioHandle::Impl::InternalCallback(long*, long*, unsigned int)
 .text._ZN5daisy11AudioHandle4InitERKNS0_6ConfigENS_9SaiHandleE
                0x0000000008004414       0x70 ../../libDaisy//build/libdaisy.a(audio.o)
                0x0000000008004414                daisy::AudioHandle::Init(daisy::AudioHandle::Config const&, daisy::SaiHandle)
 .text._ZNK5daisy11AudioHandle9GetConfigEv
                0x0000000008004484        0x8 ../../libDaisy//build/libdaisy.a(audio.o)
                0x0000000008004484                daisy::AudioHandle::GetConfig() const
 .text._ZN5daisy11AudioHandle12SetBlockSizeEj
                0x000000000800448c       0x1c ../../libDaisy//build/libdaisy.a(audio.o)
                0x000000000800448c                daisy::AudioHandle::SetBlockSize(unsigned int)
 .text._ZN5daisy11AudioHandle13GetSampleRateEv
                0x00000000080044a8        0x8 ../../libDaisy//build/libdaisy.a(audio.o)
                0x00000000080044a8                daisy::AudioHandle::GetSampleRate()
 .text._ZN5daisy11AudioHandle13SetSampleRateENS_9SaiHandle6Config10SampleRateE
                0x00000000080044b0       0x88 ../../libDaisy//build/libdaisy.a(audio.o)
                0x00000000080044b0                daisy::AudioHandle::SetSampleRate(daisy::SaiHandle::Config::SampleRate)
 .text._ZN5daisy11AudioHandle5StartEPFvPKPKfPPfjE
                0x0000000008004538       0x44 ../../libDaisy//build/libdaisy.a(audio.o)
                0x0000000008004538                daisy::AudioHandle::Start(void (*)(float const* const*, float**, unsigned int))
 .text.startup._GLOBAL__sub_I__ZN5daisy11AudioHandle4Impl4InitENS0_6ConfigENS_9SaiHandleE
                0x000000000800457c       0x24 ../../libDaisy//build/libdaisy.a(audio.o)
 .text._ZN5daisy13AnalogControl4InitEPtfbbf
                0x00000000080045a0       0x64 ../../libDaisy//build/libdaisy.a(ctrl.o)
                0x00000000080045a0                daisy::AnalogControl::Init(unsigned short*, float, bool, bool, float)
 .text._ZN5daisy13AnalogControl13InitBipolarCvEPtf
                0x0000000008004604       0x6c ../../libDaisy//build/libdaisy.a(ctrl.o)
                0x0000000008004604                daisy::AnalogControl::InitBipolarCv(unsigned short*, float)
 .text._ZN5daisy13AnalogControl7ProcessEv
                0x0000000008004670       0x48 ../../libDaisy//build/libdaisy.a(ctrl.o)
                0x0000000008004670                daisy::AnalogControl::Process()
 .text._ZN5daisy13AnalogControl13SetSampleRateEf
                0x00000000080046b8       0x58 ../../libDaisy//build/libdaisy.a(ctrl.o)
                0x00000000080046b8                daisy::AnalogControl::SetSampleRate(float)
 .text._ZN5daisy7Encoder4InitE12dsy_gpio_pinS1_S1_f
                0x0000000008004710       0x60 ../../libDaisy//build/libdaisy.a(encoder.o)
                0x0000000008004710                daisy::Encoder::Init(dsy_gpio_pin, dsy_gpio_pin, dsy_gpio_pin, float)
 .text._ZN5daisy6GateIn4InitEP12dsy_gpio_pinb
                0x0000000008004770       0x14 ../../libDaisy//build/libdaisy.a(gatein.o)
                0x0000000008004770                daisy::GateIn::Init(dsy_gpio_pin*, bool)
 .text._ZN5daisy6Switch4InitE12dsy_gpio_pinf
                0x0000000008004784       0x34 ../../libDaisy//build/libdaisy.a(switch.o)
                0x0000000008004784                daisy::Switch::Init(dsy_gpio_pin, float)
 .text._ZN5daisy16AdcChannelConfig10InitSingleE12dsy_gpio_pin
                0x00000000080047b8       0x1c ../../libDaisy//build/libdaisy.a(adc.o)
                0x00000000080047b8                daisy::AdcChannelConfig::InitSingle(dsy_gpio_pin)
 .text._ZN5daisy9AdcHandle4InitEPNS_16AdcChannelConfigEjNS0_12OverSamplingE
                0x00000000080047d4      0x3c8 ../../libDaisy//build/libdaisy.a(adc.o)
                0x00000000080047d4                daisy::AdcHandle::Init(daisy::AdcChannelConfig*, unsigned int, daisy::AdcHandle::OverSampling)
 .text._ZN5daisy9AdcHandle5StartEv
                0x0000000008004b9c       0x2c ../../libDaisy//build/libdaisy.a(adc.o)
                0x0000000008004b9c                daisy::AdcHandle::Start()
 .text._ZNK5daisy9AdcHandle6GetPtrEh
                0x0000000008004bc8       0x14 ../../libDaisy//build/libdaisy.a(adc.o)
                0x0000000008004bc8                daisy::AdcHandle::GetPtr(unsigned char) const
 .text.HAL_ADC_MspInit
                0x0000000008004bdc       0x98 ../../libDaisy//build/libdaisy.a(adc.o)
                0x0000000008004bdc                HAL_ADC_MspInit
 .text.DMA1_Stream2_IRQHandler
                0x0000000008004c74        0xc ../../libDaisy//build/libdaisy.a(adc.o)
                0x0000000008004c74                DMA1_Stream2_IRQHandler
 .text.HAL_ADC_ConvCpltCallback
                0x0000000008004c80      0x148 ../../libDaisy//build/libdaisy.a(adc.o)
                0x0000000008004c80                HAL_ADC_ConvCpltCallback
 .text.HAL_ADC_ErrorCallback
                0x0000000008004dc8        0x4 ../../libDaisy//build/libdaisy.a(adc.o)
                0x0000000008004dc8                HAL_ADC_ErrorCallback
 .text.HAL_DAC_MspInit
                0x0000000008004dcc      0x15c ../../libDaisy//build/libdaisy.a(dac.o)
                0x0000000008004dcc                HAL_DAC_MspInit
 .text.DMA2_Stream0_IRQHandler
                0x0000000008004f28        0xc ../../libDaisy//build/libdaisy.a(dac.o)
                0x0000000008004f28                DMA2_Stream0_IRQHandler
 .text.DMA2_Stream1_IRQHandler
                0x0000000008004f34        0xc ../../libDaisy//build/libdaisy.a(dac.o)
                0x0000000008004f34                DMA2_Stream1_IRQHandler
 .text.TIM6_DAC_IRQHandler
                0x0000000008004f40       0x1c ../../libDaisy//build/libdaisy.a(dac.o)
                0x0000000008004f40                TIM6_DAC_IRQHandler
 .text.HAL_DAC_ConvCpltCallbackCh1
                0x0000000008004f5c       0x60 ../../libDaisy//build/libdaisy.a(dac.o)
                0x0000000008004f5c                HAL_DAC_ConvCpltCallbackCh1
 .text.HAL_DAC_ConvHalfCpltCallbackCh1
                0x0000000008004fbc       0x54 ../../libDaisy//build/libdaisy.a(dac.o)
                0x0000000008004fbc                HAL_DAC_ConvHalfCpltCallbackCh1
 .text.HAL_DACEx_ConvHalfCpltCallbackCh2
                0x0000000008005010       0x2c ../../libDaisy//build/libdaisy.a(dac.o)
                0x0000000008005010                HAL_DACEx_ConvHalfCpltCallbackCh2
 .text.HAL_DACEx_ConvCpltCallbackCh2
                0x000000000800503c       0x34 ../../libDaisy//build/libdaisy.a(dac.o)
                0x000000000800503c                HAL_DACEx_ConvCpltCallbackCh2
 .text._ZN5daisy9DacHandle4InitERKNS0_6ConfigE
                0x0000000008005070       0xfc ../../libDaisy//build/libdaisy.a(dac.o)
                0x0000000008005070                daisy::DacHandle::Init(daisy::DacHandle::Config const&)
 .text._ZN5daisy9DacHandle5StartEPtS1_jPFvPS1_jE
                0x000000000800516c       0x6c ../../libDaisy//build/libdaisy.a(dac.o)
                0x000000000800516c                daisy::DacHandle::Start(unsigned short*, unsigned short*, unsigned int, void (*)(unsigned short**, unsigned int))
 .text._ZN5daisy9DacHandle4StopEv
                0x00000000080051d8       0x40 ../../libDaisy//build/libdaisy.a(dac.o)
                0x00000000080051d8                daisy::DacHandle::Stop()
 .text.dsy_gpio_init
                0x0000000008005218      0x1b8 ../../libDaisy//build/libdaisy.a(gpio.o)
                0x0000000008005218                dsy_gpio_init
 .text.dsy_gpio_write
                0x00000000080053d0       0x24 ../../libDaisy//build/libdaisy.a(gpio.o)
                0x00000000080053d0                dsy_gpio_write
 .text._ZN5daisy9I2CHandle4Impl8InitPinsEv
                0x00000000080053f4       0x58 ../../libDaisy//build/libdaisy.a(i2c.o)
                0x00000000080053f4                daisy::I2CHandle::Impl::InitPins()
 .text.HAL_I2C_MspInit
                0x000000000800544c      0x1b4 ../../libDaisy//build/libdaisy.a(i2c.o)
                0x000000000800544c                HAL_I2C_MspInit
 .text.dsy_i2c_global_init
                0x0000000008005600       0x78 ../../libDaisy//build/libdaisy.a(i2c.o)
                0x0000000008005600                dsy_i2c_global_init
 .text.DMA1_Stream6_IRQHandler
                0x0000000008005678       0x34 ../../libDaisy//build/libdaisy.a(i2c.o)
                0x0000000008005678                DMA1_Stream6_IRQHandler
 .text.I2C1_EV_IRQHandler
                0x00000000080056ac        0xc ../../libDaisy//build/libdaisy.a(i2c.o)
                0x00000000080056ac                I2C1_EV_IRQHandler
 .text.I2C2_EV_IRQHandler
                0x00000000080056b8        0xc ../../libDaisy//build/libdaisy.a(i2c.o)
                0x00000000080056b8                I2C2_EV_IRQHandler
 .text.I2C3_EV_IRQHandler
                0x00000000080056c4        0xc ../../libDaisy//build/libdaisy.a(i2c.o)
                0x00000000080056c4                I2C3_EV_IRQHandler
 .text._ZN5daisy9I2CHandle4InitERKNS0_6ConfigE
                0x00000000080056d0      0x12c ../../libDaisy//build/libdaisy.a(i2c.o)
                0x00000000080056d0                daisy::I2CHandle::Init(daisy::I2CHandle::Config const&)
 .text._ZN5daisy9I2CHandle16TransmitBlockingEtPhtm
                0x00000000080057fc       0x50 ../../libDaisy//build/libdaisy.a(i2c.o)
                0x00000000080057fc                daisy::I2CHandle::TransmitBlocking(unsigned short, unsigned char*, unsigned short, unsigned long)
 .text._ZN5daisy9I2CHandle17ReadDataAtAddressEtttPhtm
                0x000000000800584c       0x4c ../../libDaisy//build/libdaisy.a(i2c.o)
                0x000000000800584c                daisy::I2CHandle::ReadDataAtAddress(unsigned short, unsigned short, unsigned short, unsigned char*, unsigned short, unsigned long)
 .text._ZN5daisy9I2CHandle18WriteDataAtAddressEtttPhtm
                0x0000000008005898       0x4c ../../libDaisy//build/libdaisy.a(i2c.o)
                0x0000000008005898                daisy::I2CHandle::WriteDataAtAddress(unsigned short, unsigned short, unsigned short, unsigned char*, unsigned short, unsigned long)
 .text.startup._GLOBAL__sub_I__ZN5daisy9I2CHandle4Impl10GlobalInitEv
                0x00000000080058e4       0x18 ../../libDaisy//build/libdaisy.a(i2c.o)
 .text._ZN5daisy10QSPIHandle4Impl11WriteEnableEv
                0x00000000080058fc       0x8c ../../libDaisy//build/libdaisy.a(qspi.o)
                0x00000000080058fc                daisy::QSPIHandle::Impl::WriteEnable()
 .text._ZN5daisy10QSPIHandle4Impl17DummyCyclesConfigENS0_6Config6DeviceE
                0x0000000008005988      0x118 ../../libDaisy//build/libdaisy.a(qspi.o)
                0x0000000008005988                daisy::QSPIHandle::Impl::DummyCyclesConfig(daisy::QSPIHandle::Config::Device)
 .text._ZN5daisy10QSPIHandle4Impl10QuadEnableEv
                0x0000000008005aa0      0x158 ../../libDaisy//build/libdaisy.a(qspi.o)
                0x0000000008005aa0                daisy::QSPIHandle::Impl::QuadEnable()
 .text._ZN5daisy10QSPIHandle4InitERKNS0_6ConfigE
                0x0000000008005bf8      0x198 ../../libDaisy//build/libdaisy.a(qspi.o)
                0x0000000008005bf8                daisy::QSPIHandle::Init(daisy::QSPIHandle::Config const&)
 .text.HAL_QSPI_MspInit
                0x0000000008005d90      0x11c ../../libDaisy//build/libdaisy.a(qspi.o)
                0x0000000008005d90                HAL_QSPI_MspInit
 .text.HAL_QSPI_MspDeInit
                0x0000000008005eac       0x54 ../../libDaisy//build/libdaisy.a(qspi.o)
                0x0000000008005eac                HAL_QSPI_MspDeInit
 .text.QUADSPI_IRQHandler
                0x0000000008005f00        0xc ../../libDaisy//build/libdaisy.a(qspi.o)
                0x0000000008005f00                QUADSPI_IRQHandler
 .text.startup._GLOBAL__sub_I__ZN5daisy10QSPIHandle4Impl4InitERKNS0_6ConfigE
                0x0000000008005f0c       0x28 ../../libDaisy//build/libdaisy.a(qspi.o)
 .text._ZN5daisy9SaiHandle4Impl7InitDmaENS1_15PeripheralBlockE
                0x0000000008005f34       0xa0 ../../libDaisy//build/libdaisy.a(sai.o)
                0x0000000008005f34                daisy::SaiHandle::Impl::InitDma(daisy::SaiHandle::Impl::PeripheralBlock)
 .text._ZN5daisy9SaiHandle4Impl8InitPinsEv
                0x0000000008005fd4       0xa8 ../../libDaisy//build/libdaisy.a(sai.o)
                0x0000000008005fd4                daisy::SaiHandle::Impl::InitPins()
 .text.HAL_SAI_MspInit
                0x000000000800607c      0x164 ../../libDaisy//build/libdaisy.a(sai.o)
                0x000000000800607c                HAL_SAI_MspInit
 .text.DMA1_Stream0_IRQHandler
                0x00000000080061e0        0xc ../../libDaisy//build/libdaisy.a(sai.o)
                0x00000000080061e0                DMA1_Stream0_IRQHandler
 .text.DMA1_Stream1_IRQHandler
                0x00000000080061ec        0xc ../../libDaisy//build/libdaisy.a(sai.o)
                0x00000000080061ec                DMA1_Stream1_IRQHandler
 .text.DMA1_Stream3_IRQHandler
                0x00000000080061f8        0xc ../../libDaisy//build/libdaisy.a(sai.o)
                0x00000000080061f8                DMA1_Stream3_IRQHandler
 .text.DMA1_Stream4_IRQHandler
                0x0000000008006204        0xc ../../libDaisy//build/libdaisy.a(sai.o)
                0x0000000008006204                DMA1_Stream4_IRQHandler
 .text.HAL_SAI_RxHalfCpltCallback
                0x0000000008006210       0x78 ../../libDaisy//build/libdaisy.a(sai.o)
                0x0000000008006210                HAL_SAI_RxHalfCpltCallback
 .text.HAL_SAI_RxCpltCallback
                0x0000000008006288       0x70 ../../libDaisy//build/libdaisy.a(sai.o)
                0x0000000008006288                HAL_SAI_RxCpltCallback
 .text._ZN5daisy9SaiHandle4InitERKNS0_6ConfigE
                0x00000000080062f8      0x1f0 ../../libDaisy//build/libdaisy.a(sai.o)
                0x00000000080062f8                daisy::SaiHandle::Init(daisy::SaiHandle::Config const&)
 .text._ZNK5daisy9SaiHandle9GetConfigEv
                0x00000000080064e8        0x4 ../../libDaisy//build/libdaisy.a(sai.o)
                0x00000000080064e8                daisy::SaiHandle::GetConfig() const
 .text._ZN5daisy9SaiHandle8StartDmaEPlS1_jPFvS1_S1_jE
                0x00000000080064ec       0xbc ../../libDaisy//build/libdaisy.a(sai.o)
                0x00000000080064ec                daisy::SaiHandle::StartDma(long*, long*, unsigned int, void (*)(long*, long*, unsigned int))
 .text._ZN5daisy9SaiHandle13GetSampleRateEv
                0x00000000080065a8       0x24 ../../libDaisy//build/libdaisy.a(sai.o)
                0x00000000080065a8                daisy::SaiHandle::GetSampleRate()
 .text._ZNK5daisy9SaiHandle9GetOffsetEv
                0x00000000080065cc        0x8 ../../libDaisy//build/libdaisy.a(sai.o)
                0x00000000080065cc                daisy::SaiHandle::GetOffset() const
 .text._ZN5daisy12SdmmcHandler4InitERKNS0_6ConfigE
                0x00000000080065d4       0x80 ../../libDaisy//build/libdaisy.a(sdmmc.o)
                0x00000000080065d4                daisy::SdmmcHandler::Init(daisy::SdmmcHandler::Config const&)
 .text.SDMMC1_IRQHandler
                0x0000000008006654        0xc ../../libDaisy//build/libdaisy.a(sdmmc.o)
                0x0000000008006654                SDMMC1_IRQHandler
 .text._ZN5daisy11TimerHandleD2Ev
                0x0000000008006660        0x4 ../../libDaisy//build/libdaisy.a(system.o)
                0x0000000008006660                daisy::TimerHandle::~TimerHandle()
                0x0000000008006660                daisy::TimerHandle::~TimerHandle()
 .text.SysTick_Handler
                0x0000000008006664       0x10 ../../libDaisy//build/libdaisy.a(system.o)
                0x0000000008006664                SysTick_Handler
 .text.OTG_HS_EP1_OUT_IRQHandler
                0x0000000008006674       0x24 ../../libDaisy//build/libdaisy.a(system.o)
                0x0000000008006674                OTG_HS_EP1_OUT_IRQHandler
 .text.OTG_HS_EP1_IN_IRQHandler
                0x0000000008006698       0x24 ../../libDaisy//build/libdaisy.a(system.o)
                0x0000000008006698                OTG_HS_EP1_IN_IRQHandler
 .text.OTG_HS_IRQHandler
                0x00000000080066bc       0x24 ../../libDaisy//build/libdaisy.a(system.o)
                0x00000000080066bc                OTG_HS_IRQHandler
 .text.HardFault_Handler
                0x00000000080066e0       0xe0 ../../libDaisy//build/libdaisy.a(system.o)
                0x00000000080066e0                HardFault_Handler
 .text._ZN5daisy6System6GetNowEv
                0x00000000080067c0        0x4 ../../libDaisy//build/libdaisy.a(system.o)
                0x00000000080067c0                daisy::System::GetNow()
 .text._ZN5daisy6System5DelayEm
                0x00000000080067c4        0x4 ../../libDaisy//build/libdaisy.a(system.o)
                0x00000000080067c4                daisy::System::Delay(unsigned long)
 .text._ZN5daisy6System15ConfigureClocksEv
                0x00000000080067c8      0x194 ../../libDaisy//build/libdaisy.a(system.o)
                0x00000000080067c8                daisy::System::ConfigureClocks()
 .text._ZN5daisy6System4InitERKNS0_6ConfigE
                0x000000000800695c      0x140 ../../libDaisy//build/libdaisy.a(system.o)
                0x000000000800695c                daisy::System::Init(daisy::System::Config const&)
 .text._ZN5daisy6System12GetPClk1FreqEv
                0x0000000008006a9c        0x4 ../../libDaisy//build/libdaisy.a(system.o)
                0x0000000008006a9c                daisy::System::GetPClk1Freq()
 .text._ZN5daisy6System12GetPClk2FreqEv
                0x0000000008006aa0        0x4 ../../libDaisy//build/libdaisy.a(system.o)
                0x0000000008006aa0                daisy::System::GetPClk2Freq()
 .text._ZN5daisy6System22GetProgramMemoryRegionEv
                0x0000000008006aa4       0x78 ../../libDaisy//build/libdaisy.a(system.o)
                0x0000000008006aa4                daisy::System::GetProgramMemoryRegion()
 .text.startup._GLOBAL__sub_I_SysTick_Handler
                0x0000000008006b1c       0x1c ../../libDaisy//build/libdaisy.a(system.o)
 .text.SystemInit
                0x0000000008006b38       0x9c ../../libDaisy//build/libdaisy.a(system_stm32h7xx.o)
                0x0000000008006b38                SystemInit
 .text.HAL_PCD_SetupStageCallback
                0x0000000008006bd4        0xc ../../libDaisy//build/libdaisy.a(usbd_conf.o)
                0x0000000008006bd4                HAL_PCD_SetupStageCallback
 .text.HAL_PCD_DataOutStageCallback
                0x0000000008006be0       0x14 ../../libDaisy//build/libdaisy.a(usbd_conf.o)
                0x0000000008006be0                HAL_PCD_DataOutStageCallback
 .text.HAL_PCD_DataInStageCallback
                0x0000000008006bf4       0x14 ../../libDaisy//build/libdaisy.a(usbd_conf.o)
                0x0000000008006bf4                HAL_PCD_DataInStageCallback
 .text.HAL_PCD_SOFCallback
                0x0000000008006c08        0x8 ../../libDaisy//build/libdaisy.a(usbd_conf.o)
                0x0000000008006c08                HAL_PCD_SOFCallback
 .text.HAL_PCD_ResetCallback
                0x0000000008006c10       0x24 ../../libDaisy//build/libdaisy.a(usbd_conf.o)
                0x0000000008006c10                HAL_PCD_ResetCallback
 .text.HAL_PCD_SuspendCallback
                0x0000000008006c34       0x30 ../../libDaisy//build/libdaisy.a(usbd_conf.o)
                0x0000000008006c34                HAL_PCD_SuspendCallback
 .text.HAL_PCD_ResumeCallback
                0x0000000008006c64        0x8 ../../libDaisy//build/libdaisy.a(usbd_conf.o)
                0x0000000008006c64                HAL_PCD_ResumeCallback
 .text.HAL_PCD_ISOOUTIncompleteCallback
                0x0000000008006c6c        0x8 ../../libDaisy//build/libdaisy.a(usbd_conf.o)
                0x0000000008006c6c                HAL_PCD_ISOOUTIncompleteCallback
 .text.HAL_PCD_ISOINIncompleteCallback
                0x0000000008006c74        0x8 ../../libDaisy//build/libdaisy.a(usbd_conf.o)
                0x0000000008006c74                HAL_PCD_ISOINIncompleteCallback
 .text.HAL_PCD_ConnectCallback
                0x0000000008006c7c        0x8 ../../libDaisy//build/libdaisy.a(usbd_conf.o)
                0x0000000008006c7c                HAL_PCD_ConnectCallback
 .text.HAL_PCD_DisconnectCallback
                0x0000000008006c84        0x8 ../../libDaisy//build/libdaisy.a(usbd_conf.o)
                0x0000000008006c84                HAL_PCD_DisconnectCallback
 .text.USBD_LL_OpenEP
                0x0000000008006c8c       0x24 ../../libDaisy//build/libdaisy.a(usbd_conf.o)
                0x0000000008006c8c                USBD_LL_OpenEP
 .text.USBD_LL_StallEP
                0x0000000008006cb0       0x1c ../../libDaisy//build/libdaisy.a(usbd_conf.o)
                0x0000000008006cb0                USBD_LL_StallEP
 .text.USBD_LL_ClearStallEP
                0x0000000008006ccc       0x1c ../../libDaisy//build/libdaisy.a(usbd_conf.o)
                0x0000000008006ccc                USBD_LL_ClearStallEP
 .text.USBD_LL_IsStallEP
                0x0000000008006ce8       0x28 ../../libDaisy//build/libdaisy.a(usbd_conf.o)
                0x0000000008006ce8                USBD_LL_IsStallEP
 .text.USBD_LL_SetUSBAddress
                0x0000000008006d10       0x1c ../../libDaisy//build/libdaisy.a(usbd_conf.o)
                0x0000000008006d10                USBD_LL_SetUSBAddress
 .text.USBD_LL_Transmit
                0x0000000008006d2c       0x1c ../../libDaisy//build/libdaisy.a(usbd_conf.o)
                0x0000000008006d2c                USBD_LL_Transmit
 .text.USBD_LL_PrepareReceive
                0x0000000008006d48       0x1c ../../libDaisy//build/libdaisy.a(usbd_conf.o)
                0x0000000008006d48                USBD_LL_PrepareReceive
 .text.HAL_HCD_SOF_Callback
                0x0000000008006d64        0x8 ../../libDaisy//build/libdaisy.a(usbh_conf.o)
                0x0000000008006d64                HAL_HCD_SOF_Callback
 .text.HAL_HCD_Connect_Callback
                0x0000000008006d6c        0x8 ../../libDaisy//build/libdaisy.a(usbh_conf.o)
                0x0000000008006d6c                HAL_HCD_Connect_Callback
 .text.HAL_HCD_Disconnect_Callback
                0x0000000008006d74        0x8 ../../libDaisy//build/libdaisy.a(usbh_conf.o)
                0x0000000008006d74                HAL_HCD_Disconnect_Callback
 .text.HAL_HCD_HC_NotifyURBChange_Callback
                0x0000000008006d7c        0x4 ../../libDaisy//build/libdaisy.a(usbh_conf.o)
                0x0000000008006d7c                HAL_HCD_HC_NotifyURBChange_Callback
 .text.HAL_HCD_PortEnabled_Callback
                0x0000000008006d80        0x8 ../../libDaisy//build/libdaisy.a(usbh_conf.o)
                0x0000000008006d80                HAL_HCD_PortEnabled_Callback
 .text.HAL_HCD_PortDisabled_Callback
                0x0000000008006d88        0x8 ../../libDaisy//build/libdaisy.a(usbh_conf.o)
                0x0000000008006d88                HAL_HCD_PortDisabled_Callback
 .text.USBH_LL_Stop
                0x0000000008006d90       0x1c ../../libDaisy//build/libdaisy.a(usbh_conf.o)
                0x0000000008006d90                USBH_LL_Stop
 .text.dsy_hal_map_get_port
                0x0000000008006dac       0x10 ../../libDaisy//build/libdaisy.a(hal_map.o)
                0x0000000008006dac                dsy_hal_map_get_port
 .text.dsy_hal_map_get_pin
                0x0000000008006dbc       0x10 ../../libDaisy//build/libdaisy.a(hal_map.o)
                0x0000000008006dbc                dsy_hal_map_get_pin
 .text.dsy_hal_map_gpio_clk_enable
                0x0000000008006dcc      0x150 ../../libDaisy//build/libdaisy.a(hal_map.o)
                0x0000000008006dcc                dsy_hal_map_gpio_clk_enable
 .text.HAL_MspInit
                0x0000000008006f1c        0x4 ../../libDaisy//build/libdaisy.a(stm32h7xx_hal.o)
                0x0000000008006f1c                HAL_MspInit
 .text.HAL_InitTick
                0x0000000008006f20       0x4c ../../libDaisy//build/libdaisy.a(stm32h7xx_hal.o)
                0x0000000008006f20                HAL_InitTick
 .text.HAL_Init
                0x0000000008006f6c       0x60 ../../libDaisy//build/libdaisy.a(stm32h7xx_hal.o)
                0x0000000008006f6c                HAL_Init
 .text.HAL_IncTick
                0x0000000008006fcc       0x18 ../../libDaisy//build/libdaisy.a(stm32h7xx_hal.o)
                0x0000000008006fcc                HAL_IncTick
 .text.HAL_GetTick
                0x0000000008006fe4        0xc ../../libDaisy//build/libdaisy.a(stm32h7xx_hal.o)
                0x0000000008006fe4                HAL_GetTick
 .text.HAL_Delay
                0x0000000008006ff0       0x24 ../../libDaisy//build/libdaisy.a(stm32h7xx_hal.o)
                0x0000000008006ff0                HAL_Delay
 .text.HAL_GetREVID
                0x0000000008007014        0xc ../../libDaisy//build/libdaisy.a(stm32h7xx_hal.o)
                0x0000000008007014                HAL_GetREVID
 .text.HAL_ADC_ConvHalfCpltCallback
                0x0000000008007020        0x4 ../../libDaisy//build/libdaisy.a(stm32h7xx_hal_adc.o)
                0x0000000008007020                HAL_ADC_ConvHalfCpltCallback
 .text.ADC_DMAHalfConvCplt
                0x0000000008007024        0xc ../../libDaisy//build/libdaisy.a(stm32h7xx_hal_adc.o)
                0x0000000008007024                ADC_DMAHalfConvCplt
 .text.ADC_DMAConvCplt
                0x0000000008007030       0x6c ../../libDaisy//build/libdaisy.a(stm32h7xx_hal_adc.o)
                0x0000000008007030                ADC_DMAConvCplt
 .text.ADC_DMAError
                0x000000000800709c       0x1c ../../libDaisy//build/libdaisy.a(stm32h7xx_hal_adc.o)
                0x000000000800709c                ADC_DMAError
 .text.HAL_ADC_ConfigChannel
                0x00000000080070b8      0x3fc ../../libDaisy//build/libdaisy.a(stm32h7xx_hal_adc.o)
                0x00000000080070b8                HAL_ADC_ConfigChannel
 .text.ADC_Enable
                0x00000000080074b4       0xac ../../libDaisy//build/libdaisy.a(stm32h7xx_hal_adc.o)
                0x00000000080074b4                ADC_Enable
 .text.HAL_ADC_Start_DMA
                0x0000000008007560      0x114 ../../libDaisy//build/libdaisy.a(stm32h7xx_hal_adc.o)
                0x0000000008007560                HAL_ADC_Start_DMA
 .text.ADC_Disable
                0x0000000008007674       0x68 ../../libDaisy//build/libdaisy.a(stm32h7xx_hal_adc.o)
                0x0000000008007674                ADC_Disable
 .text.ADC_ConfigureBoostMode
                0x00000000080076dc      0x184 ../../libDaisy//build/libdaisy.a(stm32h7xx_hal_adc.o)
                0x00000000080076dc                ADC_ConfigureBoostMode
 .text.HAL_ADC_Init
                0x0000000008007860      0x218 ../../libDaisy//build/libdaisy.a(stm32h7xx_hal_adc.o)
                0x0000000008007860                HAL_ADC_Init
 .text.HAL_ADCEx_Calibration_Start
                0x0000000008007a78       0xa4 ../../libDaisy//build/libdaisy.a(stm32h7xx_hal_adc_ex.o)
                0x0000000008007a78                HAL_ADCEx_Calibration_Start
 .text.HAL_ADCEx_MultiModeConfigChannel
                0x0000000008007b1c       0xc4 ../../libDaisy//build/libdaisy.a(stm32h7xx_hal_adc_ex.o)
                0x0000000008007b1c                HAL_ADCEx_MultiModeConfigChannel
 .text.HAL_NVIC_SetPriorityGrouping
                0x0000000008007be0       0x24 ../../libDaisy//build/libdaisy.a(stm32h7xx_hal_cortex.o)
                0x0000000008007be0                HAL_NVIC_SetPriorityGrouping
 .text.HAL_NVIC_SetPriority
                0x0000000008007c04       0x7c ../../libDaisy//build/libdaisy.a(stm32h7xx_hal_cortex.o)
                0x0000000008007c04                HAL_NVIC_SetPriority
 .text.HAL_NVIC_EnableIRQ
                0x0000000008007c80       0x1c ../../libDaisy//build/libdaisy.a(stm32h7xx_hal_cortex.o)
                0x0000000008007c80                HAL_NVIC_EnableIRQ
 .text.HAL_NVIC_DisableIRQ
                0x0000000008007c9c       0x28 ../../libDaisy//build/libdaisy.a(stm32h7xx_hal_cortex.o)
                0x0000000008007c9c                HAL_NVIC_DisableIRQ
 .text.HAL_SYSTICK_Config
                0x0000000008007cc4       0x2c ../../libDaisy//build/libdaisy.a(stm32h7xx_hal_cortex.o)
                0x0000000008007cc4                HAL_SYSTICK_Config
 .text.HAL_MPU_Disable
                0x0000000008007cf0       0x1c ../../libDaisy//build/libdaisy.a(stm32h7xx_hal_cortex.o)
                0x0000000008007cf0                HAL_MPU_Disable
 .text.HAL_MPU_Enable
                0x0000000008007d0c       0x20 ../../libDaisy//build/libdaisy.a(stm32h7xx_hal_cortex.o)
                0x0000000008007d0c                HAL_MPU_Enable
 .text.HAL_MPU_ConfigRegion
                0x0000000008007d2c       0x64 ../../libDaisy//build/libdaisy.a(stm32h7xx_hal_cortex.o)
                0x0000000008007d2c                HAL_MPU_ConfigRegion
 .text.HAL_SYSTICK_Callback
                0x0000000008007d90        0x4 ../../libDaisy//build/libdaisy.a(stm32h7xx_hal_cortex.o)
                0x0000000008007d90                HAL_SYSTICK_Callback
 .text.HAL_SYSTICK_IRQHandler
                0x0000000008007d94        0x8 ../../libDaisy//build/libdaisy.a(stm32h7xx_hal_cortex.o)
                0x0000000008007d94                HAL_SYSTICK_IRQHandler
 .text.HAL_DAC_Init
                0x0000000008007d9c       0x2c ../../libDaisy//build/libdaisy.a(stm32h7xx_hal_dac.o)
                0x0000000008007d9c                HAL_DAC_Init
 .text.HAL_DAC_Start_DMA
                0x0000000008007dc8      0x118 ../../libDaisy//build/libdaisy.a(stm32h7xx_hal_dac.o)
                0x0000000008007dc8                HAL_DAC_Start_DMA
 .text.HAL_DAC_Stop_DMA
                0x0000000008007ee0       0x5c ../../libDaisy//build/libdaisy.a(stm32h7xx_hal_dac.o)
                0x0000000008007ee0                HAL_DAC_Stop_DMA
 .text.DAC_DMAConvCpltCh1
                0x0000000008007f3c       0x10 ../../libDaisy//build/libdaisy.a(stm32h7xx_hal_dac.o)
 .text.DAC_DMAHalfConvCpltCh1
                0x0000000008007f4c        0xc ../../libDaisy//build/libdaisy.a(stm32h7xx_hal_dac.o)
 .text.HAL_DAC_ErrorCallbackCh1
                0x0000000008007f58        0x4 ../../libDaisy//build/libdaisy.a(stm32h7xx_hal_dac.o)
                0x0000000008007f58                HAL_DAC_ErrorCallbackCh1
 .text.DAC_DMAErrorCh1
                0x0000000008007f5c       0x18 ../../libDaisy//build/libdaisy.a(stm32h7xx_hal_dac.o)
 .text.HAL_DAC_DMAUnderrunCallbackCh1
                0x0000000008007f74        0x4 ../../libDaisy//build/libdaisy.a(stm32h7xx_hal_dac.o)
                0x0000000008007f74                HAL_DAC_DMAUnderrunCallbackCh1
 .text.HAL_DAC_IRQHandler
                0x0000000008007f78       0x68 ../../libDaisy//build/libdaisy.a(stm32h7xx_hal_dac.o)
                0x0000000008007f78                HAL_DAC_IRQHandler
 .text.HAL_DAC_ConfigChannel
                0x0000000008007fe0      0x130 ../../libDaisy//build/libdaisy.a(stm32h7xx_hal_dac.o)
                0x0000000008007fe0                HAL_DAC_ConfigChannel
 .text.HAL_DACEx_ErrorCallbackCh2
                0x0000000008008110        0x4 ../../libDaisy//build/libdaisy.a(stm32h7xx_hal_dac_ex.o)
                0x0000000008008110                HAL_DACEx_ErrorCallbackCh2
 .text.HAL_DACEx_DMAUnderrunCallbackCh2
                0x0000000008008114        0x4 ../../libDaisy//build/libdaisy.a(stm32h7xx_hal_dac_ex.o)
                0x0000000008008114                HAL_DACEx_DMAUnderrunCallbackCh2
 .text.DAC_DMAConvCpltCh2
                0x0000000008008118       0x10 ../../libDaisy//build/libdaisy.a(stm32h7xx_hal_dac_ex.o)
                0x0000000008008118                DAC_DMAConvCpltCh2
 .text.DAC_DMAHalfConvCpltCh2
                0x0000000008008128        0xc ../../libDaisy//build/libdaisy.a(stm32h7xx_hal_dac_ex.o)
                0x0000000008008128                DAC_DMAHalfConvCpltCh2
 .text.DAC_DMAErrorCh2
                0x0000000008008134       0x18 ../../libDaisy//build/libdaisy.a(stm32h7xx_hal_dac_ex.o)
                0x0000000008008134                DAC_DMAErrorCh2
 .text.DMA_CalcBaseAndBitshift
                0x000000000800814c       0xf4 ../../libDaisy//build/libdaisy.a(stm32h7xx_hal_dma.o)
 .text.DMA_CalcDMAMUXChannelBaseAndMask
                0x0000000008008240       0xd8 ../../libDaisy//build/libdaisy.a(stm32h7xx_hal_dma.o)
 .text.HAL_DMA_Init
                0x0000000008008318      0x37c ../../libDaisy//build/libdaisy.a(stm32h7xx_hal_dma.o)
                0x0000000008008318                HAL_DMA_Init
 .text.HAL_DMA_Start_IT
                0x0000000008008694      0x240 ../../libDaisy//build/libdaisy.a(stm32h7xx_hal_dma.o)
                0x0000000008008694                HAL_DMA_Start_IT
 .text.HAL_DMA_Abort
                0x00000000080088d4      0x21c ../../libDaisy//build/libdaisy.a(stm32h7xx_hal_dma.o)
                0x00000000080088d4                HAL_DMA_Abort
 .text.HAL_DMA_Abort_IT
                0x0000000008008af0      0x134 ../../libDaisy//build/libdaisy.a(stm32h7xx_hal_dma.o)
                0x0000000008008af0                HAL_DMA_Abort_IT
 .text.HAL_DMA_IRQHandler
                0x0000000008008c24      0x6a0 ../../libDaisy//build/libdaisy.a(stm32h7xx_hal_dma.o)
                0x0000000008008c24                HAL_DMA_IRQHandler
 .text.HAL_DMA_GetError
                0x00000000080092c4        0x4 ../../libDaisy//build/libdaisy.a(stm32h7xx_hal_dma.o)
                0x00000000080092c4                HAL_DMA_GetError
 .text.HAL_GPIO_Init
                0x00000000080092c8      0x280 ../../libDaisy//build/libdaisy.a(stm32h7xx_hal_gpio.o)
                0x00000000080092c8                HAL_GPIO_Init
 .text.HAL_GPIO_DeInit
                0x0000000008009548      0x190 ../../libDaisy//build/libdaisy.a(stm32h7xx_hal_gpio.o)
                0x0000000008009548                HAL_GPIO_DeInit
 .text.HAL_GPIO_WritePin
                0x00000000080096d8        0x8 ../../libDaisy//build/libdaisy.a(stm32h7xx_hal_gpio.o)
                0x00000000080096d8                HAL_GPIO_WritePin
 .text.HAL_HCD_IRQHandler
                0x00000000080096e0      0x780 ../../libDaisy//build/libdaisy.a(stm32h7xx_hal_hcd.o)
                0x00000000080096e0                HAL_HCD_IRQHandler
 .text.HAL_HCD_Stop
                0x0000000008009e60       0x28 ../../libDaisy//build/libdaisy.a(stm32h7xx_hal_hcd.o)
                0x0000000008009e60                HAL_HCD_Stop
 .text.I2C_WaitOnTXISFlagUntilTimeout
                0x0000000008009e88       0xb8 ../../libDaisy//build/libdaisy.a(stm32h7xx_hal_i2c.o)
 .text.I2C_WaitOnSTOPFlagUntilTimeout
                0x0000000008009f40       0xac ../../libDaisy//build/libdaisy.a(stm32h7xx_hal_i2c.o)
 .text.HAL_I2C_Init
                0x0000000008009fec       0xac ../../libDaisy//build/libdaisy.a(stm32h7xx_hal_i2c.o)
                0x0000000008009fec                HAL_I2C_Init
 .text.HAL_I2C_Master_Transmit
                0x000000000800a098      0x1a8 ../../libDaisy//build/libdaisy.a(stm32h7xx_hal_i2c.o)
                0x000000000800a098                HAL_I2C_Master_Transmit
 .text.HAL_I2C_Slave_Transmit
                0x000000000800a240      0x1c8 ../../libDaisy//build/libdaisy.a(stm32h7xx_hal_i2c.o)
                0x000000000800a240                HAL_I2C_Slave_Transmit
 .text.HAL_I2C_Mem_Write
                0x000000000800a408      0x254 ../../libDaisy//build/libdaisy.a(stm32h7xx_hal_i2c.o)
                0x000000000800a408                HAL_I2C_Mem_Write
 .text.HAL_I2C_Mem_Read
                0x000000000800a65c      0x29c ../../libDaisy//build/libdaisy.a(stm32h7xx_hal_i2c.o)
                0x000000000800a65c                HAL_I2C_Mem_Read
 .text.HAL_I2C_EV_IRQHandler
                0x000000000800a8f8       0x10 ../../libDaisy//build/libdaisy.a(stm32h7xx_hal_i2c.o)
                0x000000000800a8f8                HAL_I2C_EV_IRQHandler
 .text.HAL_I2C_GetState
                0x000000000800a908        0x8 ../../libDaisy//build/libdaisy.a(stm32h7xx_hal_i2c.o)
                0x000000000800a908                HAL_I2C_GetState
 .text.HAL_I2CEx_ConfigAnalogFilter
                0x000000000800a910       0x54 ../../libDaisy//build/libdaisy.a(stm32h7xx_hal_i2c_ex.o)
                0x000000000800a910                HAL_I2CEx_ConfigAnalogFilter
 .text.HAL_I2CEx_ConfigDigitalFilter
                0x000000000800a964       0x58 ../../libDaisy//build/libdaisy.a(stm32h7xx_hal_i2c_ex.o)
                0x000000000800a964                HAL_I2CEx_ConfigDigitalFilter
 .text.HAL_PCD_IRQHandler
                0x000000000800a9bc      0x69c ../../libDaisy//build/libdaisy.a(stm32h7xx_hal_pcd.o)
                0x000000000800a9bc                HAL_PCD_IRQHandler
 .text.HAL_PCD_SetAddress
                0x000000000800b058       0x2c ../../libDaisy//build/libdaisy.a(stm32h7xx_hal_pcd.o)
                0x000000000800b058                HAL_PCD_SetAddress
 .text.HAL_PCD_EP_Open
                0x000000000800b084       0x7c ../../libDaisy//build/libdaisy.a(stm32h7xx_hal_pcd.o)
                0x000000000800b084                HAL_PCD_EP_Open
 .text.HAL_PCD_EP_Receive
                0x000000000800b100       0x50 ../../libDaisy//build/libdaisy.a(stm32h7xx_hal_pcd.o)
                0x000000000800b100                HAL_PCD_EP_Receive
 .text.HAL_PCD_EP_Transmit
                0x000000000800b150       0x50 ../../libDaisy//build/libdaisy.a(stm32h7xx_hal_pcd.o)
                0x000000000800b150                HAL_PCD_EP_Transmit
 .text.HAL_PCD_EP_SetStall
                0x000000000800b1a0       0x88 ../../libDaisy//build/libdaisy.a(stm32h7xx_hal_pcd.o)
                0x000000000800b1a0                HAL_PCD_EP_SetStall
 .text.HAL_PCD_EP_ClrStall
                0x000000000800b228       0x78 ../../libDaisy//build/libdaisy.a(stm32h7xx_hal_pcd.o)
                0x000000000800b228                HAL_PCD_EP_ClrStall
 .text.HAL_PCDEx_LPM_Callback
                0x000000000800b2a0        0x4 ../../libDaisy//build/libdaisy.a(stm32h7xx_hal_pcd_ex.o)
                0x000000000800b2a0                HAL_PCDEx_LPM_Callback
 .text.HAL_PWREx_ConfigSupply
                0x000000000800b2a4       0x4c ../../libDaisy//build/libdaisy.a(stm32h7xx_hal_pwr_ex.o)
                0x000000000800b2a4                HAL_PWREx_ConfigSupply
 .text.HAL_PWREx_EnableUSBVoltageDetector
                0x000000000800b2f0       0x10 ../../libDaisy//build/libdaisy.a(stm32h7xx_hal_pwr_ex.o)
                0x000000000800b2f0                HAL_PWREx_EnableUSBVoltageDetector
 .text.QSPI_Config
                0x000000000800b300      0x174 ../../libDaisy//build/libdaisy.a(stm32h7xx_hal_qspi.o)
 .text.HAL_QSPI_Init
                0x000000000800b474       0xd8 ../../libDaisy//build/libdaisy.a(stm32h7xx_hal_qspi.o)
                0x000000000800b474                HAL_QSPI_Init
 .text.HAL_QSPI_DeInit
                0x000000000800b54c       0x3c ../../libDaisy//build/libdaisy.a(stm32h7xx_hal_qspi.o)
                0x000000000800b54c                HAL_QSPI_DeInit
 .text.HAL_QSPI_Command
                0x000000000800b588       0xd4 ../../libDaisy//build/libdaisy.a(stm32h7xx_hal_qspi.o)
                0x000000000800b588                HAL_QSPI_Command
 .text.HAL_QSPI_Transmit
                0x000000000800b65c       0xfc ../../libDaisy//build/libdaisy.a(stm32h7xx_hal_qspi.o)
                0x000000000800b65c                HAL_QSPI_Transmit
 .text.HAL_QSPI_Receive
                0x000000000800b758      0x108 ../../libDaisy//build/libdaisy.a(stm32h7xx_hal_qspi.o)
                0x000000000800b758                HAL_QSPI_Receive
 .text.HAL_QSPI_AutoPolling
                0x000000000800b860       0xf0 ../../libDaisy//build/libdaisy.a(stm32h7xx_hal_qspi.o)
                0x000000000800b860                HAL_QSPI_AutoPolling
 .text.HAL_QSPI_MemoryMapped
                0x000000000800b950       0xc0 ../../libDaisy//build/libdaisy.a(stm32h7xx_hal_qspi.o)
                0x000000000800b950                HAL_QSPI_MemoryMapped
 .text.HAL_QSPI_ErrorCallback
                0x000000000800ba10        0x4 ../../libDaisy//build/libdaisy.a(stm32h7xx_hal_qspi.o)
                0x000000000800ba10                HAL_QSPI_ErrorCallback
 .text.QSPI_DMAAbortCplt
                0x000000000800ba14       0x38 ../../libDaisy//build/libdaisy.a(stm32h7xx_hal_qspi.o)
 .text.HAL_QSPI_AbortCpltCallback
                0x000000000800ba4c        0x4 ../../libDaisy//build/libdaisy.a(stm32h7xx_hal_qspi.o)
                0x000000000800ba4c                HAL_QSPI_AbortCpltCallback
 .text.HAL_QSPI_CmdCpltCallback
                0x000000000800ba50        0x4 ../../libDaisy//build/libdaisy.a(stm32h7xx_hal_qspi.o)
                0x000000000800ba50                HAL_QSPI_CmdCpltCallback
 .text.HAL_QSPI_RxCpltCallback
                0x000000000800ba54        0x4 ../../libDaisy//build/libdaisy.a(stm32h7xx_hal_qspi.o)
                0x000000000800ba54                HAL_QSPI_RxCpltCallback
 .text.HAL_QSPI_TxCpltCallback
                0x000000000800ba58        0x4 ../../libDaisy//build/libdaisy.a(stm32h7xx_hal_qspi.o)
                0x000000000800ba58                HAL_QSPI_TxCpltCallback
 .text.HAL_QSPI_FifoThresholdCallback
                0x000000000800ba5c        0x4 ../../libDaisy//build/libdaisy.a(stm32h7xx_hal_qspi.o)
                0x000000000800ba5c                HAL_QSPI_FifoThresholdCallback
 .text.HAL_QSPI_StatusMatchCallback
                0x000000000800ba60        0x4 ../../libDaisy//build/libdaisy.a(stm32h7xx_hal_qspi.o)
                0x000000000800ba60                HAL_QSPI_StatusMatchCallback
 .text.HAL_QSPI_TimeOutCallback
                0x000000000800ba64        0x4 ../../libDaisy//build/libdaisy.a(stm32h7xx_hal_qspi.o)
                0x000000000800ba64                HAL_QSPI_TimeOutCallback
 .text.HAL_QSPI_IRQHandler
                0x000000000800ba68      0x210 ../../libDaisy//build/libdaisy.a(stm32h7xx_hal_qspi.o)
                0x000000000800ba68                HAL_QSPI_IRQHandler
 .text.HAL_RCC_OscConfig
                0x000000000800bc78      0x51c ../../libDaisy//build/libdaisy.a(stm32h7xx_hal_rcc.o)
                0x000000000800bc78                HAL_RCC_OscConfig
 .text.HAL_RCC_GetSysClockFreq
                0x000000000800c194      0x140 ../../libDaisy//build/libdaisy.a(stm32h7xx_hal_rcc.o)
                0x000000000800c194                HAL_RCC_GetSysClockFreq
 .text.HAL_RCC_ClockConfig
                0x000000000800c2d4      0x234 ../../libDaisy//build/libdaisy.a(stm32h7xx_hal_rcc.o)
                0x000000000800c2d4                HAL_RCC_ClockConfig
 .text.HAL_RCC_GetHCLKFreq
                0x000000000800c508       0x2c ../../libDaisy//build/libdaisy.a(stm32h7xx_hal_rcc.o)
                0x000000000800c508                HAL_RCC_GetHCLKFreq
 .text.HAL_RCC_GetPCLK1Freq
                0x000000000800c534       0x38 ../../libDaisy//build/libdaisy.a(stm32h7xx_hal_rcc.o)
                0x000000000800c534                HAL_RCC_GetPCLK1Freq
 .text.HAL_RCC_GetPCLK2Freq
                0x000000000800c56c       0x38 ../../libDaisy//build/libdaisy.a(stm32h7xx_hal_rcc.o)
                0x000000000800c56c                HAL_RCC_GetPCLK2Freq
 .text.RCCEx_PLL2_Config
                0x000000000800c5a4       0xf4 ../../libDaisy//build/libdaisy.a(stm32h7xx_hal_rcc_ex.o)
 .text.RCCEx_PLL3_Config
                0x000000000800c698       0xf4 ../../libDaisy//build/libdaisy.a(stm32h7xx_hal_rcc_ex.o)
 .text.HAL_RCCEx_PeriphCLKConfig
                0x000000000800c78c      0xa7c ../../libDaisy//build/libdaisy.a(stm32h7xx_hal_rcc_ex.o)
                0x000000000800c78c                HAL_RCCEx_PeriphCLKConfig
 .text.HAL_RCCEx_GetD3PCLK1Freq
                0x000000000800d208       0x24 ../../libDaisy//build/libdaisy.a(stm32h7xx_hal_rcc_ex.o)
                0x000000000800d208                HAL_RCCEx_GetD3PCLK1Freq
 .text.HAL_RCCEx_GetPLL2ClockFreq
                0x000000000800d22c      0x17c ../../libDaisy//build/libdaisy.a(stm32h7xx_hal_rcc_ex.o)
                0x000000000800d22c                HAL_RCCEx_GetPLL2ClockFreq
 .text.HAL_RCCEx_GetPLL3ClockFreq
                0x000000000800d3a8      0x17c ../../libDaisy//build/libdaisy.a(stm32h7xx_hal_rcc_ex.o)
                0x000000000800d3a8                HAL_RCCEx_GetPLL3ClockFreq
 .text.HAL_RCCEx_GetPLL1ClockFreq
                0x000000000800d524      0x17c ../../libDaisy//build/libdaisy.a(stm32h7xx_hal_rcc_ex.o)
                0x000000000800d524                HAL_RCCEx_GetPLL1ClockFreq
 .text.HAL_RCCEx_GetPeriphCLKFreq
                0x000000000800d6a0      0x198 ../../libDaisy//build/libdaisy.a(stm32h7xx_hal_rcc_ex.o)
                0x000000000800d6a0                HAL_RCCEx_GetPeriphCLKFreq
 .text.HAL_RCCEx_GetD1SysClockFreq
                0x000000000800d838       0x2c ../../libDaisy//build/libdaisy.a(stm32h7xx_hal_rcc_ex.o)
                0x000000000800d838                HAL_RCCEx_GetD1SysClockFreq
 .text.HAL_SAI_Init.part.0
                0x000000000800d864      0x348 ../../libDaisy//build/libdaisy.a(stm32h7xx_hal_sai.o)
 .text.HAL_SAI_InitProtocol
                0x000000000800dbac      0x178 ../../libDaisy//build/libdaisy.a(stm32h7xx_hal_sai.o)
                0x000000000800dbac                HAL_SAI_InitProtocol
 .text.HAL_SAI_Transmit_DMA
                0x000000000800dd24      0x124 ../../libDaisy//build/libdaisy.a(stm32h7xx_hal_sai.o)
                0x000000000800dd24                HAL_SAI_Transmit_DMA
 .text.HAL_SAI_Receive_DMA
                0x000000000800de48       0xd0 ../../libDaisy//build/libdaisy.a(stm32h7xx_hal_sai.o)
                0x000000000800de48                HAL_SAI_Receive_DMA
 .text.HAL_SAI_TxCpltCallback
                0x000000000800df18        0x4 ../../libDaisy//build/libdaisy.a(stm32h7xx_hal_sai.o)
                0x000000000800df18                HAL_SAI_TxCpltCallback
 .text.SAI_DMATxCplt
                0x000000000800df1c       0x64 ../../libDaisy//build/libdaisy.a(stm32h7xx_hal_sai.o)
 .text.HAL_SAI_TxHalfCpltCallback
                0x000000000800df80        0x4 ../../libDaisy//build/libdaisy.a(stm32h7xx_hal_sai.o)
                0x000000000800df80                HAL_SAI_TxHalfCpltCallback
 .text.SAI_DMATxHalfCplt
                0x000000000800df84        0xc ../../libDaisy//build/libdaisy.a(stm32h7xx_hal_sai.o)
 .text.SAI_DMARxCplt
                0x000000000800df90       0x64 ../../libDaisy//build/libdaisy.a(stm32h7xx_hal_sai.o)
 .text.SAI_DMARxHalfCplt
                0x000000000800dff4        0xc ../../libDaisy//build/libdaisy.a(stm32h7xx_hal_sai.o)
 .text.HAL_SAI_ErrorCallback
                0x000000000800e000        0x4 ../../libDaisy//build/libdaisy.a(stm32h7xx_hal_sai.o)
                0x000000000800e000                HAL_SAI_ErrorCallback
 .text.SAI_DMAError
                0x000000000800e004       0x6c ../../libDaisy//build/libdaisy.a(stm32h7xx_hal_sai.o)
 .text.HAL_SD_TxCpltCallback
                0x000000000800e070        0x4 ../../libDaisy//build/libdaisy.a(stm32h7xx_hal_sd.o)
                0x000000000800e070                HAL_SD_TxCpltCallback
 .text.HAL_SD_RxCpltCallback
                0x000000000800e074        0x4 ../../libDaisy//build/libdaisy.a(stm32h7xx_hal_sd.o)
                0x000000000800e074                HAL_SD_RxCpltCallback
 .text.HAL_SD_ErrorCallback
                0x000000000800e078        0x4 ../../libDaisy//build/libdaisy.a(stm32h7xx_hal_sd.o)
                0x000000000800e078                HAL_SD_ErrorCallback
 .text.HAL_SDEx_Read_DMADoubleBuf0CpltCallback
                0x000000000800e07c        0x4 ../../libDaisy//build/libdaisy.a(stm32h7xx_hal_sd.o)
                0x000000000800e07c                HAL_SDEx_Read_DMADoubleBuf0CpltCallback
 .text.HAL_SDEx_Read_DMADoubleBuf1CpltCallback
                0x000000000800e080        0x4 ../../libDaisy//build/libdaisy.a(stm32h7xx_hal_sd.o)
                0x000000000800e080                HAL_SDEx_Read_DMADoubleBuf1CpltCallback
 .text.HAL_SDEx_Write_DMADoubleBuf0CpltCallback
                0x000000000800e084        0x4 ../../libDaisy//build/libdaisy.a(stm32h7xx_hal_sd.o)
                0x000000000800e084                HAL_SDEx_Write_DMADoubleBuf0CpltCallback
 .text.HAL_SDEx_Write_DMADoubleBuf1CpltCallback
                0x000000000800e088        0x4 ../../libDaisy//build/libdaisy.a(stm32h7xx_hal_sd.o)
                0x000000000800e088                HAL_SDEx_Write_DMADoubleBuf1CpltCallback
 .text.HAL_SD_IRQHandler
                0x000000000800e08c      0x248 ../../libDaisy//build/libdaisy.a(stm32h7xx_hal_sd.o)
                0x000000000800e08c                HAL_SD_IRQHandler
 .text.HAL_SDRAM_Init
                0x000000000800e2d4       0x54 ../../libDaisy//build/libdaisy.a(stm32h7xx_hal_sdram.o)
                0x000000000800e2d4                HAL_SDRAM_Init
 .text.HAL_SDRAM_SendCommand
                0x000000000800e328       0x40 ../../libDaisy//build/libdaisy.a(stm32h7xx_hal_sdram.o)
                0x000000000800e328                HAL_SDRAM_SendCommand
 .text.HAL_SDRAM_ProgramRefreshRate
                0x000000000800e368       0x30 ../../libDaisy//build/libdaisy.a(stm32h7xx_hal_sdram.o)
                0x000000000800e368                HAL_SDRAM_ProgramRefreshRate
 .text.HAL_TIM_Base_Init
                0x000000000800e398      0x140 ../../libDaisy//build/libdaisy.a(stm32h7xx_hal_tim.o)
                0x000000000800e398                HAL_TIM_Base_Init
 .text.HAL_TIM_Base_Start
                0x000000000800e4d8       0x34 ../../libDaisy//build/libdaisy.a(stm32h7xx_hal_tim.o)
                0x000000000800e4d8                HAL_TIM_Base_Start
 .text.HAL_TIM_Base_Start_IT
                0x000000000800e50c       0x2c ../../libDaisy//build/libdaisy.a(stm32h7xx_hal_tim.o)
                0x000000000800e50c                HAL_TIM_Base_Start_IT
 .text.HAL_TIM_ConfigClockSource
                0x000000000800e538      0x17c ../../libDaisy//build/libdaisy.a(stm32h7xx_hal_tim.o)
                0x000000000800e538                HAL_TIM_ConfigClockSource
 .text.HAL_TIM_OC_DelayElapsedCallback
                0x000000000800e6b4        0x4 ../../libDaisy//build/libdaisy.a(stm32h7xx_hal_tim.o)
                0x000000000800e6b4                HAL_TIM_OC_DelayElapsedCallback
 .text.HAL_TIM_IC_CaptureCallback
                0x000000000800e6b8        0x4 ../../libDaisy//build/libdaisy.a(stm32h7xx_hal_tim.o)
                0x000000000800e6b8                HAL_TIM_IC_CaptureCallback
 .text.HAL_TIM_PWM_PulseFinishedCallback
                0x000000000800e6bc        0x4 ../../libDaisy//build/libdaisy.a(stm32h7xx_hal_tim.o)
                0x000000000800e6bc                HAL_TIM_PWM_PulseFinishedCallback
 .text.HAL_TIM_TriggerCallback
                0x000000000800e6c0        0x4 ../../libDaisy//build/libdaisy.a(stm32h7xx_hal_tim.o)
                0x000000000800e6c0                HAL_TIM_TriggerCallback
 .text.HAL_TIM_IRQHandler
                0x000000000800e6c4      0x170 ../../libDaisy//build/libdaisy.a(stm32h7xx_hal_tim.o)
                0x000000000800e6c4                HAL_TIM_IRQHandler
 .text.HAL_TIMEx_MasterConfigSynchronization
                0x000000000800e834       0x64 ../../libDaisy//build/libdaisy.a(stm32h7xx_hal_tim_ex.o)
                0x000000000800e834                HAL_TIMEx_MasterConfigSynchronization
 .text.HAL_TIMEx_CommutCallback
                0x000000000800e898        0x4 ../../libDaisy//build/libdaisy.a(stm32h7xx_hal_tim_ex.o)
                0x000000000800e898                HAL_TIMEx_CommutCallback
 .text.HAL_TIMEx_BreakCallback
                0x000000000800e89c        0x4 ../../libDaisy//build/libdaisy.a(stm32h7xx_hal_tim_ex.o)
                0x000000000800e89c                HAL_TIMEx_BreakCallback
 .text.HAL_TIMEx_Break2Callback
                0x000000000800e8a0        0x4 ../../libDaisy//build/libdaisy.a(stm32h7xx_hal_tim_ex.o)
                0x000000000800e8a0                HAL_TIMEx_Break2Callback
 .text.FMC_SDRAM_Init
                0x000000000800e8a4       0x7c ../../libDaisy//build/libdaisy.a(stm32h7xx_ll_fmc.o)
                0x000000000800e8a4                FMC_SDRAM_Init
 .text.FMC_SDRAM_Timing_Init
                0x000000000800e920       0x98 ../../libDaisy//build/libdaisy.a(stm32h7xx_ll_fmc.o)
                0x000000000800e920                FMC_SDRAM_Timing_Init
 .text.FMC_SDRAM_SendCommand
                0x000000000800e9b8       0x28 ../../libDaisy//build/libdaisy.a(stm32h7xx_ll_fmc.o)
                0x000000000800e9b8                FMC_SDRAM_SendCommand
 .text.FMC_SDRAM_ProgramRefreshRate
                0x000000000800e9e0       0x1c ../../libDaisy//build/libdaisy.a(stm32h7xx_ll_fmc.o)
                0x000000000800e9e0                FMC_SDRAM_ProgramRefreshRate
 .text.SDMMC_ReadFIFO
                0x000000000800e9fc        0x8 ../../libDaisy//build/libdaisy.a(stm32h7xx_ll_sdmmc.o)
                0x000000000800e9fc                SDMMC_ReadFIFO
 .text.SDMMC_WriteFIFO
                0x000000000800ea04        0xc ../../libDaisy//build/libdaisy.a(stm32h7xx_ll_sdmmc.o)
                0x000000000800ea04                SDMMC_WriteFIFO
 .text.SDMMC_CmdStopTransfer
                0x000000000800ea10      0x168 ../../libDaisy//build/libdaisy.a(stm32h7xx_ll_sdmmc.o)
                0x000000000800ea10                SDMMC_CmdStopTransfer
 .text.USB_SetTurnaroundTime
                0x000000000800eb78      0x104 ../../libDaisy//build/libdaisy.a(stm32h7xx_ll_usb.o)
                0x000000000800eb78                USB_SetTurnaroundTime
 .text.USB_FlushTxFifo
                0x000000000800ec7c       0x34 ../../libDaisy//build/libdaisy.a(stm32h7xx_ll_usb.o)
                0x000000000800ec7c                USB_FlushTxFifo
 .text.USB_GetDevSpeed
                0x000000000800ecb0       0x24 ../../libDaisy//build/libdaisy.a(stm32h7xx_ll_usb.o)
                0x000000000800ecb0                USB_GetDevSpeed
 .text.USB_ActivateEndpoint
                0x000000000800ecd4       0x90 ../../libDaisy//build/libdaisy.a(stm32h7xx_ll_usb.o)
                0x000000000800ecd4                USB_ActivateEndpoint
 .text.USB_EPStartXfer
                0x000000000800ed64      0x230 ../../libDaisy//build/libdaisy.a(stm32h7xx_ll_usb.o)
                0x000000000800ed64                USB_EPStartXfer
 .text.USB_EP0StartXfer
                0x000000000800ef94      0x174 ../../libDaisy//build/libdaisy.a(stm32h7xx_ll_usb.o)
                0x000000000800ef94                USB_EP0StartXfer
 .text.USB_WritePacket
                0x000000000800f108       0x2c ../../libDaisy//build/libdaisy.a(stm32h7xx_ll_usb.o)
                0x000000000800f108                USB_WritePacket
 .text.USB_ReadPacket
                0x000000000800f134       0x20 ../../libDaisy//build/libdaisy.a(stm32h7xx_ll_usb.o)
                0x000000000800f134                USB_ReadPacket
 .text.USB_EPSetStall
                0x000000000800f154       0x68 ../../libDaisy//build/libdaisy.a(stm32h7xx_ll_usb.o)
                0x000000000800f154                USB_EPSetStall
 .text.USB_EPClearStall
                0x000000000800f1bc       0x58 ../../libDaisy//build/libdaisy.a(stm32h7xx_ll_usb.o)
                0x000000000800f1bc                USB_EPClearStall
 .text.USB_SetDevAddress
                0x000000000800f214       0x24 ../../libDaisy//build/libdaisy.a(stm32h7xx_ll_usb.o)
                0x000000000800f214                USB_SetDevAddress
 .text.USB_ReadInterrupts
                0x000000000800f238       0x14 ../../libDaisy//build/libdaisy.a(stm32h7xx_ll_usb.o)
                0x000000000800f238                USB_ReadInterrupts
 .text.USB_ReadDevAllOutEpInterrupt
                0x000000000800f24c       0x1c ../../libDaisy//build/libdaisy.a(stm32h7xx_ll_usb.o)
                0x000000000800f24c                USB_ReadDevAllOutEpInterrupt
 .text.USB_ReadDevAllInEpInterrupt
                0x000000000800f268       0x1c ../../libDaisy//build/libdaisy.a(stm32h7xx_ll_usb.o)
                0x000000000800f268                USB_ReadDevAllInEpInterrupt
 .text.USB_ReadDevOutEPInterrupt
                0x000000000800f284       0x1c ../../libDaisy//build/libdaisy.a(stm32h7xx_ll_usb.o)
                0x000000000800f284                USB_ReadDevOutEPInterrupt
 .text.USB_ReadDevInEPInterrupt
                0x000000000800f2a0       0x38 ../../libDaisy//build/libdaisy.a(stm32h7xx_ll_usb.o)
                0x000000000800f2a0                USB_ReadDevInEPInterrupt
 .text.USB_GetMode
                0x000000000800f2d8        0x8 ../../libDaisy//build/libdaisy.a(stm32h7xx_ll_usb.o)
                0x000000000800f2d8                USB_GetMode
 .text.USB_ActivateSetup
                0x000000000800f2e0       0x38 ../../libDaisy//build/libdaisy.a(stm32h7xx_ll_usb.o)
                0x000000000800f2e0                USB_ActivateSetup
 .text.USB_EP0_OutStart
                0x000000000800f318       0x58 ../../libDaisy//build/libdaisy.a(stm32h7xx_ll_usb.o)
                0x000000000800f318                USB_EP0_OutStart
 .text.USB_InitFSLSPClkSel
                0x000000000800f370       0x44 ../../libDaisy//build/libdaisy.a(stm32h7xx_ll_usb.o)
                0x000000000800f370                USB_InitFSLSPClkSel
 .text.USB_HC_ReadInterrupt
                0x000000000800f3b4        0x8 ../../libDaisy//build/libdaisy.a(stm32h7xx_ll_usb.o)
                0x000000000800f3b4                USB_HC_ReadInterrupt
 .text.USB_HC_Halt
                0x000000000800f3bc       0xc0 ../../libDaisy//build/libdaisy.a(stm32h7xx_ll_usb.o)
                0x000000000800f3bc                USB_HC_Halt
 .text.USB_StopHost
                0x000000000800f47c      0x2ec ../../libDaisy//build/libdaisy.a(stm32h7xx_ll_usb.o)
                0x000000000800f47c                USB_StopHost
 .text.USBD_SetClassConfig
                0x000000000800f768       0x14 ../../libDaisy//build/libdaisy.a(usbd_core.o)
                0x000000000800f768                USBD_SetClassConfig
 .text.USBD_ClrClassConfig
                0x000000000800f77c       0x10 ../../libDaisy//build/libdaisy.a(usbd_core.o)
                0x000000000800f77c                USBD_ClrClassConfig
 .text.USBD_LL_SetupStage
                0x000000000800f78c       0x5c ../../libDaisy//build/libdaisy.a(usbd_core.o)
                0x000000000800f78c                USBD_LL_SetupStage
 .text.USBD_LL_DataOutStage
                0x000000000800f7e8       0x7c ../../libDaisy//build/libdaisy.a(usbd_core.o)
                0x000000000800f7e8                USBD_LL_DataOutStage
 .text.USBD_LL_DataInStage
                0x000000000800f864       0xcc ../../libDaisy//build/libdaisy.a(usbd_core.o)
                0x000000000800f864                USBD_LL_DataInStage
 .text.USBD_LL_Reset
                0x000000000800f930       0x50 ../../libDaisy//build/libdaisy.a(usbd_core.o)
                0x000000000800f930                USBD_LL_Reset
 .text.USBD_LL_SetSpeed
                0x000000000800f980        0x8 ../../libDaisy//build/libdaisy.a(usbd_core.o)
                0x000000000800f980                USBD_LL_SetSpeed
 .text.USBD_LL_Suspend
                0x000000000800f988       0x14 ../../libDaisy//build/libdaisy.a(usbd_core.o)
                0x000000000800f988                USBD_LL_Suspend
 .text.USBD_LL_Resume
                0x000000000800f99c       0x10 ../../libDaisy//build/libdaisy.a(usbd_core.o)
                0x000000000800f99c                USBD_LL_Resume
 .text.USBD_LL_SOF
                0x000000000800f9ac       0x1c ../../libDaisy//build/libdaisy.a(usbd_core.o)
                0x000000000800f9ac                USBD_LL_SOF
 .text.USBD_LL_IsoINIncomplete
                0x000000000800f9c8        0x4 ../../libDaisy//build/libdaisy.a(usbd_core.o)
                0x000000000800f9c8                USBD_LL_IsoINIncomplete
 .text.USBD_LL_IsoOUTIncomplete
                0x000000000800f9cc        0x4 ../../libDaisy//build/libdaisy.a(usbd_core.o)
                0x000000000800f9cc                USBD_LL_IsoOUTIncomplete
 .text.USBD_LL_DevConnected
                0x000000000800f9d0        0x4 ../../libDaisy//build/libdaisy.a(usbd_core.o)
                0x000000000800f9d0                USBD_LL_DevConnected
 .text.USBD_LL_DevDisconnected
                0x000000000800f9d4       0x18 ../../libDaisy//build/libdaisy.a(usbd_core.o)
                0x000000000800f9d4                USBD_LL_DevDisconnected
 .text.USBD_StdDevReq
                0x000000000800f9ec      0x304 ../../libDaisy//build/libdaisy.a(usbd_ctlreq.o)
                0x000000000800f9ec                USBD_StdDevReq
 .text.USBD_StdItfReq
                0x000000000800fcf0       0x68 ../../libDaisy//build/libdaisy.a(usbd_ctlreq.o)
                0x000000000800fcf0                USBD_StdItfReq
 .text.USBD_StdEPReq
                0x000000000800fd58      0x13c ../../libDaisy//build/libdaisy.a(usbd_ctlreq.o)
                0x000000000800fd58                USBD_StdEPReq
 .text.USBD_ParseSetupRequest
                0x000000000800fe94       0x28 ../../libDaisy//build/libdaisy.a(usbd_ctlreq.o)
                0x000000000800fe94                USBD_ParseSetupRequest
 .text.USBD_CtlSendData
                0x000000000800febc       0x1c ../../libDaisy//build/libdaisy.a(usbd_ioreq.o)
                0x000000000800febc                USBD_CtlSendData
 .text.USBD_CtlContinueSendData
                0x000000000800fed8       0x14 ../../libDaisy//build/libdaisy.a(usbd_ioreq.o)
                0x000000000800fed8                USBD_CtlContinueSendData
 .text.USBD_CtlContinueRx
                0x000000000800feec       0x14 ../../libDaisy//build/libdaisy.a(usbd_ioreq.o)
                0x000000000800feec                USBD_CtlContinueRx
 .text.USBD_CtlSendStatus
                0x000000000800ff00       0x18 ../../libDaisy//build/libdaisy.a(usbd_ioreq.o)
                0x000000000800ff00                USBD_CtlSendStatus
 .text.USBD_CtlReceiveStatus
                0x000000000800ff18       0x18 ../../libDaisy//build/libdaisy.a(usbd_ioreq.o)
                0x000000000800ff18                USBD_CtlReceiveStatus
 .text.USBH_LL_IncTimer
                0x000000000800ff30       0x20 ../../libDaisy//build/libdaisy.a(usbh_core.o)
                0x000000000800ff30                USBH_LL_IncTimer
 .text.USBH_LL_PortEnabled
                0x000000000800ff50        0x8 ../../libDaisy//build/libdaisy.a(usbh_core.o)
                0x000000000800ff50                USBH_LL_PortEnabled
 .text.USBH_LL_PortDisabled
                0x000000000800ff58        0x8 ../../libDaisy//build/libdaisy.a(usbh_core.o)
                0x000000000800ff58                USBH_LL_PortDisabled
 .text.USBH_LL_Connect
                0x000000000800ff60       0x18 ../../libDaisy//build/libdaisy.a(usbh_core.o)
                0x000000000800ff60                USBH_LL_Connect
 .text.USBH_LL_Disconnect
                0x000000000800ff78       0x2c ../../libDaisy//build/libdaisy.a(usbh_core.o)
                0x000000000800ff78                USBH_LL_Disconnect
 .text.USBH_FreePipe
                0x000000000800ffa4       0x18 ../../libDaisy//build/libdaisy.a(usbh_pipes.o)
                0x000000000800ffa4                USBH_FreePipe
 .text._ZN5daisy6Random4InitEv
                0x000000000800ffbc       0x3c ../../libDaisy//build/libdaisy.a(rng.o)
                0x000000000800ffbc                daisy::Random::Init()
 .text._ZN5daisy9SpiHandle4Impl7InitDmaEv
                0x000000000800fff8       0xec ../../libDaisy//build/libdaisy.a(spi.o)
                0x000000000800fff8                daisy::SpiHandle::Impl::InitDma()
 .text._ZN5daisy9SpiHandle4Impl10StartDmaTxEPhjPFvPvEPFvS3_NS0_6ResultEES3_
                0x00000000080100e4       0xc8 ../../libDaisy//build/libdaisy.a(spi.o)
                0x00000000080100e4                daisy::SpiHandle::Impl::StartDmaTx(unsigned char*, unsigned int, void (*)(void*), void (*)(void*, daisy::SpiHandle::Result), void*)
 .text._ZN5daisy9SpiHandle4Impl10StartDmaRxEPhjPFvPvEPFvS3_NS0_6ResultEES3_
                0x00000000080101ac       0xc8 ../../libDaisy//build/libdaisy.a(spi.o)
                0x00000000080101ac                daisy::SpiHandle::Impl::StartDmaRx(unsigned char*, unsigned int, void (*)(void*), void (*)(void*, daisy::SpiHandle::Result), void*)
 .text._ZN5daisy9SpiHandle4Impl12StartDmaRxTxEPhS2_jPFvPvEPFvS3_NS0_6ResultEES3_
                0x0000000008010274       0xcc ../../libDaisy//build/libdaisy.a(spi.o)
                0x0000000008010274                daisy::SpiHandle::Impl::StartDmaRxTx(unsigned char*, unsigned char*, unsigned int, void (*)(void*), void (*)(void*, daisy::SpiHandle::Result), void*)
 .text._ZN5daisy9SpiHandle4Impl8InitPinsEv
                0x0000000008010340      0x274 ../../libDaisy//build/libdaisy.a(spi.o)
                0x0000000008010340                daisy::SpiHandle::Impl::InitPins()
 .text.HAL_SPI_MspInit
                0x00000000080105b4      0x1a8 ../../libDaisy//build/libdaisy.a(spi.o)
                0x00000000080105b4                HAL_SPI_MspInit
 .text.dsy_spi_global_init
                0x000000000801075c       0x80 ../../libDaisy//build/libdaisy.a(spi.o)
                0x000000000801075c                dsy_spi_global_init
 .text.SPI1_IRQHandler
                0x00000000080107dc        0xc ../../libDaisy//build/libdaisy.a(spi.o)
                0x00000000080107dc                SPI1_IRQHandler
 .text.SPI2_IRQHandler
                0x00000000080107e8        0xc ../../libDaisy//build/libdaisy.a(spi.o)
                0x00000000080107e8                SPI2_IRQHandler
 .text.SPI3_IRQHandler
                0x00000000080107f4        0xc ../../libDaisy//build/libdaisy.a(spi.o)
                0x00000000080107f4                SPI3_IRQHandler
 .text.SPI4_IRQHandler
                0x0000000008010800        0xc ../../libDaisy//build/libdaisy.a(spi.o)
                0x0000000008010800                SPI4_IRQHandler
 .text.SPI5_IRQHandler
                0x000000000801080c        0xc ../../libDaisy//build/libdaisy.a(spi.o)
                0x000000000801080c                SPI5_IRQHandler
 .text.DMA2_Stream2_IRQHandler
                0x0000000008010818       0x34 ../../libDaisy//build/libdaisy.a(spi.o)
                0x0000000008010818                DMA2_Stream2_IRQHandler
 .text.DMA2_Stream3_IRQHandler
                0x000000000801084c       0x38 ../../libDaisy//build/libdaisy.a(spi.o)
                0x000000000801084c                DMA2_Stream3_IRQHandler
 .text.HAL_SPI_TxCpltCallback
                0x0000000008010884       0xc4 ../../libDaisy//build/libdaisy.a(spi.o)
                0x0000000008010884                HAL_SPI_TxCpltCallback
 .text.HAL_SPI_RxCpltCallback
                0x0000000008010948       0xc4 ../../libDaisy//build/libdaisy.a(spi.o)
                0x0000000008010948                HAL_SPI_RxCpltCallback
 .text.HAL_SPI_TxRxCpltCallback
                0x0000000008010a0c       0xc4 ../../libDaisy//build/libdaisy.a(spi.o)
                0x0000000008010a0c                HAL_SPI_TxRxCpltCallback
 .text.HAL_SPI_ErrorCallback
                0x0000000008010ad0       0xc8 ../../libDaisy//build/libdaisy.a(spi.o)
                0x0000000008010ad0                HAL_SPI_ErrorCallback
 .text.startup._GLOBAL__sub_I__Z19MapInstanceToHandleP11SPI_TypeDef
                0x0000000008010b98      0x1b0 ../../libDaisy//build/libdaisy.a(spi.o)
 .text.HAL_TIM_Base_MspInit
                0x0000000008010d48      0x1e0 ../../libDaisy//build/libdaisy.a(tim.o)
                0x0000000008010d48                HAL_TIM_Base_MspInit
 .text.HAL_TIM_PeriodElapsedCallback
                0x0000000008010f28       0x44 ../../libDaisy//build/libdaisy.a(tim.o)
                0x0000000008010f28                HAL_TIM_PeriodElapsedCallback
 .text.TIM2_IRQHandler
                0x0000000008010f6c        0xc ../../libDaisy//build/libdaisy.a(tim.o)
                0x0000000008010f6c                TIM2_IRQHandler
 .text.TIM3_IRQHandler
                0x0000000008010f78        0xc ../../libDaisy//build/libdaisy.a(tim.o)
                0x0000000008010f78                TIM3_IRQHandler
 .text.TIM4_IRQHandler
                0x0000000008010f84        0xc ../../libDaisy//build/libdaisy.a(tim.o)
                0x0000000008010f84                TIM4_IRQHandler
 .text.TIM5_IRQHandler
                0x0000000008010f90        0xc ../../libDaisy//build/libdaisy.a(tim.o)
                0x0000000008010f90                TIM5_IRQHandler
 .text._ZN5daisy11TimerHandle4InitERKNS0_6ConfigE
                0x0000000008010f9c       0xd0 ../../libDaisy//build/libdaisy.a(tim.o)
                0x0000000008010f9c                daisy::TimerHandle::Init(daisy::TimerHandle::Config const&)
 .text._ZN5daisy11TimerHandle5StartEv
                0x000000000801106c       0x24 ../../libDaisy//build/libdaisy.a(tim.o)
                0x000000000801106c                daisy::TimerHandle::Start()
 .text.startup._GLOBAL__sub_I__ZN5daisy11TimerHandle4Impl4InitERKNS0_6ConfigE
                0x0000000008011090       0x38 ../../libDaisy//build/libdaisy.a(tim.o)
 .text._ZN5daisy11UartHandler4Impl7InitDmaEbb
                0x00000000080110c8      0x164 ../../libDaisy//build/libdaisy.a(uart.o)
                0x00000000080110c8                daisy::UartHandler::Impl::InitDma(bool, bool)
 .text._ZN5daisy11UartHandler4Impl10HandleFifoEv